<!doctype html public "-//w3c//dtd html 4.0 transitional//en">
<html><head>
<title>Static Call Graph - [.\Objects\DR-05.axf]</title></head>
<body><HR>
<H1>Static Call Graph for image .\Objects\DR-05.axf</H1><HR>
<BR><P>#&#060CALLGRAPH&#062# ARM Linker, 5060960: Last Updated: Thu Apr 30 10:57:24 2026
<BR><P>
<H3>Maximum Stack Usage =        144 bytes + Unknown(Functions without stacksize, Cycles, Untraceable Function Pointers)</H3><H3>
Call chain for Maximum Stack Depth:</H3>
__rt_entry_main &rArr; main &rArr; UART1_RecvScan &rArr; UART1_RecvDecode &rArr; APP_DecodeFrame &rArr; APP_DecodeCmd &rArr; APP_RespFrame &rArr; APP_SendFrame &rArr; UART1_SendBytes &rArr; FIFO_In &rArr; FIFO_IsFull &rArr; __aeabi_idivmod
<P>
<H3>
Functions with no stack information
</H3><UL>
 <LI><a href="#[35]">__user_initial_stackheap</a>
</UL>
</UL>
<P>
<H3>
Mutually Recursive functions
</H3> <LI><a href="#[10]">Default_Handler</a>&nbsp;&nbsp;&nbsp;&rArr;&nbsp;&nbsp;&nbsp;<a href="#[10]">Default_Handler</a><BR>
</UL>
<P>
<H3>
Function Pointers
</H3><UL>
 <LI><a href="#[15]">ACMP_IRQHandler</a> from startup_cms32f033x.o(.text) referenced from startup_cms32f033x.o(RESET)
 <LI><a href="#[14]">ADC1_IRQHandler</a> from startup_cms32f033x.o(.text) referenced from startup_cms32f033x.o(RESET)
 <LI><a href="#[11]">CCP_IRQHandler</a> from cms32f033_it.o(i.CCP_IRQHandler) referenced from startup_cms32f033x.o(RESET)
 <LI><a href="#[10]">Default_Handler</a> from startup_cms32f033x.o(.text) referenced 14 times from startup_cms32f033x.o(RESET)
 <LI><a href="#[13]">EPWM_IRQHandler</a> from cms32f033_it.o(i.EPWM_IRQHandler) referenced from startup_cms32f033x.o(RESET)
 <LI><a href="#[b]">GPIO0_IRQHandler</a> from cms32f033_it.o(i.GPIO0_IRQHandler) referenced from startup_cms32f033x.o(RESET)
 <LI><a href="#[c]">GPIO1_IRQHandler</a> from cms32f033_it.o(i.GPIO1_IRQHandler) referenced from startup_cms32f033x.o(RESET)
 <LI><a href="#[d]">GPIO2_IRQHandler</a> from cms32f033_it.o(i.GPIO2_IRQHandler) referenced from startup_cms32f033x.o(RESET)
 <LI><a href="#[e]">GPIO3_IRQHandler</a> from cms32f033_it.o(i.GPIO3_IRQHandler) referenced from startup_cms32f033x.o(RESET)
 <LI><a href="#[f]">GPIO4_IRQHandler</a> from cms32f033_it.o(i.GPIO4_IRQHandler) referenced from startup_cms32f033x.o(RESET)
 <LI><a href="#[7]">HardFault_Handler</a> from cms32f033_it.o(i.HardFault_Handler) referenced from startup_cms32f033x.o(RESET)
 <LI><a href="#[1b]">I2C_IRQHandler</a> from startup_cms32f033x.o(.text) referenced from startup_cms32f033x.o(RESET)
 <LI><a href="#[1d]">LVD_IRQHandler</a> from startup_cms32f033x.o(.text) referenced from startup_cms32f033x.o(RESET)
 <LI><a href="#[6]">NMI_Handler</a> from cms32f033_it.o(i.NMI_Handler) referenced from startup_cms32f033x.o(RESET)
 <LI><a href="#[9]">PendSV_Handler</a> from cms32f033_it.o(i.PendSV_Handler) referenced from startup_cms32f033x.o(RESET)
 <LI><a href="#[5]">Reset_Handler</a> from startup_cms32f033x.o(.text) referenced from startup_cms32f033x.o(RESET)
 <LI><a href="#[1c]">SPI_IRQHandler</a> from startup_cms32f033x.o(.text) referenced from startup_cms32f033x.o(RESET)
 <LI><a href="#[8]">SVC_Handler</a> from cms32f033_it.o(i.SVC_Handler) referenced from startup_cms32f033x.o(RESET)
 <LI><a href="#[a]">SysTick_Handler</a> from cms32f033_it.o(i.SysTick_Handler) referenced from startup_cms32f033x.o(RESET)
 <LI><a href="#[1e]">SystemInit</a> from system_cms32f033x.o(i.SystemInit) referenced from startup_cms32f033x.o(.text)
 <LI><a href="#[18]">TMR0_IRQHandler</a> from cms32f033_it.o(i.TMR0_IRQHandler) referenced from startup_cms32f033x.o(RESET)
 <LI><a href="#[19]">TMR1_IRQHandler</a> from cms32f033_it.o(i.TMR1_IRQHandler) referenced from startup_cms32f033x.o(RESET)
 <LI><a href="#[16]">UART0_IRQHandler</a> from startup_cms32f033x.o(.text) referenced from startup_cms32f033x.o(RESET)
 <LI><a href="#[17]">UART1_IRQHandler</a> from cms32f033_it.o(i.UART1_IRQHandler) referenced from startup_cms32f033x.o(RESET)
 <LI><a href="#[1a]">WDT_IRQHandler</a> from startup_cms32f033x.o(.text) referenced from startup_cms32f033x.o(RESET)
 <LI><a href="#[12]">WWDT_IRQHandler</a> from cms32f033_it.o(i.WWDT_IRQHandler) referenced from startup_cms32f033x.o(RESET)
 <LI><a href="#[20]">__main</a> from __main.o(!!!main) referenced from startup_cms32f033x.o(.text)
</UL>
<P>
<H3>
Global Symbols
</H3>
<P><STRONG><a name="[20]"></a>__main</STRONG> (Thumb, 8 bytes, Stack size 0 bytes, __main.o(!!!main))
<BR><BR>[Calls]<UL><LI><a href="#[22]">&gt;&gt;</a>&nbsp;&nbsp;&nbsp;__rt_entry
<LI><a href="#[21]">&gt;&gt;</a>&nbsp;&nbsp;&nbsp;__scatterload
</UL>

<P><STRONG><a name="[21]"></a>__scatterload</STRONG> (Thumb, 0 bytes, Stack size unknown bytes, __scatter.o(!!!scatter))
<BR><BR>[Called By]<UL><LI><a href="#[20]">&gt;&gt;</a>&nbsp;&nbsp;&nbsp;__main
</UL>

<P><STRONG><a name="[23]"></a>__scatterload_rt2</STRONG> (Thumb, 52 bytes, Stack size unknown bytes, __scatter.o(!!!scatter), UNUSED)
<BR><BR>[Calls]<UL><LI><a href="#[22]">&gt;&gt;</a>&nbsp;&nbsp;&nbsp;__rt_entry
</UL>

<P><STRONG><a name="[113]"></a>__scatterload_rt2_thumb_only</STRONG> (Thumb, 0 bytes, Stack size unknown bytes, __scatter.o(!!!scatter), UNUSED)

<P><STRONG><a name="[114]"></a>__scatterload_null</STRONG> (Thumb, 0 bytes, Stack size unknown bytes, __scatter.o(!!!scatter), UNUSED)

<P><STRONG><a name="[115]"></a>__scatterload_zeroinit</STRONG> (Thumb, 28 bytes, Stack size unknown bytes, __scatter_zi.o(!!handler_zi), UNUSED)

<P><STRONG><a name="[27]"></a>__rt_lib_init</STRONG> (Thumb, 0 bytes, Stack size unknown bytes, libinit.o(.ARM.Collect$$libinit$$00000000))
<BR><BR>[Called By]<UL><LI><a href="#[26]">&gt;&gt;</a>&nbsp;&nbsp;&nbsp;__rt_entry_li
</UL>

<P><STRONG><a name="[116]"></a>__rt_lib_init_alloca_1</STRONG> (Thumb, 0 bytes, Stack size unknown bytes, libinit2.o(.ARM.Collect$$libinit$$0000002E))

<P><STRONG><a name="[117]"></a>__rt_lib_init_argv_1</STRONG> (Thumb, 0 bytes, Stack size unknown bytes, libinit2.o(.ARM.Collect$$libinit$$0000002C))

<P><STRONG><a name="[118]"></a>__rt_lib_init_atexit_1</STRONG> (Thumb, 0 bytes, Stack size unknown bytes, libinit2.o(.ARM.Collect$$libinit$$0000001B))

<P><STRONG><a name="[119]"></a>__rt_lib_init_clock_1</STRONG> (Thumb, 0 bytes, Stack size unknown bytes, libinit2.o(.ARM.Collect$$libinit$$00000021))

<P><STRONG><a name="[11a]"></a>__rt_lib_init_cpp_1</STRONG> (Thumb, 0 bytes, Stack size unknown bytes, libinit2.o(.ARM.Collect$$libinit$$00000032))

<P><STRONG><a name="[11b]"></a>__rt_lib_init_exceptions_1</STRONG> (Thumb, 0 bytes, Stack size unknown bytes, libinit2.o(.ARM.Collect$$libinit$$00000030))

<P><STRONG><a name="[11c]"></a>__rt_lib_init_fp_1</STRONG> (Thumb, 0 bytes, Stack size unknown bytes, libinit2.o(.ARM.Collect$$libinit$$00000002))

<P><STRONG><a name="[11d]"></a>__rt_lib_init_fp_trap_1</STRONG> (Thumb, 0 bytes, Stack size unknown bytes, libinit2.o(.ARM.Collect$$libinit$$0000001F))

<P><STRONG><a name="[11e]"></a>__rt_lib_init_getenv_1</STRONG> (Thumb, 0 bytes, Stack size unknown bytes, libinit2.o(.ARM.Collect$$libinit$$00000023))

<P><STRONG><a name="[11f]"></a>__rt_lib_init_heap_1</STRONG> (Thumb, 0 bytes, Stack size unknown bytes, libinit2.o(.ARM.Collect$$libinit$$0000000A))

<P><STRONG><a name="[120]"></a>__rt_lib_init_lc_collate_1</STRONG> (Thumb, 0 bytes, Stack size unknown bytes, libinit2.o(.ARM.Collect$$libinit$$00000011))

<P><STRONG><a name="[121]"></a>__rt_lib_init_lc_ctype_1</STRONG> (Thumb, 0 bytes, Stack size unknown bytes, libinit2.o(.ARM.Collect$$libinit$$00000013))

<P><STRONG><a name="[122]"></a>__rt_lib_init_lc_monetary_1</STRONG> (Thumb, 0 bytes, Stack size unknown bytes, libinit2.o(.ARM.Collect$$libinit$$00000015))

<P><STRONG><a name="[123]"></a>__rt_lib_init_lc_numeric_1</STRONG> (Thumb, 0 bytes, Stack size unknown bytes, libinit2.o(.ARM.Collect$$libinit$$00000017))

<P><STRONG><a name="[124]"></a>__rt_lib_init_lc_time_1</STRONG> (Thumb, 0 bytes, Stack size unknown bytes, libinit2.o(.ARM.Collect$$libinit$$00000019))

<P><STRONG><a name="[125]"></a>__rt_lib_init_preinit_1</STRONG> (Thumb, 0 bytes, Stack size unknown bytes, libinit2.o(.ARM.Collect$$libinit$$00000004))

<P><STRONG><a name="[126]"></a>__rt_lib_init_rand_1</STRONG> (Thumb, 0 bytes, Stack size unknown bytes, libinit2.o(.ARM.Collect$$libinit$$0000000E))

<P><STRONG><a name="[127]"></a>__rt_lib_init_return</STRONG> (Thumb, 0 bytes, Stack size unknown bytes, libinit2.o(.ARM.Collect$$libinit$$00000033))

<P><STRONG><a name="[128]"></a>__rt_lib_init_signal_1</STRONG> (Thumb, 0 bytes, Stack size unknown bytes, libinit2.o(.ARM.Collect$$libinit$$0000001D))

<P><STRONG><a name="[129]"></a>__rt_lib_init_stdio_1</STRONG> (Thumb, 0 bytes, Stack size unknown bytes, libinit2.o(.ARM.Collect$$libinit$$00000025))

<P><STRONG><a name="[12a]"></a>__rt_lib_init_user_alloc_1</STRONG> (Thumb, 0 bytes, Stack size unknown bytes, libinit2.o(.ARM.Collect$$libinit$$0000000C))

<P><STRONG><a name="[2c]"></a>__rt_lib_shutdown</STRONG> (Thumb, 0 bytes, Stack size unknown bytes, libshutdown.o(.ARM.Collect$$libshutdown$$00000000))
<BR><BR>[Called By]<UL><LI><a href="#[2b]">&gt;&gt;</a>&nbsp;&nbsp;&nbsp;__rt_exit_ls
</UL>

<P><STRONG><a name="[12b]"></a>__rt_lib_shutdown_cpp_1</STRONG> (Thumb, 0 bytes, Stack size unknown bytes, libshutdown2.o(.ARM.Collect$$libshutdown$$00000004))

<P><STRONG><a name="[12c]"></a>__rt_lib_shutdown_fini_1</STRONG> (Thumb, 0 bytes, Stack size unknown bytes, libshutdown2.o(.ARM.Collect$$libshutdown$$00000002))

<P><STRONG><a name="[12d]"></a>__rt_lib_shutdown_fp_trap_1</STRONG> (Thumb, 0 bytes, Stack size unknown bytes, libshutdown2.o(.ARM.Collect$$libshutdown$$00000009))

<P><STRONG><a name="[12e]"></a>__rt_lib_shutdown_heap_1</STRONG> (Thumb, 0 bytes, Stack size unknown bytes, libshutdown2.o(.ARM.Collect$$libshutdown$$00000011))

<P><STRONG><a name="[12f]"></a>__rt_lib_shutdown_return</STRONG> (Thumb, 0 bytes, Stack size unknown bytes, libshutdown2.o(.ARM.Collect$$libshutdown$$00000012))

<P><STRONG><a name="[130]"></a>__rt_lib_shutdown_signal_1</STRONG> (Thumb, 0 bytes, Stack size unknown bytes, libshutdown2.o(.ARM.Collect$$libshutdown$$0000000C))

<P><STRONG><a name="[131]"></a>__rt_lib_shutdown_stdio_1</STRONG> (Thumb, 0 bytes, Stack size unknown bytes, libshutdown2.o(.ARM.Collect$$libshutdown$$00000006))

<P><STRONG><a name="[132]"></a>__rt_lib_shutdown_user_alloc_1</STRONG> (Thumb, 0 bytes, Stack size unknown bytes, libshutdown2.o(.ARM.Collect$$libshutdown$$0000000E))

<P><STRONG><a name="[22]"></a>__rt_entry</STRONG> (Thumb, 0 bytes, Stack size unknown bytes, __rtentry.o(.ARM.Collect$$rtentry$$00000000))
<BR><BR>[Called By]<UL><LI><a href="#[20]">&gt;&gt;</a>&nbsp;&nbsp;&nbsp;__main
<LI><a href="#[23]">&gt;&gt;</a>&nbsp;&nbsp;&nbsp;__scatterload_rt2
</UL>

<P><STRONG><a name="[133]"></a>__rt_entry_presh_1</STRONG> (Thumb, 0 bytes, Stack size unknown bytes, __rtentry2.o(.ARM.Collect$$rtentry$$00000002))

<P><STRONG><a name="[24]"></a>__rt_entry_sh</STRONG> (Thumb, 0 bytes, Stack size unknown bytes, __rtentry4.o(.ARM.Collect$$rtentry$$00000004))
<BR><BR>[Stack]<UL><LI>Max Depth = 8 + Unknown Stack Size
<LI>Call Chain = __rt_entry_sh &rArr; __user_setup_stackheap
</UL>
<BR>[Calls]<UL><LI><a href="#[25]">&gt;&gt;</a>&nbsp;&nbsp;&nbsp;__user_setup_stackheap
</UL>

<P><STRONG><a name="[26]"></a>__rt_entry_li</STRONG> (Thumb, 0 bytes, Stack size unknown bytes, __rtentry2.o(.ARM.Collect$$rtentry$$0000000A))
<BR><BR>[Calls]<UL><LI><a href="#[27]">&gt;&gt;</a>&nbsp;&nbsp;&nbsp;__rt_lib_init
</UL>

<P><STRONG><a name="[134]"></a>__rt_entry_postsh_1</STRONG> (Thumb, 0 bytes, Stack size unknown bytes, __rtentry2.o(.ARM.Collect$$rtentry$$00000009))

<P><STRONG><a name="[28]"></a>__rt_entry_main</STRONG> (Thumb, 0 bytes, Stack size unknown bytes, __rtentry2.o(.ARM.Collect$$rtentry$$0000000D))
<BR><BR>[Stack]<UL><LI>Max Depth = 144 + Unknown Stack Size
<LI>Call Chain = __rt_entry_main &rArr; main &rArr; UART1_RecvScan &rArr; UART1_RecvDecode &rArr; APP_DecodeFrame &rArr; APP_DecodeCmd &rArr; APP_RespFrame &rArr; APP_SendFrame &rArr; UART1_SendBytes &rArr; FIFO_In &rArr; FIFO_IsFull &rArr; __aeabi_idivmod
</UL>
<BR>[Calls]<UL><LI><a href="#[29]">&gt;&gt;</a>&nbsp;&nbsp;&nbsp;main
<LI><a href="#[2a]">&gt;&gt;</a>&nbsp;&nbsp;&nbsp;exit
</UL>

<P><STRONG><a name="[135]"></a>__rt_entry_postli_1</STRONG> (Thumb, 0 bytes, Stack size unknown bytes, __rtentry2.o(.ARM.Collect$$rtentry$$0000000C))

<P><STRONG><a name="[37]"></a>__rt_exit</STRONG> (Thumb, 0 bytes, Stack size unknown bytes, rtexit.o(.ARM.Collect$$rtexit$$00000000))
<BR><BR>[Called By]<UL><LI><a href="#[2a]">&gt;&gt;</a>&nbsp;&nbsp;&nbsp;exit
</UL>

<P><STRONG><a name="[2b]"></a>__rt_exit_ls</STRONG> (Thumb, 0 bytes, Stack size unknown bytes, rtexit2.o(.ARM.Collect$$rtexit$$00000003))
<BR><BR>[Calls]<UL><LI><a href="#[2c]">&gt;&gt;</a>&nbsp;&nbsp;&nbsp;__rt_lib_shutdown
</UL>

<P><STRONG><a name="[136]"></a>__rt_exit_prels_1</STRONG> (Thumb, 0 bytes, Stack size unknown bytes, rtexit2.o(.ARM.Collect$$rtexit$$00000002))

<P><STRONG><a name="[2d]"></a>__rt_exit_exit</STRONG> (Thumb, 0 bytes, Stack size unknown bytes, rtexit2.o(.ARM.Collect$$rtexit$$00000004))
<BR><BR>[Calls]<UL><LI><a href="#[2e]">&gt;&gt;</a>&nbsp;&nbsp;&nbsp;_sys_exit
</UL>

<P><STRONG><a name="[5]"></a>Reset_Handler</STRONG> (Thumb, 8 bytes, Stack size 0 bytes, startup_cms32f033x.o(.text))
<BR>[Address Reference Count : 1]<UL><LI> startup_cms32f033x.o(RESET)
</UL>
<P><STRONG><a name="[15]"></a>ACMP_IRQHandler</STRONG> (Thumb, 0 bytes, Stack size 0 bytes, startup_cms32f033x.o(.text))
<BR>[Address Reference Count : 1]<UL><LI> startup_cms32f033x.o(RESET)
</UL>
<P><STRONG><a name="[14]"></a>ADC1_IRQHandler</STRONG> (Thumb, 0 bytes, Stack size 0 bytes, startup_cms32f033x.o(.text))
<BR>[Address Reference Count : 1]<UL><LI> startup_cms32f033x.o(RESET)
</UL>
<P><STRONG><a name="[1b]"></a>I2C_IRQHandler</STRONG> (Thumb, 0 bytes, Stack size 0 bytes, startup_cms32f033x.o(.text))
<BR>[Address Reference Count : 1]<UL><LI> startup_cms32f033x.o(RESET)
</UL>
<P><STRONG><a name="[1d]"></a>LVD_IRQHandler</STRONG> (Thumb, 0 bytes, Stack size 0 bytes, startup_cms32f033x.o(.text))
<BR>[Address Reference Count : 1]<UL><LI> startup_cms32f033x.o(RESET)
</UL>
<P><STRONG><a name="[1c]"></a>SPI_IRQHandler</STRONG> (Thumb, 0 bytes, Stack size 0 bytes, startup_cms32f033x.o(.text))
<BR>[Address Reference Count : 1]<UL><LI> startup_cms32f033x.o(RESET)
</UL>
<P><STRONG><a name="[16]"></a>UART0_IRQHandler</STRONG> (Thumb, 0 bytes, Stack size 0 bytes, startup_cms32f033x.o(.text))
<BR>[Address Reference Count : 1]<UL><LI> startup_cms32f033x.o(RESET)
</UL>
<P><STRONG><a name="[1a]"></a>WDT_IRQHandler</STRONG> (Thumb, 0 bytes, Stack size 0 bytes, startup_cms32f033x.o(.text))
<BR>[Address Reference Count : 1]<UL><LI> startup_cms32f033x.o(RESET)
</UL>
<P><STRONG><a name="[35]"></a>__user_initial_stackheap</STRONG> (Thumb, 0 bytes, Stack size unknown bytes, startup_cms32f033x.o(.text))
<BR><BR>[Called By]<UL><LI><a href="#[25]">&gt;&gt;</a>&nbsp;&nbsp;&nbsp;__user_setup_stackheap
</UL>

<P><STRONG><a name="[137]"></a>__aeabi_uidiv</STRONG> (Thumb, 0 bytes, Stack size 0 bytes, aeabi_sdiv.o(.text), UNUSED)

<P><STRONG><a name="[71]"></a>__aeabi_uidivmod</STRONG> (Thumb, 20 bytes, Stack size 0 bytes, aeabi_sdiv.o(.text))
<BR><BR>[Called By]<UL><LI><a href="#[90]">&gt;&gt;</a>&nbsp;&nbsp;&nbsp;EMS_Cool_TempScan
<LI><a href="#[6f]">&gt;&gt;</a>&nbsp;&nbsp;&nbsp;AutoSet_WaterStreng
<LI><a href="#[53]">&gt;&gt;</a>&nbsp;&nbsp;&nbsp;CCP_ConfigDutyScale
<LI><a href="#[da]">&gt;&gt;</a>&nbsp;&nbsp;&nbsp;SystemCoreClockUpdate
<LI><a href="#[102]">&gt;&gt;</a>&nbsp;&nbsp;&nbsp;UART_ConfigRunMode
<LI><a href="#[a5]">&gt;&gt;</a>&nbsp;&nbsp;&nbsp;EPWM_ConfigChannelSymDutyScale
</UL>

<P><STRONG><a name="[138]"></a>__aeabi_idiv</STRONG> (Thumb, 0 bytes, Stack size 8 bytes, aeabi_sdiv.o(.text), UNUSED)

<P><STRONG><a name="[b1]"></a>__aeabi_idivmod</STRONG> (Thumb, 326 bytes, Stack size 8 bytes, aeabi_sdiv.o(.text))
<BR><BR>[Stack]<UL><LI>Max Depth = 8<LI>Call Chain = __aeabi_idivmod
</UL>
<BR>[Called By]<UL><LI><a href="#[c6]">&gt;&gt;</a>&nbsp;&nbsp;&nbsp;LED_DrvScan
<LI><a href="#[ed]">&gt;&gt;</a>&nbsp;&nbsp;&nbsp;Timer0_Timing1_1ms
<LI><a href="#[19]">&gt;&gt;</a>&nbsp;&nbsp;&nbsp;TMR1_IRQHandler
<LI><a href="#[b2]">&gt;&gt;</a>&nbsp;&nbsp;&nbsp;FIFO_Out
<LI><a href="#[b0]">&gt;&gt;</a>&nbsp;&nbsp;&nbsp;FIFO_IsFull
<LI><a href="#[af]">&gt;&gt;</a>&nbsp;&nbsp;&nbsp;FIFO_In
</UL>

<P><STRONG><a name="[139]"></a>__use_two_region_memory</STRONG> (Thumb, 2 bytes, Stack size 0 bytes, heapauxi.o(.text), UNUSED)

<P><STRONG><a name="[13a]"></a>__rt_heap_escrow$2region</STRONG> (Thumb, 2 bytes, Stack size 0 bytes, heapauxi.o(.text), UNUSED)

<P><STRONG><a name="[13b]"></a>__rt_heap_expand$2region</STRONG> (Thumb, 2 bytes, Stack size 0 bytes, heapauxi.o(.text), UNUSED)

<P><STRONG><a name="[10d]"></a>__aeabi_fdiv</STRONG> (Thumb, 0 bytes, Stack size 20 bytes, fdiv.o(.text))
<BR><BR>[Stack]<UL><LI>Max Depth = 20<LI>Call Chain = __aeabi_fdiv
</UL>
<BR>[Called By]<UL><LI><a href="#[91]">&gt;&gt;</a>&nbsp;&nbsp;&nbsp;temp_ConverStable
</UL>

<P><STRONG><a name="[30]"></a>_fdiv</STRONG> (Thumb, 334 bytes, Stack size 20 bytes, fdiv.o(.text), UNUSED)
<BR><BR>[Called By]<UL><LI><a href="#[2f]">&gt;&gt;</a>&nbsp;&nbsp;&nbsp;_frdiv
</UL>

<P><STRONG><a name="[2f]"></a>_frdiv</STRONG> (Thumb, 8 bytes, Stack size 0 bytes, fdiv.o(.text), UNUSED)
<BR><BR>[Calls]<UL><LI><a href="#[30]">&gt;&gt;</a>&nbsp;&nbsp;&nbsp;_fdiv
</UL>

<P><STRONG><a name="[8f]"></a>__aeabi_f2iz</STRONG> (Thumb, 0 bytes, Stack size 8 bytes, ffixi.o(.text))
<BR><BR>[Stack]<UL><LI>Max Depth = 8<LI>Call Chain = __aeabi_f2iz
</UL>
<BR>[Called By]<UL><LI><a href="#[8d]">&gt;&gt;</a>&nbsp;&nbsp;&nbsp;EMSTemp_CalcPID
<LI><a href="#[91]">&gt;&gt;</a>&nbsp;&nbsp;&nbsp;temp_ConverStable
</UL>

<P><STRONG><a name="[13c]"></a>_ffix</STRONG> (Thumb, 76 bytes, Stack size 8 bytes, ffixi.o(.text), UNUSED)

<P><STRONG><a name="[32]"></a>__aeabi_i2f_normalise</STRONG> (Thumb, 72 bytes, Stack size 0 bytes, fflti.o(.text))
<BR><BR>[Called By]<UL><LI><a href="#[33]">&gt;&gt;</a>&nbsp;&nbsp;&nbsp;__aeabi_ui2f
<LI><a href="#[31]">&gt;&gt;</a>&nbsp;&nbsp;&nbsp;__aeabi_i2f
</UL>

<P><STRONG><a name="[31]"></a>__aeabi_i2f</STRONG> (Thumb, 16 bytes, Stack size 0 bytes, fflti.o(.text))
<BR><BR>[Calls]<UL><LI><a href="#[32]">&gt;&gt;</a>&nbsp;&nbsp;&nbsp;__aeabi_i2f_normalise
</UL>
<BR>[Called By]<UL><LI><a href="#[8d]">&gt;&gt;</a>&nbsp;&nbsp;&nbsp;EMSTemp_CalcPID
<LI><a href="#[91]">&gt;&gt;</a>&nbsp;&nbsp;&nbsp;temp_ConverStable
</UL>

<P><STRONG><a name="[13d]"></a>_fflt</STRONG> (Thumb, 0 bytes, Stack size 0 bytes, fflti.o(.text), UNUSED)

<P><STRONG><a name="[33]"></a>__aeabi_ui2f</STRONG> (Thumb, 6 bytes, Stack size 0 bytes, fflti.o(.text), UNUSED)
<BR><BR>[Calls]<UL><LI><a href="#[32]">&gt;&gt;</a>&nbsp;&nbsp;&nbsp;__aeabi_i2f_normalise
</UL>

<P><STRONG><a name="[13e]"></a>_ffltu</STRONG> (Thumb, 0 bytes, Stack size 0 bytes, fflti.o(.text), UNUSED)

<P><STRONG><a name="[25]"></a>__user_setup_stackheap</STRONG> (Thumb, 62 bytes, Stack size 8 bytes, sys_stackheap_outer.o(.text))
<BR><BR>[Stack]<UL><LI>Max Depth = 8 + Unknown Stack Size
<LI>Call Chain = __user_setup_stackheap
</UL>
<BR>[Calls]<UL><LI><a href="#[35]">&gt;&gt;</a>&nbsp;&nbsp;&nbsp;__user_initial_stackheap
<LI><a href="#[34]">&gt;&gt;</a>&nbsp;&nbsp;&nbsp;__user_perproc_libspace
</UL>
<BR>[Called By]<UL><LI><a href="#[24]">&gt;&gt;</a>&nbsp;&nbsp;&nbsp;__rt_entry_sh
</UL>

<P><STRONG><a name="[2a]"></a>exit</STRONG> (Thumb, 16 bytes, Stack size 8 bytes, exit.o(.text))
<BR><BR>[Stack]<UL><LI>Max Depth = 8 + Unknown Stack Size
<LI>Call Chain = exit
</UL>
<BR>[Calls]<UL><LI><a href="#[37]">&gt;&gt;</a>&nbsp;&nbsp;&nbsp;__rt_exit
<LI><a href="#[36]">&gt;&gt;</a>&nbsp;&nbsp;&nbsp;_call_atexit_fns (Weak Reference)
</UL>
<BR>[Called By]<UL><LI><a href="#[28]">&gt;&gt;</a>&nbsp;&nbsp;&nbsp;__rt_entry_main
</UL>

<P><STRONG><a name="[13f]"></a>__user_libspace</STRONG> (Thumb, 8 bytes, Stack size 0 bytes, libspace.o(.text), UNUSED)

<P><STRONG><a name="[34]"></a>__user_perproc_libspace</STRONG> (Thumb, 0 bytes, Stack size 0 bytes, libspace.o(.text))
<BR><BR>[Called By]<UL><LI><a href="#[25]">&gt;&gt;</a>&nbsp;&nbsp;&nbsp;__user_setup_stackheap
</UL>

<P><STRONG><a name="[140]"></a>__user_perthread_libspace</STRONG> (Thumb, 0 bytes, Stack size 0 bytes, libspace.o(.text), UNUSED)

<P><STRONG><a name="[2e]"></a>_sys_exit</STRONG> (Thumb, 8 bytes, Stack size 0 bytes, sys_exit.o(.text))
<BR><BR>[Called By]<UL><LI><a href="#[2d]">&gt;&gt;</a>&nbsp;&nbsp;&nbsp;__rt_exit_exit
</UL>

<P><STRONG><a name="[141]"></a>__I$use$semihosting</STRONG> (Thumb, 0 bytes, Stack size 0 bytes, use_no_semi.o(.text), UNUSED)

<P><STRONG><a name="[142]"></a>__use_no_semihosting_swi</STRONG> (Thumb, 2 bytes, Stack size 0 bytes, use_no_semi.o(.text), UNUSED)

<P><STRONG><a name="[143]"></a>__decompress</STRONG> (Thumb, 0 bytes, Stack size unknown bytes, __dczerorl2.o(.text), UNUSED)

<P><STRONG><a name="[144]"></a>__decompress1</STRONG> (Thumb, 86 bytes, Stack size unknown bytes, __dczerorl2.o(.text), UNUSED)

<P><STRONG><a name="[145]"></a>__semihosting_library_function</STRONG> (Thumb, 0 bytes, Stack size unknown bytes, indicate_semi.o(.text), UNUSED)

<P><STRONG><a name="[38]"></a>ADC1_ConfigPinAN</STRONG> (Thumb, 440 bytes, Stack size 4 bytes, psfr_adc.o(i.ADC1_ConfigPinAN))
<BR><BR>[Stack]<UL><LI>Max Depth = 12<LI>Call Chain = ADC1_ConfigPinAN &rArr; __ARM_common_switch8
</UL>
<BR>[Calls]<UL><LI><a href="#[39]">&gt;&gt;</a>&nbsp;&nbsp;&nbsp;__ARM_common_switch8
</UL>
<BR>[Called By]<UL><LI><a href="#[3b]">&gt;&gt;</a>&nbsp;&nbsp;&nbsp;ADC_Init
</UL>

<P><STRONG><a name="[41]"></a>ADC1_ConfigRunMode</STRONG> (Thumb, 52 bytes, Stack size 8 bytes, psfr_adc.o(i.ADC1_ConfigRunMode))
<BR><BR>[Stack]<UL><LI>Max Depth = 8<LI>Call Chain = ADC1_ConfigRunMode
</UL>
<BR>[Called By]<UL><LI><a href="#[3b]">&gt;&gt;</a>&nbsp;&nbsp;&nbsp;ADC_Init
</UL>

<P><STRONG><a name="[42]"></a>ADC1_DisableChannelInt</STRONG> (Thumb, 22 bytes, Stack size 0 bytes, psfr_adc.o(i.ADC1_DisableChannelInt))
<BR><BR>[Called By]<UL><LI><a href="#[3b]">&gt;&gt;</a>&nbsp;&nbsp;&nbsp;ADC_Init
</UL>

<P><STRONG><a name="[47]"></a>ADC1_EnableAdjust</STRONG> (Thumb, 28 bytes, Stack size 0 bytes, psfr_adc.o(i.ADC1_EnableAdjust))
<BR><BR>[Called By]<UL><LI><a href="#[3b]">&gt;&gt;</a>&nbsp;&nbsp;&nbsp;ADC_Init
</UL>

<P><STRONG><a name="[43]"></a>ADC1_EnableScanChannel</STRONG> (Thumb, 22 bytes, Stack size 0 bytes, psfr_adc.o(i.ADC1_EnableScanChannel))
<BR><BR>[Called By]<UL><LI><a href="#[3b]">&gt;&gt;</a>&nbsp;&nbsp;&nbsp;ADC_Init
</UL>

<P><STRONG><a name="[3f]"></a>ADC1_GetResult</STRONG> (Thumb, 14 bytes, Stack size 0 bytes, psfr_adc.o(i.ADC1_GetResult))
<BR><BR>[Called By]<UL><LI><a href="#[3e]">&gt;&gt;</a>&nbsp;&nbsp;&nbsp;ADC_ConverStable
</UL>

<P><STRONG><a name="[3c]"></a>ADC1_SetAN30Channel</STRONG> (Thumb, 38 bytes, Stack size 0 bytes, psfr_adc.o(i.ADC1_SetAN30Channel))
<BR><BR>[Called By]<UL><LI><a href="#[3a]">&gt;&gt;</a>&nbsp;&nbsp;&nbsp;ADC_Config
</UL>

<P><STRONG><a name="[45]"></a>ADC1_Start</STRONG> (Thumb, 28 bytes, Stack size 0 bytes, psfr_adc.o(i.ADC1_Start))
<BR><BR>[Called By]<UL><LI><a href="#[3b]">&gt;&gt;</a>&nbsp;&nbsp;&nbsp;ADC_Init
</UL>

<P><STRONG><a name="[46]"></a>ADC1_StartAdjust</STRONG> (Thumb, 44 bytes, Stack size 0 bytes, psfr_adc.o(i.ADC1_StartAdjust))
<BR><BR>[Called By]<UL><LI><a href="#[3b]">&gt;&gt;</a>&nbsp;&nbsp;&nbsp;ADC_Init
</UL>

<P><STRONG><a name="[3a]"></a>ADC_Config</STRONG> (Thumb, 28 bytes, Stack size 16 bytes, adc.o(i.ADC_Config))
<BR><BR>[Stack]<UL><LI>Max Depth = 44<LI>Call Chain = ADC_Config &rArr; ADC_Init &rArr; ADC1_ConfigPinAN &rArr; __ARM_common_switch8
</UL>
<BR>[Calls]<UL><LI><a href="#[3c]">&gt;&gt;</a>&nbsp;&nbsp;&nbsp;ADC1_SetAN30Channel
<LI><a href="#[3b]">&gt;&gt;</a>&nbsp;&nbsp;&nbsp;ADC_Init
<LI><a href="#[3d]">&gt;&gt;</a>&nbsp;&nbsp;&nbsp;NVIC_SetPriority
</UL>
<BR>[Called By]<UL><LI><a href="#[29]">&gt;&gt;</a>&nbsp;&nbsp;&nbsp;main
</UL>

<P><STRONG><a name="[3e]"></a>ADC_ConverStable</STRONG> (Thumb, 150 bytes, Stack size 32 bytes, templist.o(i.ADC_ConverStable))
<BR><BR>[Stack]<UL><LI>Max Depth = 32<LI>Call Chain = ADC_ConverStable
</UL>
<BR>[Calls]<UL><LI><a href="#[3f]">&gt;&gt;</a>&nbsp;&nbsp;&nbsp;ADC1_GetResult
</UL>
<BR>[Called By]<UL><LI><a href="#[91]">&gt;&gt;</a>&nbsp;&nbsp;&nbsp;temp_ConverStable
</UL>

<P><STRONG><a name="[3b]"></a>ADC_Init</STRONG> (Thumb, 90 bytes, Stack size 16 bytes, adc.o(i.ADC_Init))
<BR><BR>[Stack]<UL><LI>Max Depth = 28<LI>Call Chain = ADC_Init &rArr; ADC1_ConfigPinAN &rArr; __ARM_common_switch8
</UL>
<BR>[Calls]<UL><LI><a href="#[40]">&gt;&gt;</a>&nbsp;&nbsp;&nbsp;SYS_EnablePeripheralClk
<LI><a href="#[46]">&gt;&gt;</a>&nbsp;&nbsp;&nbsp;ADC1_StartAdjust
<LI><a href="#[45]">&gt;&gt;</a>&nbsp;&nbsp;&nbsp;ADC1_Start
<LI><a href="#[43]">&gt;&gt;</a>&nbsp;&nbsp;&nbsp;ADC1_EnableScanChannel
<LI><a href="#[47]">&gt;&gt;</a>&nbsp;&nbsp;&nbsp;ADC1_EnableAdjust
<LI><a href="#[42]">&gt;&gt;</a>&nbsp;&nbsp;&nbsp;ADC1_DisableChannelInt
<LI><a href="#[41]">&gt;&gt;</a>&nbsp;&nbsp;&nbsp;ADC1_ConfigRunMode
<LI><a href="#[38]">&gt;&gt;</a>&nbsp;&nbsp;&nbsp;ADC1_ConfigPinAN
<LI><a href="#[44]">&gt;&gt;</a>&nbsp;&nbsp;&nbsp;ADC_SetFilter
<LI><a href="#[48]">&gt;&gt;</a>&nbsp;&nbsp;&nbsp;ADC1_Go
</UL>
<BR>[Called By]<UL><LI><a href="#[3a]">&gt;&gt;</a>&nbsp;&nbsp;&nbsp;ADC_Config
</UL>

<P><STRONG><a name="[44]"></a>ADC_SetFilter</STRONG> (Thumb, 22 bytes, Stack size 0 bytes, adc.o(i.ADC_SetFilter))
<BR><BR>[Called By]<UL><LI><a href="#[3b]">&gt;&gt;</a>&nbsp;&nbsp;&nbsp;ADC_Init
</UL>

<P><STRONG><a name="[49]"></a>APP_DecodeCmd</STRONG> (Thumb, 1974 bytes, Stack size 16 bytes, protocol_app.o(i.APP_DecodeCmd))
<BR><BR>[Stack]<UL><LI>Max Depth = 96<LI>Call Chain = APP_DecodeCmd &rArr; APP_RespFrame &rArr; APP_SendFrame &rArr; UART1_SendBytes &rArr; FIFO_In &rArr; FIFO_IsFull &rArr; __aeabi_idivmod
</UL>
<BR>[Calls]<UL><LI><a href="#[5b]">&gt;&gt;</a>&nbsp;&nbsp;&nbsp;TMR_Start
<LI><a href="#[4d]">&gt;&gt;</a>&nbsp;&nbsp;&nbsp;TICK_Stop
<LI><a href="#[54]">&gt;&gt;</a>&nbsp;&nbsp;&nbsp;LED_On
<LI><a href="#[51]">&gt;&gt;</a>&nbsp;&nbsp;&nbsp;EPT_Current_GPIO_Config
<LI><a href="#[4f]">&gt;&gt;</a>&nbsp;&nbsp;&nbsp;EPWM_Config
<LI><a href="#[5f]">&gt;&gt;</a>&nbsp;&nbsp;&nbsp;CCP_Config_PWM_Mode
<LI><a href="#[5d]">&gt;&gt;</a>&nbsp;&nbsp;&nbsp;EPWM_Start
<LI><a href="#[4b]">&gt;&gt;</a>&nbsp;&nbsp;&nbsp;TMR_Stop
<LI><a href="#[52]">&gt;&gt;</a>&nbsp;&nbsp;&nbsp;Refr_EMSIonStreng
<LI><a href="#[4c]">&gt;&gt;</a>&nbsp;&nbsp;&nbsp;EPWM_Stop
<LI><a href="#[4a]">&gt;&gt;</a>&nbsp;&nbsp;&nbsp;CCP_Stop
<LI><a href="#[53]">&gt;&gt;</a>&nbsp;&nbsp;&nbsp;CCP_ConfigDutyScale
<LI><a href="#[55]">&gt;&gt;</a>&nbsp;&nbsp;&nbsp;CCP_Start
<LI><a href="#[65]">&gt;&gt;</a>&nbsp;&nbsp;&nbsp;LED_Blink
<LI><a href="#[64]">&gt;&gt;</a>&nbsp;&nbsp;&nbsp;BEEP_ShortPress
<LI><a href="#[60]">&gt;&gt;</a>&nbsp;&nbsp;&nbsp;TICK_Start
<LI><a href="#[61]">&gt;&gt;</a>&nbsp;&nbsp;&nbsp;SNE_Current_GPIO_Config
<LI><a href="#[5e]">&gt;&gt;</a>&nbsp;&nbsp;&nbsp;SN74HC21D_StopAll
<LI><a href="#[5c]">&gt;&gt;</a>&nbsp;&nbsp;&nbsp;SN74HC21D_OpenB
<LI><a href="#[50]">&gt;&gt;</a>&nbsp;&nbsp;&nbsp;K1_Current_GPIO_Config
<LI><a href="#[62]">&gt;&gt;</a>&nbsp;&nbsp;&nbsp;HeatDissipation_On
<LI><a href="#[63]">&gt;&gt;</a>&nbsp;&nbsp;&nbsp;HeatDissipation_Off
<LI><a href="#[66]">&gt;&gt;</a>&nbsp;&nbsp;&nbsp;APP_RespFrame
<LI><a href="#[58]">&gt;&gt;</a>&nbsp;&nbsp;&nbsp;EMS_Wave_6
<LI><a href="#[59]">&gt;&gt;</a>&nbsp;&nbsp;&nbsp;EMS_Wave_3_6_Stop
<LI><a href="#[57]">&gt;&gt;</a>&nbsp;&nbsp;&nbsp;EMS_Wave_3
<LI><a href="#[5a]">&gt;&gt;</a>&nbsp;&nbsp;&nbsp;EMS_Wave_1_Stop
<LI><a href="#[56]">&gt;&gt;</a>&nbsp;&nbsp;&nbsp;EMS_Wave_1
<LI><a href="#[4e]">&gt;&gt;</a>&nbsp;&nbsp;&nbsp;EMS_GPIO_Config
</UL>
<BR>[Called By]<UL><LI><a href="#[67]">&gt;&gt;</a>&nbsp;&nbsp;&nbsp;APP_DecodeFrame
</UL>

<P><STRONG><a name="[67]"></a>APP_DecodeFrame</STRONG> (Thumb, 184 bytes, Stack size 24 bytes, protocol_app.o(i.APP_DecodeFrame))
<BR><BR>[Stack]<UL><LI>Max Depth = 120<LI>Call Chain = APP_DecodeFrame &rArr; APP_DecodeCmd &rArr; APP_RespFrame &rArr; APP_SendFrame &rArr; UART1_SendBytes &rArr; FIFO_In &rArr; FIFO_IsFull &rArr; __aeabi_idivmod
</UL>
<BR>[Calls]<UL><LI><a href="#[39]">&gt;&gt;</a>&nbsp;&nbsp;&nbsp;__ARM_common_switch8
<LI><a href="#[68]">&gt;&gt;</a>&nbsp;&nbsp;&nbsp;CrcCalc_Crc16Modbus
<LI><a href="#[66]">&gt;&gt;</a>&nbsp;&nbsp;&nbsp;APP_RespFrame
<LI><a href="#[49]">&gt;&gt;</a>&nbsp;&nbsp;&nbsp;APP_DecodeCmd
</UL>
<BR>[Called By]<UL><LI><a href="#[104]">&gt;&gt;</a>&nbsp;&nbsp;&nbsp;UART1_RecvDecode
</UL>

<P><STRONG><a name="[66]"></a>APP_RespFrame</STRONG> (Thumb, 16 bytes, Stack size 16 bytes, protocol_app.o(i.APP_RespFrame))
<BR><BR>[Stack]<UL><LI>Max Depth = 80<LI>Call Chain = APP_RespFrame &rArr; APP_SendFrame &rArr; UART1_SendBytes &rArr; FIFO_In &rArr; FIFO_IsFull &rArr; __aeabi_idivmod
</UL>
<BR>[Calls]<UL><LI><a href="#[69]">&gt;&gt;</a>&nbsp;&nbsp;&nbsp;APP_SendFrame
</UL>
<BR>[Called By]<UL><LI><a href="#[67]">&gt;&gt;</a>&nbsp;&nbsp;&nbsp;APP_DecodeFrame
<LI><a href="#[49]">&gt;&gt;</a>&nbsp;&nbsp;&nbsp;APP_DecodeCmd
</UL>

<P><STRONG><a name="[69]"></a>APP_SendFrame</STRONG> (Thumb, 64 bytes, Stack size 16 bytes, protocol_app.o(i.APP_SendFrame))
<BR><BR>[Stack]<UL><LI>Max Depth = 64<LI>Call Chain = APP_SendFrame &rArr; UART1_SendBytes &rArr; FIFO_In &rArr; FIFO_IsFull &rArr; __aeabi_idivmod
</UL>
<BR>[Calls]<UL><LI><a href="#[6b]">&gt;&gt;</a>&nbsp;&nbsp;&nbsp;UART1_SendBytes
<LI><a href="#[6a]">&gt;&gt;</a>&nbsp;&nbsp;&nbsp;UART1_SendByte
<LI><a href="#[68]">&gt;&gt;</a>&nbsp;&nbsp;&nbsp;CrcCalc_Crc16Modbus
</UL>
<BR>[Called By]<UL><LI><a href="#[66]">&gt;&gt;</a>&nbsp;&nbsp;&nbsp;APP_RespFrame
</UL>

<P><STRONG><a name="[f8]"></a>APP_TimeOverScan</STRONG> (Thumb, 28 bytes, Stack size 0 bytes, protocol_app.o(i.APP_TimeOverScan))
<BR><BR>[Called By]<UL><LI><a href="#[f7]">&gt;&gt;</a>&nbsp;&nbsp;&nbsp;Timing1_1ms
</UL>

<P><STRONG><a name="[6c]"></a>All_GPIO_NVIC_Config</STRONG> (Thumb, 90 bytes, Stack size 8 bytes, systemconfig.o(i.All_GPIO_NVIC_Config))
<BR><BR>[Stack]<UL><LI>Max Depth = 16<LI>Call Chain = All_GPIO_NVIC_Config &rArr; NVIC_SetPriority
</UL>
<BR>[Calls]<UL><LI><a href="#[6d]">&gt;&gt;</a>&nbsp;&nbsp;&nbsp;NVIC_SetPriority
<LI><a href="#[6e]">&gt;&gt;</a>&nbsp;&nbsp;&nbsp;NVIC_EnableIRQ
</UL>
<BR>[Called By]<UL><LI><a href="#[29]">&gt;&gt;</a>&nbsp;&nbsp;&nbsp;main
</UL>

<P><STRONG><a name="[6f]"></a>AutoSet_WaterStreng</STRONG> (Thumb, 62 bytes, Stack size 32 bytes, k1ctrl.o(i.AutoSet_WaterStreng))
<BR><BR>[Stack]<UL><LI>Max Depth = 40<LI>Call Chain = AutoSet_WaterStreng &rArr; CCP_ConfigCompare
</UL>
<BR>[Calls]<UL><LI><a href="#[70]">&gt;&gt;</a>&nbsp;&nbsp;&nbsp;CCP_ReadLoad
<LI><a href="#[72]">&gt;&gt;</a>&nbsp;&nbsp;&nbsp;CCP_ConfigCompare
<LI><a href="#[71]">&gt;&gt;</a>&nbsp;&nbsp;&nbsp;__aeabi_uidivmod
</UL>
<BR>[Called By]<UL><LI><a href="#[8b]">&gt;&gt;</a>&nbsp;&nbsp;&nbsp;Choose_WaterARR_Trapezoid
<LI><a href="#[89]">&gt;&gt;</a>&nbsp;&nbsp;&nbsp;Choose_WaterARR
<LI><a href="#[ed]">&gt;&gt;</a>&nbsp;&nbsp;&nbsp;Timer0_Timing1_1ms
</UL>

<P><STRONG><a name="[7b]"></a>BEEP_Blink</STRONG> (Thumb, 26 bytes, Stack size 8 bytes, bsp_beep.o(i.BEEP_Blink))
<BR><BR>[Stack]<UL><LI>Max Depth = 8<LI>Call Chain = BEEP_Blink
</UL>
<BR>[Called By]<UL><LI><a href="#[cf]">&gt;&gt;</a>&nbsp;&nbsp;&nbsp;Old_Test
<LI><a href="#[82]">&gt;&gt;</a>&nbsp;&nbsp;&nbsp;Bluetooth_Scan
<LI><a href="#[64]">&gt;&gt;</a>&nbsp;&nbsp;&nbsp;BEEP_ShortPress
</UL>

<P><STRONG><a name="[73]"></a>BEEP_DrvScan</STRONG> (Thumb, 146 bytes, Stack size 8 bytes, bsp_beep.o(i.BEEP_DrvScan))
<BR><BR>[Stack]<UL><LI>Max Depth = 16<LI>Call Chain = BEEP_DrvScan &rArr; BEEP_OutOn
</UL>
<BR>[Calls]<UL><LI><a href="#[75]">&gt;&gt;</a>&nbsp;&nbsp;&nbsp;BEEP_OutOn
<LI><a href="#[74]">&gt;&gt;</a>&nbsp;&nbsp;&nbsp;BEEP_OutOff
</UL>
<BR>[Called By]<UL><LI><a href="#[f7]">&gt;&gt;</a>&nbsp;&nbsp;&nbsp;Timing1_1ms
</UL>

<P><STRONG><a name="[76]"></a>BEEP_GPIO_Config</STRONG> (Thumb, 62 bytes, Stack size 8 bytes, bsp_beep.o(i.BEEP_GPIO_Config))
<BR><BR>[Stack]<UL><LI>Max Depth = 8<LI>Call Chain = BEEP_GPIO_Config
</UL>
<BR>[Calls]<UL><LI><a href="#[77]">&gt;&gt;</a>&nbsp;&nbsp;&nbsp;GPIO_ResetPin
</UL>
<BR>[Called By]<UL><LI><a href="#[78]">&gt;&gt;</a>&nbsp;&nbsp;&nbsp;BEEP_Init
</UL>

<P><STRONG><a name="[78]"></a>BEEP_Init</STRONG> (Thumb, 16 bytes, Stack size 8 bytes, bsp_beep.o(i.BEEP_Init))
<BR><BR>[Stack]<UL><LI>Max Depth = 16<LI>Call Chain = BEEP_Init &rArr; BEEP_GPIO_Config
</UL>
<BR>[Calls]<UL><LI><a href="#[79]">&gt;&gt;</a>&nbsp;&nbsp;&nbsp;BEEP_SetCycleDuty
<LI><a href="#[76]">&gt;&gt;</a>&nbsp;&nbsp;&nbsp;BEEP_GPIO_Config
</UL>
<BR>[Called By]<UL><LI><a href="#[29]">&gt;&gt;</a>&nbsp;&nbsp;&nbsp;main
</UL>

<P><STRONG><a name="[74]"></a>BEEP_OutOff</STRONG> (Thumb, 14 bytes, Stack size 8 bytes, bsp_beep.o(i.BEEP_OutOff))
<BR><BR>[Stack]<UL><LI>Max Depth = 8<LI>Call Chain = BEEP_OutOff
</UL>
<BR>[Calls]<UL><LI><a href="#[77]">&gt;&gt;</a>&nbsp;&nbsp;&nbsp;GPIO_ResetPin
</UL>
<BR>[Called By]<UL><LI><a href="#[73]">&gt;&gt;</a>&nbsp;&nbsp;&nbsp;BEEP_DrvScan
</UL>

<P><STRONG><a name="[75]"></a>BEEP_OutOn</STRONG> (Thumb, 14 bytes, Stack size 8 bytes, bsp_beep.o(i.BEEP_OutOn))
<BR><BR>[Stack]<UL><LI>Max Depth = 8<LI>Call Chain = BEEP_OutOn
</UL>
<BR>[Calls]<UL><LI><a href="#[7a]">&gt;&gt;</a>&nbsp;&nbsp;&nbsp;GPIO_SetPin
</UL>
<BR>[Called By]<UL><LI><a href="#[73]">&gt;&gt;</a>&nbsp;&nbsp;&nbsp;BEEP_DrvScan
</UL>

<P><STRONG><a name="[79]"></a>BEEP_SetCycleDuty</STRONG> (Thumb, 16 bytes, Stack size 0 bytes, bsp_beep.o(i.BEEP_SetCycleDuty))
<BR><BR>[Called By]<UL><LI><a href="#[78]">&gt;&gt;</a>&nbsp;&nbsp;&nbsp;BEEP_Init
</UL>

<P><STRONG><a name="[64]"></a>BEEP_ShortPress</STRONG> (Thumb, 14 bytes, Stack size 4 bytes, bsp_beep.o(i.BEEP_ShortPress))
<BR><BR>[Stack]<UL><LI>Max Depth = 12<LI>Call Chain = BEEP_ShortPress &rArr; BEEP_Blink
</UL>
<BR>[Calls]<UL><LI><a href="#[7b]">&gt;&gt;</a>&nbsp;&nbsp;&nbsp;BEEP_Blink
</UL>
<BR>[Called By]<UL><LI><a href="#[c5]">&gt;&gt;</a>&nbsp;&nbsp;&nbsp;_KEY_Power_Press
<LI><a href="#[49]">&gt;&gt;</a>&nbsp;&nbsp;&nbsp;APP_DecodeCmd
</UL>

<P><STRONG><a name="[7c]"></a>Bluetooth_GPIO_Config</STRONG> (Thumb, 124 bytes, Stack size 8 bytes, bluetooth.o(i.Bluetooth_GPIO_Config))
<BR><BR>[Stack]<UL><LI>Max Depth = 16<LI>Call Chain = Bluetooth_GPIO_Config &rArr; Bluetooth_PowerOff
</UL>
<BR>[Calls]<UL><LI><a href="#[7e]">&gt;&gt;</a>&nbsp;&nbsp;&nbsp;Bluetooth_PowerOff
<LI><a href="#[7d]">&gt;&gt;</a>&nbsp;&nbsp;&nbsp;GPIO_DisableInt
</UL>
<BR>[Called By]<UL><LI><a href="#[29]">&gt;&gt;</a>&nbsp;&nbsp;&nbsp;main
</UL>

<P><STRONG><a name="[105]"></a>Bluetooth_GetConnect</STRONG> (Thumb, 6 bytes, Stack size 0 bytes, bluetooth.o(i.Bluetooth_GetConnect))
<BR><BR>[Called By]<UL><LI><a href="#[104]">&gt;&gt;</a>&nbsp;&nbsp;&nbsp;UART1_RecvDecode
</UL>

<P><STRONG><a name="[7f]"></a>Bluetooth_GetState</STRONG> (Thumb, 24 bytes, Stack size 8 bytes, bluetooth.o(i.Bluetooth_GetState))
<BR><BR>[Stack]<UL><LI>Max Depth = 8<LI>Call Chain = Bluetooth_GetState
</UL>
<BR>[Calls]<UL><LI><a href="#[80]">&gt;&gt;</a>&nbsp;&nbsp;&nbsp;GPIO_GetPin
</UL>
<BR>[Called By]<UL><LI><a href="#[82]">&gt;&gt;</a>&nbsp;&nbsp;&nbsp;Bluetooth_Scan
<LI><a href="#[29]">&gt;&gt;</a>&nbsp;&nbsp;&nbsp;main
</UL>

<P><STRONG><a name="[7e]"></a>Bluetooth_PowerOff</STRONG> (Thumb, 14 bytes, Stack size 8 bytes, bluetooth.o(i.Bluetooth_PowerOff))
<BR><BR>[Stack]<UL><LI>Max Depth = 8<LI>Call Chain = Bluetooth_PowerOff
</UL>
<BR>[Calls]<UL><LI><a href="#[77]">&gt;&gt;</a>&nbsp;&nbsp;&nbsp;GPIO_ResetPin
</UL>
<BR>[Called By]<UL><LI><a href="#[e2]">&gt;&gt;</a>&nbsp;&nbsp;&nbsp;SystemWorkStatusCheck
<LI><a href="#[7c]">&gt;&gt;</a>&nbsp;&nbsp;&nbsp;Bluetooth_GPIO_Config
</UL>

<P><STRONG><a name="[81]"></a>Bluetooth_PowerOn</STRONG> (Thumb, 14 bytes, Stack size 8 bytes, bluetooth.o(i.Bluetooth_PowerOn))
<BR><BR>[Stack]<UL><LI>Max Depth = 8<LI>Call Chain = Bluetooth_PowerOn
</UL>
<BR>[Calls]<UL><LI><a href="#[7a]">&gt;&gt;</a>&nbsp;&nbsp;&nbsp;GPIO_SetPin
</UL>
<BR>[Called By]<UL><LI><a href="#[e2]">&gt;&gt;</a>&nbsp;&nbsp;&nbsp;SystemWorkStatusCheck
</UL>

<P><STRONG><a name="[82]"></a>Bluetooth_Scan</STRONG> (Thumb, 114 bytes, Stack size 8 bytes, bluetooth.o(i.Bluetooth_Scan))
<BR><BR>[Stack]<UL><LI>Max Depth = 72<LI>Call Chain = Bluetooth_Scan &rArr; UART1_SendString &rArr; UART1_SendByte &rArr; FIFO_In &rArr; FIFO_IsFull &rArr; __aeabi_idivmod
</UL>
<BR>[Calls]<UL><LI><a href="#[7f]">&gt;&gt;</a>&nbsp;&nbsp;&nbsp;Bluetooth_GetState
<LI><a href="#[83]">&gt;&gt;</a>&nbsp;&nbsp;&nbsp;UART1_SendString
<LI><a href="#[7b]">&gt;&gt;</a>&nbsp;&nbsp;&nbsp;BEEP_Blink
</UL>
<BR>[Called By]<UL><LI><a href="#[f5]">&gt;&gt;</a>&nbsp;&nbsp;&nbsp;Timing1_10ms
</UL>

<P><STRONG><a name="[84]"></a>CCP_ConfigCLK</STRONG> (Thumb, 108 bytes, Stack size 12 bytes, psfr_ccp.o(i.CCP_ConfigCLK))
<BR><BR>[Stack]<UL><LI>Max Depth = 12<LI>Call Chain = CCP_ConfigCLK
</UL>
<BR>[Called By]<UL><LI><a href="#[5f]">&gt;&gt;</a>&nbsp;&nbsp;&nbsp;CCP_Config_PWM_Mode
</UL>

<P><STRONG><a name="[72]"></a>CCP_ConfigCompare</STRONG> (Thumb, 136 bytes, Stack size 8 bytes, psfr_ccp.o(i.CCP_ConfigCompare))
<BR><BR>[Stack]<UL><LI>Max Depth = 8<LI>Call Chain = CCP_ConfigCompare
</UL>
<BR>[Called By]<UL><LI><a href="#[90]">&gt;&gt;</a>&nbsp;&nbsp;&nbsp;EMS_Cool_TempScan
<LI><a href="#[6f]">&gt;&gt;</a>&nbsp;&nbsp;&nbsp;AutoSet_WaterStreng
<LI><a href="#[53]">&gt;&gt;</a>&nbsp;&nbsp;&nbsp;CCP_ConfigDutyScale
</UL>

<P><STRONG><a name="[53]"></a>CCP_ConfigDutyScale</STRONG> (Thumb, 46 bytes, Stack size 32 bytes, psfr_ccp.o(i.CCP_ConfigDutyScale))
<BR><BR>[Stack]<UL><LI>Max Depth = 40<LI>Call Chain = CCP_ConfigDutyScale &rArr; CCP_ConfigCompare
</UL>
<BR>[Calls]<UL><LI><a href="#[70]">&gt;&gt;</a>&nbsp;&nbsp;&nbsp;CCP_ReadLoad
<LI><a href="#[72]">&gt;&gt;</a>&nbsp;&nbsp;&nbsp;CCP_ConfigCompare
<LI><a href="#[71]">&gt;&gt;</a>&nbsp;&nbsp;&nbsp;__aeabi_uidivmod
</UL>
<BR>[Called By]<UL><LI><a href="#[5f]">&gt;&gt;</a>&nbsp;&nbsp;&nbsp;CCP_Config_PWM_Mode
<LI><a href="#[f6]">&gt;&gt;</a>&nbsp;&nbsp;&nbsp;Timing1_2ms
<LI><a href="#[52]">&gt;&gt;</a>&nbsp;&nbsp;&nbsp;Refr_EMSIonStreng
<LI><a href="#[29]">&gt;&gt;</a>&nbsp;&nbsp;&nbsp;main
<LI><a href="#[49]">&gt;&gt;</a>&nbsp;&nbsp;&nbsp;APP_DecodeCmd
</UL>

<P><STRONG><a name="[5f]"></a>CCP_Config_PWM_Mode</STRONG> (Thumb, 162 bytes, Stack size 8 bytes, ccp.o(i.CCP_Config_PWM_Mode))
<BR><BR>[Stack]<UL><LI>Max Depth = 48<LI>Call Chain = CCP_Config_PWM_Mode &rArr; CCP_ConfigDutyScale &rArr; CCP_ConfigCompare
</UL>
<BR>[Calls]<UL><LI><a href="#[40]">&gt;&gt;</a>&nbsp;&nbsp;&nbsp;SYS_EnablePeripheralClk
<LI><a href="#[88]">&gt;&gt;</a>&nbsp;&nbsp;&nbsp;CCP_EnableRun
<LI><a href="#[85]">&gt;&gt;</a>&nbsp;&nbsp;&nbsp;CCP_EnablePWMMode
<LI><a href="#[86]">&gt;&gt;</a>&nbsp;&nbsp;&nbsp;CCP_DisableReverseOutput
<LI><a href="#[84]">&gt;&gt;</a>&nbsp;&nbsp;&nbsp;CCP_ConfigCLK
<LI><a href="#[87]">&gt;&gt;</a>&nbsp;&nbsp;&nbsp;NVIC_SetPriority
<LI><a href="#[4a]">&gt;&gt;</a>&nbsp;&nbsp;&nbsp;CCP_Stop
<LI><a href="#[53]">&gt;&gt;</a>&nbsp;&nbsp;&nbsp;CCP_ConfigDutyScale
</UL>
<BR>[Called By]<UL><LI><a href="#[51]">&gt;&gt;</a>&nbsp;&nbsp;&nbsp;EPT_Current_GPIO_Config
<LI><a href="#[61]">&gt;&gt;</a>&nbsp;&nbsp;&nbsp;SNE_Current_GPIO_Config
<LI><a href="#[50]">&gt;&gt;</a>&nbsp;&nbsp;&nbsp;K1_Current_GPIO_Config
<LI><a href="#[49]">&gt;&gt;</a>&nbsp;&nbsp;&nbsp;APP_DecodeCmd
<LI><a href="#[4e]">&gt;&gt;</a>&nbsp;&nbsp;&nbsp;EMS_GPIO_Config
</UL>

<P><STRONG><a name="[86]"></a>CCP_DisableReverseOutput</STRONG> (Thumb, 102 bytes, Stack size 0 bytes, psfr_ccp.o(i.CCP_DisableReverseOutput))
<BR><BR>[Called By]<UL><LI><a href="#[5f]">&gt;&gt;</a>&nbsp;&nbsp;&nbsp;CCP_Config_PWM_Mode
</UL>

<P><STRONG><a name="[85]"></a>CCP_EnablePWMMode</STRONG> (Thumb, 68 bytes, Stack size 0 bytes, psfr_ccp.o(i.CCP_EnablePWMMode))
<BR><BR>[Called By]<UL><LI><a href="#[5f]">&gt;&gt;</a>&nbsp;&nbsp;&nbsp;CCP_Config_PWM_Mode
</UL>

<P><STRONG><a name="[88]"></a>CCP_EnableRun</STRONG> (Thumb, 26 bytes, Stack size 0 bytes, psfr_ccp.o(i.CCP_EnableRun))
<BR><BR>[Called By]<UL><LI><a href="#[5f]">&gt;&gt;</a>&nbsp;&nbsp;&nbsp;CCP_Config_PWM_Mode
</UL>

<P><STRONG><a name="[11]"></a>CCP_IRQHandler</STRONG> (Thumb, 2 bytes, Stack size 0 bytes, cms32f033_it.o(i.CCP_IRQHandler))
<BR>[Address Reference Count : 1]<UL><LI> startup_cms32f033x.o(RESET)
</UL>
<P><STRONG><a name="[70]"></a>CCP_ReadLoad</STRONG> (Thumb, 40 bytes, Stack size 0 bytes, psfr_ccp.o(i.CCP_ReadLoad))
<BR><BR>[Called By]<UL><LI><a href="#[90]">&gt;&gt;</a>&nbsp;&nbsp;&nbsp;EMS_Cool_TempScan
<LI><a href="#[6f]">&gt;&gt;</a>&nbsp;&nbsp;&nbsp;AutoSet_WaterStreng
<LI><a href="#[53]">&gt;&gt;</a>&nbsp;&nbsp;&nbsp;CCP_ConfigDutyScale
</UL>

<P><STRONG><a name="[55]"></a>CCP_Start</STRONG> (Thumb, 54 bytes, Stack size 0 bytes, psfr_ccp.o(i.CCP_Start))
<BR><BR>[Called By]<UL><LI><a href="#[a4]">&gt;&gt;</a>&nbsp;&nbsp;&nbsp;EMS_Heat_On
<LI><a href="#[49]">&gt;&gt;</a>&nbsp;&nbsp;&nbsp;APP_DecodeCmd
<LI><a href="#[58]">&gt;&gt;</a>&nbsp;&nbsp;&nbsp;EMS_Wave_6
<LI><a href="#[57]">&gt;&gt;</a>&nbsp;&nbsp;&nbsp;EMS_Wave_3
<LI><a href="#[56]">&gt;&gt;</a>&nbsp;&nbsp;&nbsp;EMS_Wave_1
</UL>

<P><STRONG><a name="[4a]"></a>CCP_Stop</STRONG> (Thumb, 54 bytes, Stack size 0 bytes, psfr_ccp.o(i.CCP_Stop))
<BR><BR>[Called By]<UL><LI><a href="#[5f]">&gt;&gt;</a>&nbsp;&nbsp;&nbsp;CCP_Config_PWM_Mode
<LI><a href="#[e2]">&gt;&gt;</a>&nbsp;&nbsp;&nbsp;SystemWorkStatusCheck
<LI><a href="#[a3]">&gt;&gt;</a>&nbsp;&nbsp;&nbsp;EMS_Heat_Off
<LI><a href="#[29]">&gt;&gt;</a>&nbsp;&nbsp;&nbsp;main
<LI><a href="#[49]">&gt;&gt;</a>&nbsp;&nbsp;&nbsp;APP_DecodeCmd
</UL>

<P><STRONG><a name="[89]"></a>Choose_WaterARR</STRONG> (Thumb, 304 bytes, Stack size 8 bytes, k1ctrl.o(i.Choose_WaterARR))
<BR><BR>[Stack]<UL><LI>Max Depth = 48<LI>Call Chain = Choose_WaterARR &rArr; AutoSet_WaterStreng &rArr; CCP_ConfigCompare
</UL>
<BR>[Calls]<UL><LI><a href="#[6f]">&gt;&gt;</a>&nbsp;&nbsp;&nbsp;AutoSet_WaterStreng
<LI><a href="#[5d]">&gt;&gt;</a>&nbsp;&nbsp;&nbsp;EPWM_Start
<LI><a href="#[4c]">&gt;&gt;</a>&nbsp;&nbsp;&nbsp;EPWM_Stop
<LI><a href="#[8a]">&gt;&gt;</a>&nbsp;&nbsp;&nbsp;SN74HC21D_OpenA
<LI><a href="#[5c]">&gt;&gt;</a>&nbsp;&nbsp;&nbsp;SN74HC21D_OpenB
</UL>
<BR>[Called By]<UL><LI><a href="#[ed]">&gt;&gt;</a>&nbsp;&nbsp;&nbsp;Timer0_Timing1_1ms
</UL>

<P><STRONG><a name="[8b]"></a>Choose_WaterARR_Trapezoid</STRONG> (Thumb, 392 bytes, Stack size 8 bytes, k1ctrl.o(i.Choose_WaterARR_Trapezoid))
<BR><BR>[Stack]<UL><LI>Max Depth = 48<LI>Call Chain = Choose_WaterARR_Trapezoid &rArr; AutoSet_WaterStreng &rArr; CCP_ConfigCompare
</UL>
<BR>[Calls]<UL><LI><a href="#[6f]">&gt;&gt;</a>&nbsp;&nbsp;&nbsp;AutoSet_WaterStreng
<LI><a href="#[5d]">&gt;&gt;</a>&nbsp;&nbsp;&nbsp;EPWM_Start
<LI><a href="#[4c]">&gt;&gt;</a>&nbsp;&nbsp;&nbsp;EPWM_Stop
<LI><a href="#[8a]">&gt;&gt;</a>&nbsp;&nbsp;&nbsp;SN74HC21D_OpenA
<LI><a href="#[5c]">&gt;&gt;</a>&nbsp;&nbsp;&nbsp;SN74HC21D_OpenB
</UL>
<BR>[Called By]<UL><LI><a href="#[ed]">&gt;&gt;</a>&nbsp;&nbsp;&nbsp;Timer0_Timing1_1ms
</UL>

<P><STRONG><a name="[68]"></a>CrcCalc_Crc16Modbus</STRONG> (Thumb, 90 bytes, Stack size 20 bytes, protocol_app.o(i.CrcCalc_Crc16Modbus))
<BR><BR>[Stack]<UL><LI>Max Depth = 20<LI>Call Chain = CrcCalc_Crc16Modbus
</UL>
<BR>[Called By]<UL><LI><a href="#[69]">&gt;&gt;</a>&nbsp;&nbsp;&nbsp;APP_SendFrame
<LI><a href="#[67]">&gt;&gt;</a>&nbsp;&nbsp;&nbsp;APP_DecodeFrame
</UL>

<P><STRONG><a name="[8c]"></a>CurrentCtrl_Relay_GPIO_Config</STRONG> (Thumb, 58 bytes, Stack size 8 bytes, k1ctrl.o(i.CurrentCtrl_Relay_GPIO_Config))
<BR><BR>[Stack]<UL><LI>Max Depth = 8<LI>Call Chain = CurrentCtrl_Relay_GPIO_Config
</UL>
<BR>[Calls]<UL><LI><a href="#[77]">&gt;&gt;</a>&nbsp;&nbsp;&nbsp;GPIO_ResetPin
</UL>
<BR>[Called By]<UL><LI><a href="#[29]">&gt;&gt;</a>&nbsp;&nbsp;&nbsp;main
</UL>

<P><STRONG><a name="[10a]"></a>Dveice_Init</STRONG> (Thumb, 36 bytes, Stack size 0 bytes, timer.o(i.Dveice_Init))
<BR><BR>[Called By]<UL><LI><a href="#[29]">&gt;&gt;</a>&nbsp;&nbsp;&nbsp;main
</UL>

<P><STRONG><a name="[8d]"></a>EMSTemp_CalcPID</STRONG> (Thumb, 252 bytes, Stack size 16 bytes, emspid.o(i.EMSTemp_CalcPID))
<BR><BR>[Stack]<UL><LI>Max Depth = 32<LI>Call Chain = EMSTemp_CalcPID &rArr; __aeabi_fmul
</UL>
<BR>[Calls]<UL><LI><a href="#[8e]">&gt;&gt;</a>&nbsp;&nbsp;&nbsp;__aeabi_fmul
<LI><a href="#[31]">&gt;&gt;</a>&nbsp;&nbsp;&nbsp;__aeabi_i2f
<LI><a href="#[8f]">&gt;&gt;</a>&nbsp;&nbsp;&nbsp;__aeabi_f2iz
</UL>
<BR>[Called By]<UL><LI><a href="#[90]">&gt;&gt;</a>&nbsp;&nbsp;&nbsp;EMS_Cool_TempScan
</UL>

<P><STRONG><a name="[10c]"></a>EMS_CoolPID_Init</STRONG> (Thumb, 30 bytes, Stack size 0 bytes, emspid.o(i.EMS_CoolPID_Init))
<BR><BR>[Called By]<UL><LI><a href="#[29]">&gt;&gt;</a>&nbsp;&nbsp;&nbsp;main
</UL>

<P><STRONG><a name="[90]"></a>EMS_Cool_TempScan</STRONG> (Thumb, 58 bytes, Stack size 8 bytes, emspid.o(i.EMS_Cool_TempScan))
<BR><BR>[Stack]<UL><LI>Max Depth = 72<LI>Call Chain = EMS_Cool_TempScan &rArr; temp_ConverStable &rArr; ADC_ConverStable
</UL>
<BR>[Calls]<UL><LI><a href="#[70]">&gt;&gt;</a>&nbsp;&nbsp;&nbsp;CCP_ReadLoad
<LI><a href="#[72]">&gt;&gt;</a>&nbsp;&nbsp;&nbsp;CCP_ConfigCompare
<LI><a href="#[71]">&gt;&gt;</a>&nbsp;&nbsp;&nbsp;__aeabi_uidivmod
<LI><a href="#[8d]">&gt;&gt;</a>&nbsp;&nbsp;&nbsp;EMSTemp_CalcPID
<LI><a href="#[91]">&gt;&gt;</a>&nbsp;&nbsp;&nbsp;temp_ConverStable
</UL>
<BR>[Called By]<UL><LI><a href="#[f0]">&gt;&gt;</a>&nbsp;&nbsp;&nbsp;Timing1_500ms
</UL>

<P><STRONG><a name="[92]"></a>EMS_EPWM_Config_Independent_Mode</STRONG> (Thumb, 182 bytes, Stack size 32 bytes, epwm.o(i.EMS_EPWM_Config_Independent_Mode))
<BR><BR>[Stack]<UL><LI>Max Depth = 56<LI>Call Chain = EMS_EPWM_Config_Independent_Mode &rArr; EPWM_ConfigChannelDiv &rArr; EPWM_ConfigChannelClk
</UL>
<BR>[Calls]<UL><LI><a href="#[9e]">&gt;&gt;</a>&nbsp;&nbsp;&nbsp;HWDIV_EnableUnsingedMode
<LI><a href="#[9f]">&gt;&gt;</a>&nbsp;&nbsp;&nbsp;HWDIV_Div
<LI><a href="#[96]">&gt;&gt;</a>&nbsp;&nbsp;&nbsp;EPWM_EnableUpCmpInt
<LI><a href="#[9b]">&gt;&gt;</a>&nbsp;&nbsp;&nbsp;EPWM_EnableReverseOutput
<LI><a href="#[9a]">&gt;&gt;</a>&nbsp;&nbsp;&nbsp;EPWM_EnableOutput
<LI><a href="#[97]">&gt;&gt;</a>&nbsp;&nbsp;&nbsp;EPWM_EnableDownCmpInt
<LI><a href="#[98]">&gt;&gt;</a>&nbsp;&nbsp;&nbsp;EPWM_EnableAutoLoadMode
<LI><a href="#[9c]">&gt;&gt;</a>&nbsp;&nbsp;&nbsp;EPWM_DisableReverseOutput
<LI><a href="#[a2]">&gt;&gt;</a>&nbsp;&nbsp;&nbsp;EPWM_DisableDeadZone
<LI><a href="#[93]">&gt;&gt;</a>&nbsp;&nbsp;&nbsp;EPWM_ConfigRunMode
<LI><a href="#[99]">&gt;&gt;</a>&nbsp;&nbsp;&nbsp;EPWM_ConfigLoadAndIntMode
<LI><a href="#[a1]">&gt;&gt;</a>&nbsp;&nbsp;&nbsp;EPWM_ConfigChannelSymDuty
<LI><a href="#[a0]">&gt;&gt;</a>&nbsp;&nbsp;&nbsp;EPWM_ConfigChannelPeriod
<LI><a href="#[9d]">&gt;&gt;</a>&nbsp;&nbsp;&nbsp;EPWM_ConfigChannelDiv
<LI><a href="#[95]">&gt;&gt;</a>&nbsp;&nbsp;&nbsp;NVIC_SetPriority
<LI><a href="#[94]">&gt;&gt;</a>&nbsp;&nbsp;&nbsp;NVIC_EnableIRQ
<LI><a href="#[40]">&gt;&gt;</a>&nbsp;&nbsp;&nbsp;SYS_EnablePeripheralClk
<LI><a href="#[4c]">&gt;&gt;</a>&nbsp;&nbsp;&nbsp;EPWM_Stop
</UL>
<BR>[Called By]<UL><LI><a href="#[4f]">&gt;&gt;</a>&nbsp;&nbsp;&nbsp;EPWM_Config
</UL>

<P><STRONG><a name="[4e]"></a>EMS_GPIO_Config</STRONG> (Thumb, 170 bytes, Stack size 8 bytes, emsctrl.o(i.EMS_GPIO_Config))
<BR><BR>[Stack]<UL><LI>Max Depth = 56<LI>Call Chain = EMS_GPIO_Config &rArr; CCP_Config_PWM_Mode &rArr; CCP_ConfigDutyScale &rArr; CCP_ConfigCompare
</UL>
<BR>[Calls]<UL><LI><a href="#[5f]">&gt;&gt;</a>&nbsp;&nbsp;&nbsp;CCP_Config_PWM_Mode
<LI><a href="#[7a]">&gt;&gt;</a>&nbsp;&nbsp;&nbsp;GPIO_SetPin
</UL>
<BR>[Called By]<UL><LI><a href="#[49]">&gt;&gt;</a>&nbsp;&nbsp;&nbsp;APP_DecodeCmd
</UL>

<P><STRONG><a name="[10b]"></a>EMS_Heat_GPIO_Config</STRONG> (Thumb, 12 bytes, Stack size 0 bytes, emspid.o(i.EMS_Heat_GPIO_Config))
<BR><BR>[Called By]<UL><LI><a href="#[29]">&gt;&gt;</a>&nbsp;&nbsp;&nbsp;main
</UL>

<P><STRONG><a name="[a3]"></a>EMS_Heat_Off</STRONG> (Thumb, 10 bytes, Stack size 8 bytes, emspid.o(i.EMS_Heat_Off))
<BR><BR>[Stack]<UL><LI>Max Depth = 8<LI>Call Chain = EMS_Heat_Off
</UL>
<BR>[Calls]<UL><LI><a href="#[4a]">&gt;&gt;</a>&nbsp;&nbsp;&nbsp;CCP_Stop
</UL>
<BR>[Called By]<UL><LI><a href="#[29]">&gt;&gt;</a>&nbsp;&nbsp;&nbsp;main
</UL>

<P><STRONG><a name="[a4]"></a>EMS_Heat_On</STRONG> (Thumb, 10 bytes, Stack size 8 bytes, emspid.o(i.EMS_Heat_On))
<BR><BR>[Stack]<UL><LI>Max Depth = 8<LI>Call Chain = EMS_Heat_On
</UL>
<BR>[Calls]<UL><LI><a href="#[55]">&gt;&gt;</a>&nbsp;&nbsp;&nbsp;CCP_Start
</UL>
<BR>[Called By]<UL><LI><a href="#[29]">&gt;&gt;</a>&nbsp;&nbsp;&nbsp;main
</UL>

<P><STRONG><a name="[56]"></a>EMS_Wave_1</STRONG> (Thumb, 208 bytes, Stack size 8 bytes, emsctrl.o(i.EMS_Wave_1))
<BR><BR>[Stack]<UL><LI>Max Depth = 32<LI>Call Chain = EMS_Wave_1 &rArr; EPWM_ConfigChannelSymDutyScale
</UL>
<BR>[Calls]<UL><LI><a href="#[97]">&gt;&gt;</a>&nbsp;&nbsp;&nbsp;EPWM_EnableDownCmpInt
<LI><a href="#[a0]">&gt;&gt;</a>&nbsp;&nbsp;&nbsp;EPWM_ConfigChannelPeriod
<LI><a href="#[5d]">&gt;&gt;</a>&nbsp;&nbsp;&nbsp;EPWM_Start
<LI><a href="#[a6]">&gt;&gt;</a>&nbsp;&nbsp;&nbsp;EPWM_ClearDownCmpIntFlag
<LI><a href="#[55]">&gt;&gt;</a>&nbsp;&nbsp;&nbsp;CCP_Start
<LI><a href="#[7a]">&gt;&gt;</a>&nbsp;&nbsp;&nbsp;GPIO_SetPin
<LI><a href="#[a5]">&gt;&gt;</a>&nbsp;&nbsp;&nbsp;EPWM_ConfigChannelSymDutyScale
</UL>
<BR>[Called By]<UL><LI><a href="#[49]">&gt;&gt;</a>&nbsp;&nbsp;&nbsp;APP_DecodeCmd
</UL>

<P><STRONG><a name="[5a]"></a>EMS_Wave_1_Stop</STRONG> (Thumb, 10 bytes, Stack size 8 bytes, emsctrl.o(i.EMS_Wave_1_Stop))
<BR><BR>[Stack]<UL><LI>Max Depth = 8<LI>Call Chain = EMS_Wave_1_Stop
</UL>
<BR>[Calls]<UL><LI><a href="#[4c]">&gt;&gt;</a>&nbsp;&nbsp;&nbsp;EPWM_Stop
</UL>
<BR>[Called By]<UL><LI><a href="#[49]">&gt;&gt;</a>&nbsp;&nbsp;&nbsp;APP_DecodeCmd
</UL>

<P><STRONG><a name="[57]"></a>EMS_Wave_3</STRONG> (Thumb, 222 bytes, Stack size 8 bytes, emsctrl.o(i.EMS_Wave_3))
<BR><BR>[Stack]<UL><LI>Max Depth = 32<LI>Call Chain = EMS_Wave_3 &rArr; EPWM_ConfigChannelSymDutyScale
</UL>
<BR>[Calls]<UL><LI><a href="#[97]">&gt;&gt;</a>&nbsp;&nbsp;&nbsp;EPWM_EnableDownCmpInt
<LI><a href="#[a1]">&gt;&gt;</a>&nbsp;&nbsp;&nbsp;EPWM_ConfigChannelSymDuty
<LI><a href="#[a0]">&gt;&gt;</a>&nbsp;&nbsp;&nbsp;EPWM_ConfigChannelPeriod
<LI><a href="#[5d]">&gt;&gt;</a>&nbsp;&nbsp;&nbsp;EPWM_Start
<LI><a href="#[a6]">&gt;&gt;</a>&nbsp;&nbsp;&nbsp;EPWM_ClearDownCmpIntFlag
<LI><a href="#[55]">&gt;&gt;</a>&nbsp;&nbsp;&nbsp;CCP_Start
<LI><a href="#[7a]">&gt;&gt;</a>&nbsp;&nbsp;&nbsp;GPIO_SetPin
<LI><a href="#[a5]">&gt;&gt;</a>&nbsp;&nbsp;&nbsp;EPWM_ConfigChannelSymDutyScale
</UL>
<BR>[Called By]<UL><LI><a href="#[49]">&gt;&gt;</a>&nbsp;&nbsp;&nbsp;APP_DecodeCmd
</UL>

<P><STRONG><a name="[59]"></a>EMS_Wave_3_6_Stop</STRONG> (Thumb, 10 bytes, Stack size 8 bytes, emsctrl.o(i.EMS_Wave_3_6_Stop))
<BR><BR>[Stack]<UL><LI>Max Depth = 8<LI>Call Chain = EMS_Wave_3_6_Stop
</UL>
<BR>[Calls]<UL><LI><a href="#[4c]">&gt;&gt;</a>&nbsp;&nbsp;&nbsp;EPWM_Stop
</UL>
<BR>[Called By]<UL><LI><a href="#[49]">&gt;&gt;</a>&nbsp;&nbsp;&nbsp;APP_DecodeCmd
</UL>

<P><STRONG><a name="[58]"></a>EMS_Wave_6</STRONG> (Thumb, 222 bytes, Stack size 8 bytes, emsctrl.o(i.EMS_Wave_6))
<BR><BR>[Stack]<UL><LI>Max Depth = 32<LI>Call Chain = EMS_Wave_6 &rArr; EPWM_ConfigChannelSymDutyScale
</UL>
<BR>[Calls]<UL><LI><a href="#[97]">&gt;&gt;</a>&nbsp;&nbsp;&nbsp;EPWM_EnableDownCmpInt
<LI><a href="#[a1]">&gt;&gt;</a>&nbsp;&nbsp;&nbsp;EPWM_ConfigChannelSymDuty
<LI><a href="#[a0]">&gt;&gt;</a>&nbsp;&nbsp;&nbsp;EPWM_ConfigChannelPeriod
<LI><a href="#[5d]">&gt;&gt;</a>&nbsp;&nbsp;&nbsp;EPWM_Start
<LI><a href="#[a6]">&gt;&gt;</a>&nbsp;&nbsp;&nbsp;EPWM_ClearDownCmpIntFlag
<LI><a href="#[55]">&gt;&gt;</a>&nbsp;&nbsp;&nbsp;CCP_Start
<LI><a href="#[7a]">&gt;&gt;</a>&nbsp;&nbsp;&nbsp;GPIO_SetPin
<LI><a href="#[a5]">&gt;&gt;</a>&nbsp;&nbsp;&nbsp;EPWM_ConfigChannelSymDutyScale
</UL>
<BR>[Called By]<UL><LI><a href="#[49]">&gt;&gt;</a>&nbsp;&nbsp;&nbsp;APP_DecodeCmd
</UL>

<P><STRONG><a name="[a7]"></a>EPT_ChannelAB_Off</STRONG> (Thumb, 64 bytes, Stack size 8 bytes, eptctrl.o(i.EPT_ChannelAB_Off))
<BR><BR>[Stack]<UL><LI>Max Depth = 8<LI>Call Chain = EPT_ChannelAB_Off
</UL>
<BR>[Calls]<UL><LI><a href="#[7a]">&gt;&gt;</a>&nbsp;&nbsp;&nbsp;GPIO_SetPin
<LI><a href="#[77]">&gt;&gt;</a>&nbsp;&nbsp;&nbsp;GPIO_ResetPin
</UL>
<BR>[Called By]<UL><LI><a href="#[a]">&gt;&gt;</a>&nbsp;&nbsp;&nbsp;SysTick_Handler
</UL>

<P><STRONG><a name="[a8]"></a>EPT_ChannelA_On</STRONG> (Thumb, 64 bytes, Stack size 8 bytes, eptctrl.o(i.EPT_ChannelA_On))
<BR><BR>[Stack]<UL><LI>Max Depth = 8<LI>Call Chain = EPT_ChannelA_On
</UL>
<BR>[Calls]<UL><LI><a href="#[7a]">&gt;&gt;</a>&nbsp;&nbsp;&nbsp;GPIO_SetPin
<LI><a href="#[77]">&gt;&gt;</a>&nbsp;&nbsp;&nbsp;GPIO_ResetPin
</UL>
<BR>[Called By]<UL><LI><a href="#[a]">&gt;&gt;</a>&nbsp;&nbsp;&nbsp;SysTick_Handler
</UL>

<P><STRONG><a name="[a9]"></a>EPT_ChannelB_On</STRONG> (Thumb, 64 bytes, Stack size 8 bytes, eptctrl.o(i.EPT_ChannelB_On))
<BR><BR>[Stack]<UL><LI>Max Depth = 8<LI>Call Chain = EPT_ChannelB_On
</UL>
<BR>[Calls]<UL><LI><a href="#[7a]">&gt;&gt;</a>&nbsp;&nbsp;&nbsp;GPIO_SetPin
<LI><a href="#[77]">&gt;&gt;</a>&nbsp;&nbsp;&nbsp;GPIO_ResetPin
</UL>
<BR>[Called By]<UL><LI><a href="#[a]">&gt;&gt;</a>&nbsp;&nbsp;&nbsp;SysTick_Handler
</UL>

<P><STRONG><a name="[51]"></a>EPT_Current_GPIO_Config</STRONG> (Thumb, 414 bytes, Stack size 8 bytes, eptctrl.o(i.EPT_Current_GPIO_Config))
<BR><BR>[Stack]<UL><LI>Max Depth = 56<LI>Call Chain = EPT_Current_GPIO_Config &rArr; CCP_Config_PWM_Mode &rArr; CCP_ConfigDutyScale &rArr; CCP_ConfigCompare
</UL>
<BR>[Calls]<UL><LI><a href="#[5f]">&gt;&gt;</a>&nbsp;&nbsp;&nbsp;CCP_Config_PWM_Mode
<LI><a href="#[7a]">&gt;&gt;</a>&nbsp;&nbsp;&nbsp;GPIO_SetPin
<LI><a href="#[77]">&gt;&gt;</a>&nbsp;&nbsp;&nbsp;GPIO_ResetPin
</UL>
<BR>[Called By]<UL><LI><a href="#[4f]">&gt;&gt;</a>&nbsp;&nbsp;&nbsp;EPWM_Config
<LI><a href="#[49]">&gt;&gt;</a>&nbsp;&nbsp;&nbsp;APP_DecodeCmd
</UL>

<P><STRONG><a name="[a6]"></a>EPWM_ClearDownCmpIntFlag</STRONG> (Thumb, 20 bytes, Stack size 0 bytes, psfr_epwm.o(i.EPWM_ClearDownCmpIntFlag))
<BR><BR>[Called By]<UL><LI><a href="#[13]">&gt;&gt;</a>&nbsp;&nbsp;&nbsp;EPWM_IRQHandler
<LI><a href="#[58]">&gt;&gt;</a>&nbsp;&nbsp;&nbsp;EMS_Wave_6
<LI><a href="#[57]">&gt;&gt;</a>&nbsp;&nbsp;&nbsp;EMS_Wave_3
<LI><a href="#[56]">&gt;&gt;</a>&nbsp;&nbsp;&nbsp;EMS_Wave_1
</UL>

<P><STRONG><a name="[ad]"></a>EPWM_ClearUpCmpIntFlag</STRONG> (Thumb, 20 bytes, Stack size 0 bytes, psfr_epwm.o(i.EPWM_ClearUpCmpIntFlag))
<BR><BR>[Called By]<UL><LI><a href="#[13]">&gt;&gt;</a>&nbsp;&nbsp;&nbsp;EPWM_IRQHandler
</UL>

<P><STRONG><a name="[4f]"></a>EPWM_Config</STRONG> (Thumb, 84 bytes, Stack size 8 bytes, epwm.o(i.EPWM_Config))
<BR><BR>[Stack]<UL><LI>Max Depth = 72<LI>Call Chain = EPWM_Config &rArr; EPWM_Config_Independent_Mode &rArr; EPWM_ConfigChannelDiv &rArr; EPWM_ConfigChannelClk
</UL>
<BR>[Calls]<UL><LI><a href="#[51]">&gt;&gt;</a>&nbsp;&nbsp;&nbsp;EPT_Current_GPIO_Config
<LI><a href="#[92]">&gt;&gt;</a>&nbsp;&nbsp;&nbsp;EMS_EPWM_Config_Independent_Mode
<LI><a href="#[aa]">&gt;&gt;</a>&nbsp;&nbsp;&nbsp;EPWM_Config_Independent_Mode
</UL>
<BR>[Called By]<UL><LI><a href="#[e1]">&gt;&gt;</a>&nbsp;&nbsp;&nbsp;SystemParaInit
<LI><a href="#[49]">&gt;&gt;</a>&nbsp;&nbsp;&nbsp;APP_DecodeCmd
</UL>

<P><STRONG><a name="[ab]"></a>EPWM_ConfigChannelClk</STRONG> (Thumb, 60 bytes, Stack size 8 bytes, psfr_epwm.o(i.EPWM_ConfigChannelClk))
<BR><BR>[Stack]<UL><LI>Max Depth = 8<LI>Call Chain = EPWM_ConfigChannelClk
</UL>
<BR>[Called By]<UL><LI><a href="#[9d]">&gt;&gt;</a>&nbsp;&nbsp;&nbsp;EPWM_ConfigChannelDiv
</UL>

<P><STRONG><a name="[9d]"></a>EPWM_ConfigChannelDiv</STRONG> (Thumb, 72 bytes, Stack size 16 bytes, psfr_epwm.o(i.EPWM_ConfigChannelDiv))
<BR><BR>[Stack]<UL><LI>Max Depth = 24<LI>Call Chain = EPWM_ConfigChannelDiv &rArr; EPWM_ConfigChannelClk
</UL>
<BR>[Calls]<UL><LI><a href="#[ab]">&gt;&gt;</a>&nbsp;&nbsp;&nbsp;EPWM_ConfigChannelClk
</UL>
<BR>[Called By]<UL><LI><a href="#[92]">&gt;&gt;</a>&nbsp;&nbsp;&nbsp;EMS_EPWM_Config_Independent_Mode
<LI><a href="#[aa]">&gt;&gt;</a>&nbsp;&nbsp;&nbsp;EPWM_Config_Independent_Mode
</UL>

<P><STRONG><a name="[a0]"></a>EPWM_ConfigChannelPeriod</STRONG> (Thumb, 48 bytes, Stack size 8 bytes, psfr_epwm.o(i.EPWM_ConfigChannelPeriod))
<BR><BR>[Stack]<UL><LI>Max Depth = 8<LI>Call Chain = EPWM_ConfigChannelPeriod
</UL>
<BR>[Called By]<UL><LI><a href="#[92]">&gt;&gt;</a>&nbsp;&nbsp;&nbsp;EMS_EPWM_Config_Independent_Mode
<LI><a href="#[aa]">&gt;&gt;</a>&nbsp;&nbsp;&nbsp;EPWM_Config_Independent_Mode
<LI><a href="#[58]">&gt;&gt;</a>&nbsp;&nbsp;&nbsp;EMS_Wave_6
<LI><a href="#[57]">&gt;&gt;</a>&nbsp;&nbsp;&nbsp;EMS_Wave_3
<LI><a href="#[56]">&gt;&gt;</a>&nbsp;&nbsp;&nbsp;EMS_Wave_1
</UL>

<P><STRONG><a name="[a1]"></a>EPWM_ConfigChannelSymDuty</STRONG> (Thumb, 74 bytes, Stack size 8 bytes, psfr_epwm.o(i.EPWM_ConfigChannelSymDuty))
<BR><BR>[Stack]<UL><LI>Max Depth = 8<LI>Call Chain = EPWM_ConfigChannelSymDuty
</UL>
<BR>[Called By]<UL><LI><a href="#[92]">&gt;&gt;</a>&nbsp;&nbsp;&nbsp;EMS_EPWM_Config_Independent_Mode
<LI><a href="#[aa]">&gt;&gt;</a>&nbsp;&nbsp;&nbsp;EPWM_Config_Independent_Mode
<LI><a href="#[58]">&gt;&gt;</a>&nbsp;&nbsp;&nbsp;EMS_Wave_6
<LI><a href="#[57]">&gt;&gt;</a>&nbsp;&nbsp;&nbsp;EMS_Wave_3
</UL>

<P><STRONG><a name="[a5]"></a>EPWM_ConfigChannelSymDutyScale</STRONG> (Thumb, 128 bytes, Stack size 24 bytes, psfr_epwm.o(i.EPWM_ConfigChannelSymDutyScale))
<BR><BR>[Stack]<UL><LI>Max Depth = 24<LI>Call Chain = EPWM_ConfigChannelSymDutyScale
</UL>
<BR>[Calls]<UL><LI><a href="#[71]">&gt;&gt;</a>&nbsp;&nbsp;&nbsp;__aeabi_uidivmod
</UL>
<BR>[Called By]<UL><LI><a href="#[58]">&gt;&gt;</a>&nbsp;&nbsp;&nbsp;EMS_Wave_6
<LI><a href="#[57]">&gt;&gt;</a>&nbsp;&nbsp;&nbsp;EMS_Wave_3
<LI><a href="#[56]">&gt;&gt;</a>&nbsp;&nbsp;&nbsp;EMS_Wave_1
</UL>

<P><STRONG><a name="[99]"></a>EPWM_ConfigLoadAndIntMode</STRONG> (Thumb, 58 bytes, Stack size 8 bytes, psfr_epwm.o(i.EPWM_ConfigLoadAndIntMode))
<BR><BR>[Stack]<UL><LI>Max Depth = 8<LI>Call Chain = EPWM_ConfigLoadAndIntMode
</UL>
<BR>[Called By]<UL><LI><a href="#[92]">&gt;&gt;</a>&nbsp;&nbsp;&nbsp;EMS_EPWM_Config_Independent_Mode
<LI><a href="#[aa]">&gt;&gt;</a>&nbsp;&nbsp;&nbsp;EPWM_Config_Independent_Mode
</UL>

<P><STRONG><a name="[93]"></a>EPWM_ConfigRunMode</STRONG> (Thumb, 40 bytes, Stack size 0 bytes, psfr_epwm.o(i.EPWM_ConfigRunMode))
<BR><BR>[Called By]<UL><LI><a href="#[92]">&gt;&gt;</a>&nbsp;&nbsp;&nbsp;EMS_EPWM_Config_Independent_Mode
<LI><a href="#[aa]">&gt;&gt;</a>&nbsp;&nbsp;&nbsp;EPWM_Config_Independent_Mode
</UL>

<P><STRONG><a name="[aa]"></a>EPWM_Config_Independent_Mode</STRONG> (Thumb, 254 bytes, Stack size 40 bytes, epwm.o(i.EPWM_Config_Independent_Mode))
<BR><BR>[Stack]<UL><LI>Max Depth = 64<LI>Call Chain = EPWM_Config_Independent_Mode &rArr; EPWM_ConfigChannelDiv &rArr; EPWM_ConfigChannelClk
</UL>
<BR>[Calls]<UL><LI><a href="#[9e]">&gt;&gt;</a>&nbsp;&nbsp;&nbsp;HWDIV_EnableUnsingedMode
<LI><a href="#[9f]">&gt;&gt;</a>&nbsp;&nbsp;&nbsp;HWDIV_Div
<LI><a href="#[96]">&gt;&gt;</a>&nbsp;&nbsp;&nbsp;EPWM_EnableUpCmpInt
<LI><a href="#[9a]">&gt;&gt;</a>&nbsp;&nbsp;&nbsp;EPWM_EnableOutput
<LI><a href="#[97]">&gt;&gt;</a>&nbsp;&nbsp;&nbsp;EPWM_EnableDownCmpInt
<LI><a href="#[98]">&gt;&gt;</a>&nbsp;&nbsp;&nbsp;EPWM_EnableAutoLoadMode
<LI><a href="#[9c]">&gt;&gt;</a>&nbsp;&nbsp;&nbsp;EPWM_DisableReverseOutput
<LI><a href="#[a2]">&gt;&gt;</a>&nbsp;&nbsp;&nbsp;EPWM_DisableDeadZone
<LI><a href="#[93]">&gt;&gt;</a>&nbsp;&nbsp;&nbsp;EPWM_ConfigRunMode
<LI><a href="#[99]">&gt;&gt;</a>&nbsp;&nbsp;&nbsp;EPWM_ConfigLoadAndIntMode
<LI><a href="#[a1]">&gt;&gt;</a>&nbsp;&nbsp;&nbsp;EPWM_ConfigChannelSymDuty
<LI><a href="#[a0]">&gt;&gt;</a>&nbsp;&nbsp;&nbsp;EPWM_ConfigChannelPeriod
<LI><a href="#[9d]">&gt;&gt;</a>&nbsp;&nbsp;&nbsp;EPWM_ConfigChannelDiv
<LI><a href="#[95]">&gt;&gt;</a>&nbsp;&nbsp;&nbsp;NVIC_SetPriority
<LI><a href="#[94]">&gt;&gt;</a>&nbsp;&nbsp;&nbsp;NVIC_EnableIRQ
<LI><a href="#[40]">&gt;&gt;</a>&nbsp;&nbsp;&nbsp;SYS_EnablePeripheralClk
<LI><a href="#[5d]">&gt;&gt;</a>&nbsp;&nbsp;&nbsp;EPWM_Start
<LI><a href="#[4c]">&gt;&gt;</a>&nbsp;&nbsp;&nbsp;EPWM_Stop
</UL>
<BR>[Called By]<UL><LI><a href="#[4f]">&gt;&gt;</a>&nbsp;&nbsp;&nbsp;EPWM_Config
<LI><a href="#[ed]">&gt;&gt;</a>&nbsp;&nbsp;&nbsp;Timer0_Timing1_1ms
</UL>

<P><STRONG><a name="[a2]"></a>EPWM_DisableDeadZone</STRONG> (Thumb, 116 bytes, Stack size 0 bytes, psfr_epwm.o(i.EPWM_DisableDeadZone))
<BR><BR>[Called By]<UL><LI><a href="#[92]">&gt;&gt;</a>&nbsp;&nbsp;&nbsp;EMS_EPWM_Config_Independent_Mode
<LI><a href="#[aa]">&gt;&gt;</a>&nbsp;&nbsp;&nbsp;EPWM_Config_Independent_Mode
</UL>

<P><STRONG><a name="[9c]"></a>EPWM_DisableReverseOutput</STRONG> (Thumb, 30 bytes, Stack size 0 bytes, psfr_epwm.o(i.EPWM_DisableReverseOutput))
<BR><BR>[Called By]<UL><LI><a href="#[92]">&gt;&gt;</a>&nbsp;&nbsp;&nbsp;EMS_EPWM_Config_Independent_Mode
<LI><a href="#[aa]">&gt;&gt;</a>&nbsp;&nbsp;&nbsp;EPWM_Config_Independent_Mode
</UL>

<P><STRONG><a name="[98]"></a>EPWM_EnableAutoLoadMode</STRONG> (Thumb, 28 bytes, Stack size 0 bytes, psfr_epwm.o(i.EPWM_EnableAutoLoadMode))
<BR><BR>[Called By]<UL><LI><a href="#[92]">&gt;&gt;</a>&nbsp;&nbsp;&nbsp;EMS_EPWM_Config_Independent_Mode
<LI><a href="#[aa]">&gt;&gt;</a>&nbsp;&nbsp;&nbsp;EPWM_Config_Independent_Mode
</UL>

<P><STRONG><a name="[97]"></a>EPWM_EnableDownCmpInt</STRONG> (Thumb, 24 bytes, Stack size 0 bytes, psfr_epwm.o(i.EPWM_EnableDownCmpInt))
<BR><BR>[Called By]<UL><LI><a href="#[92]">&gt;&gt;</a>&nbsp;&nbsp;&nbsp;EMS_EPWM_Config_Independent_Mode
<LI><a href="#[aa]">&gt;&gt;</a>&nbsp;&nbsp;&nbsp;EPWM_Config_Independent_Mode
<LI><a href="#[58]">&gt;&gt;</a>&nbsp;&nbsp;&nbsp;EMS_Wave_6
<LI><a href="#[57]">&gt;&gt;</a>&nbsp;&nbsp;&nbsp;EMS_Wave_3
<LI><a href="#[56]">&gt;&gt;</a>&nbsp;&nbsp;&nbsp;EMS_Wave_1
</UL>

<P><STRONG><a name="[9a]"></a>EPWM_EnableOutput</STRONG> (Thumb, 20 bytes, Stack size 0 bytes, psfr_epwm.o(i.EPWM_EnableOutput))
<BR><BR>[Called By]<UL><LI><a href="#[92]">&gt;&gt;</a>&nbsp;&nbsp;&nbsp;EMS_EPWM_Config_Independent_Mode
<LI><a href="#[aa]">&gt;&gt;</a>&nbsp;&nbsp;&nbsp;EPWM_Config_Independent_Mode
</UL>

<P><STRONG><a name="[9b]"></a>EPWM_EnableReverseOutput</STRONG> (Thumb, 30 bytes, Stack size 0 bytes, psfr_epwm.o(i.EPWM_EnableReverseOutput))
<BR><BR>[Called By]<UL><LI><a href="#[92]">&gt;&gt;</a>&nbsp;&nbsp;&nbsp;EMS_EPWM_Config_Independent_Mode
</UL>

<P><STRONG><a name="[96]"></a>EPWM_EnableUpCmpInt</STRONG> (Thumb, 24 bytes, Stack size 0 bytes, psfr_epwm.o(i.EPWM_EnableUpCmpInt))
<BR><BR>[Called By]<UL><LI><a href="#[92]">&gt;&gt;</a>&nbsp;&nbsp;&nbsp;EMS_EPWM_Config_Independent_Mode
<LI><a href="#[aa]">&gt;&gt;</a>&nbsp;&nbsp;&nbsp;EPWM_Config_Independent_Mode
</UL>

<P><STRONG><a name="[ae]"></a>EPWM_GetDownCmpIntFlag</STRONG> (Thumb, 28 bytes, Stack size 0 bytes, psfr_epwm.o(i.EPWM_GetDownCmpIntFlag))
<BR><BR>[Called By]<UL><LI><a href="#[13]">&gt;&gt;</a>&nbsp;&nbsp;&nbsp;EPWM_IRQHandler
</UL>

<P><STRONG><a name="[ac]"></a>EPWM_GetUpCmpIntFlag</STRONG> (Thumb, 28 bytes, Stack size 0 bytes, psfr_epwm.o(i.EPWM_GetUpCmpIntFlag))
<BR><BR>[Called By]<UL><LI><a href="#[13]">&gt;&gt;</a>&nbsp;&nbsp;&nbsp;EPWM_IRQHandler
</UL>

<P><STRONG><a name="[13]"></a>EPWM_IRQHandler</STRONG> (Thumb, 232 bytes, Stack size 8 bytes, cms32f033_it.o(i.EPWM_IRQHandler))
<BR><BR>[Stack]<UL><LI>Max Depth = 8<LI>Call Chain = EPWM_IRQHandler
</UL>
<BR>[Calls]<UL><LI><a href="#[5d]">&gt;&gt;</a>&nbsp;&nbsp;&nbsp;EPWM_Start
<LI><a href="#[ac]">&gt;&gt;</a>&nbsp;&nbsp;&nbsp;EPWM_GetUpCmpIntFlag
<LI><a href="#[ae]">&gt;&gt;</a>&nbsp;&nbsp;&nbsp;EPWM_GetDownCmpIntFlag
<LI><a href="#[ad]">&gt;&gt;</a>&nbsp;&nbsp;&nbsp;EPWM_ClearUpCmpIntFlag
<LI><a href="#[a6]">&gt;&gt;</a>&nbsp;&nbsp;&nbsp;EPWM_ClearDownCmpIntFlag
<LI><a href="#[4c]">&gt;&gt;</a>&nbsp;&nbsp;&nbsp;EPWM_Stop
</UL>
<BR>[Address Reference Count : 1]<UL><LI> startup_cms32f033x.o(RESET)
</UL>
<P><STRONG><a name="[5d]"></a>EPWM_Start</STRONG> (Thumb, 28 bytes, Stack size 0 bytes, psfr_epwm.o(i.EPWM_Start))
<BR><BR>[Called By]<UL><LI><a href="#[aa]">&gt;&gt;</a>&nbsp;&nbsp;&nbsp;EPWM_Config_Independent_Mode
<LI><a href="#[8b]">&gt;&gt;</a>&nbsp;&nbsp;&nbsp;Choose_WaterARR_Trapezoid
<LI><a href="#[89]">&gt;&gt;</a>&nbsp;&nbsp;&nbsp;Choose_WaterARR
<LI><a href="#[13]">&gt;&gt;</a>&nbsp;&nbsp;&nbsp;EPWM_IRQHandler
<LI><a href="#[49]">&gt;&gt;</a>&nbsp;&nbsp;&nbsp;APP_DecodeCmd
<LI><a href="#[58]">&gt;&gt;</a>&nbsp;&nbsp;&nbsp;EMS_Wave_6
<LI><a href="#[57]">&gt;&gt;</a>&nbsp;&nbsp;&nbsp;EMS_Wave_3
<LI><a href="#[56]">&gt;&gt;</a>&nbsp;&nbsp;&nbsp;EMS_Wave_1
</UL>

<P><STRONG><a name="[4c]"></a>EPWM_Stop</STRONG> (Thumb, 36 bytes, Stack size 0 bytes, psfr_epwm.o(i.EPWM_Stop))
<BR><BR>[Called By]<UL><LI><a href="#[92]">&gt;&gt;</a>&nbsp;&nbsp;&nbsp;EMS_EPWM_Config_Independent_Mode
<LI><a href="#[aa]">&gt;&gt;</a>&nbsp;&nbsp;&nbsp;EPWM_Config_Independent_Mode
<LI><a href="#[8b]">&gt;&gt;</a>&nbsp;&nbsp;&nbsp;Choose_WaterARR_Trapezoid
<LI><a href="#[89]">&gt;&gt;</a>&nbsp;&nbsp;&nbsp;Choose_WaterARR
<LI><a href="#[13]">&gt;&gt;</a>&nbsp;&nbsp;&nbsp;EPWM_IRQHandler
<LI><a href="#[e2]">&gt;&gt;</a>&nbsp;&nbsp;&nbsp;SystemWorkStatusCheck
<LI><a href="#[29]">&gt;&gt;</a>&nbsp;&nbsp;&nbsp;main
<LI><a href="#[49]">&gt;&gt;</a>&nbsp;&nbsp;&nbsp;APP_DecodeCmd
<LI><a href="#[59]">&gt;&gt;</a>&nbsp;&nbsp;&nbsp;EMS_Wave_3_6_Stop
<LI><a href="#[5a]">&gt;&gt;</a>&nbsp;&nbsp;&nbsp;EMS_Wave_1_Stop
</UL>

<P><STRONG><a name="[af]"></a>FIFO_In</STRONG> (Thumb, 46 bytes, Stack size 16 bytes, usart.o(i.FIFO_In))
<BR><BR>[Stack]<UL><LI>Max Depth = 32<LI>Call Chain = FIFO_In &rArr; FIFO_IsFull &rArr; __aeabi_idivmod
</UL>
<BR>[Calls]<UL><LI><a href="#[b0]">&gt;&gt;</a>&nbsp;&nbsp;&nbsp;FIFO_IsFull
<LI><a href="#[b1]">&gt;&gt;</a>&nbsp;&nbsp;&nbsp;__aeabi_idivmod
</UL>
<BR>[Called By]<UL><LI><a href="#[fc]">&gt;&gt;</a>&nbsp;&nbsp;&nbsp;UART1_RecvByte
<LI><a href="#[6b]">&gt;&gt;</a>&nbsp;&nbsp;&nbsp;UART1_SendBytes
<LI><a href="#[6a]">&gt;&gt;</a>&nbsp;&nbsp;&nbsp;UART1_SendByte
</UL>

<P><STRONG><a name="[b3]"></a>FIFO_IsEmpty</STRONG> (Thumb, 18 bytes, Stack size 0 bytes, usart.o(i.FIFO_IsEmpty))
<BR><BR>[Called By]<UL><LI><a href="#[106]">&gt;&gt;</a>&nbsp;&nbsp;&nbsp;UART1_RecvScan
<LI><a href="#[b2]">&gt;&gt;</a>&nbsp;&nbsp;&nbsp;FIFO_Out
</UL>

<P><STRONG><a name="[b0]"></a>FIFO_IsFull</STRONG> (Thumb, 28 bytes, Stack size 8 bytes, usart.o(i.FIFO_IsFull))
<BR><BR>[Stack]<UL><LI>Max Depth = 16<LI>Call Chain = FIFO_IsFull &rArr; __aeabi_idivmod
</UL>
<BR>[Calls]<UL><LI><a href="#[b1]">&gt;&gt;</a>&nbsp;&nbsp;&nbsp;__aeabi_idivmod
</UL>
<BR>[Called By]<UL><LI><a href="#[fc]">&gt;&gt;</a>&nbsp;&nbsp;&nbsp;UART1_RecvByte
<LI><a href="#[af]">&gt;&gt;</a>&nbsp;&nbsp;&nbsp;FIFO_In
</UL>

<P><STRONG><a name="[b2]"></a>FIFO_Out</STRONG> (Thumb, 48 bytes, Stack size 16 bytes, usart.o(i.FIFO_Out))
<BR><BR>[Stack]<UL><LI>Max Depth = 24<LI>Call Chain = FIFO_Out &rArr; __aeabi_idivmod
</UL>
<BR>[Calls]<UL><LI><a href="#[b3]">&gt;&gt;</a>&nbsp;&nbsp;&nbsp;FIFO_IsEmpty
<LI><a href="#[b1]">&gt;&gt;</a>&nbsp;&nbsp;&nbsp;__aeabi_idivmod
</UL>
<BR>[Called By]<UL><LI><a href="#[107]">&gt;&gt;</a>&nbsp;&nbsp;&nbsp;UART1_SendScan
<LI><a href="#[106]">&gt;&gt;</a>&nbsp;&nbsp;&nbsp;UART1_RecvScan
</UL>

<P><STRONG><a name="[b6]"></a>FMC_Lock</STRONG> (Thumb, 10 bytes, Stack size 0 bytes, psfr_fmc.o(i.FMC_Lock))
<BR><BR>[Called By]<UL><LI><a href="#[b8]">&gt;&gt;</a>&nbsp;&nbsp;&nbsp;FMC_WriteData
<LI><a href="#[b7]">&gt;&gt;</a>&nbsp;&nbsp;&nbsp;FMC_ReadData
<LI><a href="#[b4]">&gt;&gt;</a>&nbsp;&nbsp;&nbsp;FMC_ErasPage
</UL>

<P><STRONG><a name="[b5]"></a>FMC_UnLock</STRONG> (Thumb, 10 bytes, Stack size 0 bytes, psfr_fmc.o(i.FMC_UnLock))
<BR><BR>[Called By]<UL><LI><a href="#[b8]">&gt;&gt;</a>&nbsp;&nbsp;&nbsp;FMC_WriteData
<LI><a href="#[b7]">&gt;&gt;</a>&nbsp;&nbsp;&nbsp;FMC_ReadData
<LI><a href="#[b4]">&gt;&gt;</a>&nbsp;&nbsp;&nbsp;FMC_ErasPage
</UL>

<P><STRONG><a name="[b]"></a>GPIO0_IRQHandler</STRONG> (Thumb, 2 bytes, Stack size 0 bytes, cms32f033_it.o(i.GPIO0_IRQHandler))
<BR>[Address Reference Count : 1]<UL><LI> startup_cms32f033x.o(RESET)
</UL>
<P><STRONG><a name="[c]"></a>GPIO1_IRQHandler</STRONG> (Thumb, 2 bytes, Stack size 0 bytes, cms32f033_it.o(i.GPIO1_IRQHandler))
<BR>[Address Reference Count : 1]<UL><LI> startup_cms32f033x.o(RESET)
</UL>
<P><STRONG><a name="[d]"></a>GPIO2_IRQHandler</STRONG> (Thumb, 2 bytes, Stack size 0 bytes, cms32f033_it.o(i.GPIO2_IRQHandler))
<BR>[Address Reference Count : 1]<UL><LI> startup_cms32f033x.o(RESET)
</UL>
<P><STRONG><a name="[e]"></a>GPIO3_IRQHandler</STRONG> (Thumb, 2 bytes, Stack size 0 bytes, cms32f033_it.o(i.GPIO3_IRQHandler))
<BR>[Address Reference Count : 1]<UL><LI> startup_cms32f033x.o(RESET)
</UL>
<P><STRONG><a name="[f]"></a>GPIO4_IRQHandler</STRONG> (Thumb, 2 bytes, Stack size 0 bytes, cms32f033_it.o(i.GPIO4_IRQHandler))
<BR>[Address Reference Count : 1]<UL><LI> startup_cms32f033x.o(RESET)
</UL>
<P><STRONG><a name="[7d]"></a>GPIO_DisableInt</STRONG> (Thumb, 8 bytes, Stack size 0 bytes, psfr_gpio.o(i.GPIO_DisableInt))
<BR><BR>[Called By]<UL><LI><a href="#[c2]">&gt;&gt;</a>&nbsp;&nbsp;&nbsp;KEY_GPIO_Config
<LI><a href="#[7c]">&gt;&gt;</a>&nbsp;&nbsp;&nbsp;Bluetooth_GPIO_Config
</UL>

<P><STRONG><a name="[80]"></a>GPIO_GetPin</STRONG> (Thumb, 18 bytes, Stack size 0 bytes, psfr_gpio.o(i.GPIO_GetPin))
<BR><BR>[Called By]<UL><LI><a href="#[7f]">&gt;&gt;</a>&nbsp;&nbsp;&nbsp;Bluetooth_GetState
<LI><a href="#[c0]">&gt;&gt;</a>&nbsp;&nbsp;&nbsp;KEY_GetState
</UL>

<P><STRONG><a name="[77]"></a>GPIO_ResetPin</STRONG> (Thumb, 4 bytes, Stack size 0 bytes, psfr_gpio.o(i.GPIO_ResetPin))
<BR><BR>[Called By]<UL><LI><a href="#[7e]">&gt;&gt;</a>&nbsp;&nbsp;&nbsp;Bluetooth_PowerOff
<LI><a href="#[51]">&gt;&gt;</a>&nbsp;&nbsp;&nbsp;EPT_Current_GPIO_Config
<LI><a href="#[a9]">&gt;&gt;</a>&nbsp;&nbsp;&nbsp;EPT_ChannelB_On
<LI><a href="#[a8]">&gt;&gt;</a>&nbsp;&nbsp;&nbsp;EPT_ChannelA_On
<LI><a href="#[a7]">&gt;&gt;</a>&nbsp;&nbsp;&nbsp;EPT_ChannelAB_Off
<LI><a href="#[ba]">&gt;&gt;</a>&nbsp;&nbsp;&nbsp;HeatDissipation_GPIO_Config
<LI><a href="#[8c]">&gt;&gt;</a>&nbsp;&nbsp;&nbsp;CurrentCtrl_Relay_GPIO_Config
<LI><a href="#[ca]">&gt;&gt;</a>&nbsp;&nbsp;&nbsp;LED_Out
<LI><a href="#[cb]">&gt;&gt;</a>&nbsp;&nbsp;&nbsp;LED_GPIO_Config
<LI><a href="#[74]">&gt;&gt;</a>&nbsp;&nbsp;&nbsp;BEEP_OutOff
<LI><a href="#[76]">&gt;&gt;</a>&nbsp;&nbsp;&nbsp;BEEP_GPIO_Config
<LI><a href="#[8a]">&gt;&gt;</a>&nbsp;&nbsp;&nbsp;SN74HC21D_OpenA
<LI><a href="#[61]">&gt;&gt;</a>&nbsp;&nbsp;&nbsp;SNE_Current_GPIO_Config
<LI><a href="#[5e]">&gt;&gt;</a>&nbsp;&nbsp;&nbsp;SN74HC21D_StopAll
<LI><a href="#[5c]">&gt;&gt;</a>&nbsp;&nbsp;&nbsp;SN74HC21D_OpenB
<LI><a href="#[50]">&gt;&gt;</a>&nbsp;&nbsp;&nbsp;K1_Current_GPIO_Config
<LI><a href="#[63]">&gt;&gt;</a>&nbsp;&nbsp;&nbsp;HeatDissipation_Off
</UL>

<P><STRONG><a name="[7a]"></a>GPIO_SetPin</STRONG> (Thumb, 4 bytes, Stack size 0 bytes, psfr_gpio.o(i.GPIO_SetPin))
<BR><BR>[Called By]<UL><LI><a href="#[81]">&gt;&gt;</a>&nbsp;&nbsp;&nbsp;Bluetooth_PowerOn
<LI><a href="#[51]">&gt;&gt;</a>&nbsp;&nbsp;&nbsp;EPT_Current_GPIO_Config
<LI><a href="#[a9]">&gt;&gt;</a>&nbsp;&nbsp;&nbsp;EPT_ChannelB_On
<LI><a href="#[a8]">&gt;&gt;</a>&nbsp;&nbsp;&nbsp;EPT_ChannelA_On
<LI><a href="#[a7]">&gt;&gt;</a>&nbsp;&nbsp;&nbsp;EPT_ChannelAB_Off
<LI><a href="#[ca]">&gt;&gt;</a>&nbsp;&nbsp;&nbsp;LED_Out
<LI><a href="#[75]">&gt;&gt;</a>&nbsp;&nbsp;&nbsp;BEEP_OutOn
<LI><a href="#[8a]">&gt;&gt;</a>&nbsp;&nbsp;&nbsp;SN74HC21D_OpenA
<LI><a href="#[61]">&gt;&gt;</a>&nbsp;&nbsp;&nbsp;SNE_Current_GPIO_Config
<LI><a href="#[5c]">&gt;&gt;</a>&nbsp;&nbsp;&nbsp;SN74HC21D_OpenB
<LI><a href="#[50]">&gt;&gt;</a>&nbsp;&nbsp;&nbsp;K1_Current_GPIO_Config
<LI><a href="#[62]">&gt;&gt;</a>&nbsp;&nbsp;&nbsp;HeatDissipation_On
<LI><a href="#[58]">&gt;&gt;</a>&nbsp;&nbsp;&nbsp;EMS_Wave_6
<LI><a href="#[57]">&gt;&gt;</a>&nbsp;&nbsp;&nbsp;EMS_Wave_3
<LI><a href="#[56]">&gt;&gt;</a>&nbsp;&nbsp;&nbsp;EMS_Wave_1
<LI><a href="#[4e]">&gt;&gt;</a>&nbsp;&nbsp;&nbsp;EMS_GPIO_Config
</UL>

<P><STRONG><a name="[9f]"></a>HWDIV_Div</STRONG> (Thumb, 34 bytes, Stack size 8 bytes, psfr_hwdiv.o(i.HWDIV_Div))
<BR><BR>[Stack]<UL><LI>Max Depth = 8<LI>Call Chain = HWDIV_Div
</UL>
<BR>[Called By]<UL><LI><a href="#[92]">&gt;&gt;</a>&nbsp;&nbsp;&nbsp;EMS_EPWM_Config_Independent_Mode
<LI><a href="#[aa]">&gt;&gt;</a>&nbsp;&nbsp;&nbsp;EPWM_Config_Independent_Mode
</UL>

<P><STRONG><a name="[9e]"></a>HWDIV_EnableUnsingedMode</STRONG> (Thumb, 18 bytes, Stack size 0 bytes, psfr_hwdiv.o(i.HWDIV_EnableUnsingedMode))
<BR><BR>[Called By]<UL><LI><a href="#[92]">&gt;&gt;</a>&nbsp;&nbsp;&nbsp;EMS_EPWM_Config_Independent_Mode
<LI><a href="#[aa]">&gt;&gt;</a>&nbsp;&nbsp;&nbsp;EPWM_Config_Independent_Mode
<LI><a href="#[b9]">&gt;&gt;</a>&nbsp;&nbsp;&nbsp;HWDIV_Open
</UL>

<P><STRONG><a name="[b9]"></a>HWDIV_Open</STRONG> (Thumb, 14 bytes, Stack size 8 bytes, systemconfig.o(i.HWDIV_Open))
<BR><BR>[Stack]<UL><LI>Max Depth = 8<LI>Call Chain = HWDIV_Open
</UL>
<BR>[Calls]<UL><LI><a href="#[9e]">&gt;&gt;</a>&nbsp;&nbsp;&nbsp;HWDIV_EnableUnsingedMode
<LI><a href="#[40]">&gt;&gt;</a>&nbsp;&nbsp;&nbsp;SYS_EnablePeripheralClk
</UL>
<BR>[Called By]<UL><LI><a href="#[29]">&gt;&gt;</a>&nbsp;&nbsp;&nbsp;main
</UL>

<P><STRONG><a name="[7]"></a>HardFault_Handler</STRONG> (Thumb, 2 bytes, Stack size 0 bytes, cms32f033_it.o(i.HardFault_Handler))
<BR>[Address Reference Count : 1]<UL><LI> startup_cms32f033x.o(RESET)
</UL>
<P><STRONG><a name="[ba]"></a>HeatDissipation_GPIO_Config</STRONG> (Thumb, 62 bytes, Stack size 8 bytes, oldtest.o(i.HeatDissipation_GPIO_Config))
<BR><BR>[Stack]<UL><LI>Max Depth = 8<LI>Call Chain = HeatDissipation_GPIO_Config
</UL>
<BR>[Calls]<UL><LI><a href="#[77]">&gt;&gt;</a>&nbsp;&nbsp;&nbsp;GPIO_ResetPin
</UL>
<BR>[Called By]<UL><LI><a href="#[29]">&gt;&gt;</a>&nbsp;&nbsp;&nbsp;main
</UL>

<P><STRONG><a name="[63]"></a>HeatDissipation_Off</STRONG> (Thumb, 14 bytes, Stack size 8 bytes, oldtest.o(i.HeatDissipation_Off))
<BR><BR>[Stack]<UL><LI>Max Depth = 8<LI>Call Chain = HeatDissipation_Off
</UL>
<BR>[Calls]<UL><LI><a href="#[77]">&gt;&gt;</a>&nbsp;&nbsp;&nbsp;GPIO_ResetPin
</UL>
<BR>[Called By]<UL><LI><a href="#[49]">&gt;&gt;</a>&nbsp;&nbsp;&nbsp;APP_DecodeCmd
</UL>

<P><STRONG><a name="[62]"></a>HeatDissipation_On</STRONG> (Thumb, 14 bytes, Stack size 8 bytes, oldtest.o(i.HeatDissipation_On))
<BR><BR>[Stack]<UL><LI>Max Depth = 8<LI>Call Chain = HeatDissipation_On
</UL>
<BR>[Calls]<UL><LI><a href="#[7a]">&gt;&gt;</a>&nbsp;&nbsp;&nbsp;GPIO_SetPin
</UL>
<BR>[Called By]<UL><LI><a href="#[49]">&gt;&gt;</a>&nbsp;&nbsp;&nbsp;APP_DecodeCmd
</UL>

<P><STRONG><a name="[bb]"></a>IAP_Erase_512B</STRONG> (Thumb, 14 bytes, Stack size 16 bytes, flash.o(i.IAP_Erase_512B))
<BR><BR>[Stack]<UL><LI>Max Depth = 24<LI>Call Chain = IAP_Erase_512B &rArr; FMC_ErasPage
</UL>
<BR>[Calls]<UL><LI><a href="#[b4]">&gt;&gt;</a>&nbsp;&nbsp;&nbsp;FMC_ErasPage
</UL>
<BR>[Called By]<UL><LI><a href="#[29]">&gt;&gt;</a>&nbsp;&nbsp;&nbsp;main
</UL>

<P><STRONG><a name="[bc]"></a>IAP_ReadOneWord</STRONG> (Thumb, 18 bytes, Stack size 16 bytes, flash.o(i.IAP_ReadOneWord))
<BR><BR>[Stack]<UL><LI>Max Depth = 32<LI>Call Chain = IAP_ReadOneWord &rArr; FMC_ReadData
</UL>
<BR>[Calls]<UL><LI><a href="#[b7]">&gt;&gt;</a>&nbsp;&nbsp;&nbsp;FMC_ReadData
</UL>
<BR>[Called By]<UL><LI><a href="#[bd]">&gt;&gt;</a>&nbsp;&nbsp;&nbsp;IAP_WriteOneWord
</UL>

<P><STRONG><a name="[bd]"></a>IAP_WriteOneWord</STRONG> (Thumb, 36 bytes, Stack size 16 bytes, flash.o(i.IAP_WriteOneWord))
<BR><BR>[Stack]<UL><LI>Max Depth = 48<LI>Call Chain = IAP_WriteOneWord &rArr; IAP_ReadOneWord &rArr; FMC_ReadData
</UL>
<BR>[Calls]<UL><LI><a href="#[bc]">&gt;&gt;</a>&nbsp;&nbsp;&nbsp;IAP_ReadOneWord
<LI><a href="#[b8]">&gt;&gt;</a>&nbsp;&nbsp;&nbsp;FMC_WriteData
</UL>
<BR>[Called By]<UL><LI><a href="#[29]">&gt;&gt;</a>&nbsp;&nbsp;&nbsp;main
</UL>

<P><STRONG><a name="[50]"></a>K1_Current_GPIO_Config</STRONG> (Thumb, 316 bytes, Stack size 8 bytes, k1ctrl.o(i.K1_Current_GPIO_Config))
<BR><BR>[Stack]<UL><LI>Max Depth = 56<LI>Call Chain = K1_Current_GPIO_Config &rArr; CCP_Config_PWM_Mode &rArr; CCP_ConfigDutyScale &rArr; CCP_ConfigCompare
</UL>
<BR>[Calls]<UL><LI><a href="#[5f]">&gt;&gt;</a>&nbsp;&nbsp;&nbsp;CCP_Config_PWM_Mode
<LI><a href="#[7a]">&gt;&gt;</a>&nbsp;&nbsp;&nbsp;GPIO_SetPin
<LI><a href="#[77]">&gt;&gt;</a>&nbsp;&nbsp;&nbsp;GPIO_ResetPin
</UL>
<BR>[Called By]<UL><LI><a href="#[49]">&gt;&gt;</a>&nbsp;&nbsp;&nbsp;APP_DecodeCmd
</UL>

<P><STRONG><a name="[be]"></a>KEY_DrvScan</STRONG> (Thumb, 242 bytes, Stack size 16 bytes, bsp_key.o(i.KEY_DrvScan))
<BR><BR>[Stack]<UL><LI>Max Depth = 32<LI>Call Chain = KEY_DrvScan &rArr; KEY_GetState
</UL>
<BR>[Calls]<UL><LI><a href="#[c1]">&gt;&gt;</a>&nbsp;&nbsp;&nbsp;KEY_Write
<LI><a href="#[c0]">&gt;&gt;</a>&nbsp;&nbsp;&nbsp;KEY_GetState
<LI><a href="#[bf]">&gt;&gt;</a>&nbsp;&nbsp;&nbsp;KEY_GetNumber
</UL>
<BR>[Called By]<UL><LI><a href="#[f5]">&gt;&gt;</a>&nbsp;&nbsp;&nbsp;Timing1_10ms
</UL>

<P><STRONG><a name="[c2]"></a>KEY_GPIO_Config</STRONG> (Thumb, 62 bytes, Stack size 8 bytes, bsp_key.o(i.KEY_GPIO_Config))
<BR><BR>[Stack]<UL><LI>Max Depth = 8<LI>Call Chain = KEY_GPIO_Config
</UL>
<BR>[Calls]<UL><LI><a href="#[7d]">&gt;&gt;</a>&nbsp;&nbsp;&nbsp;GPIO_DisableInt
</UL>
<BR>[Called By]<UL><LI><a href="#[29]">&gt;&gt;</a>&nbsp;&nbsp;&nbsp;main
</UL>

<P><STRONG><a name="[bf]"></a>KEY_GetNumber</STRONG> (Thumb, 4 bytes, Stack size 0 bytes, bsp_key.o(i.KEY_GetNumber))
<BR><BR>[Called By]<UL><LI><a href="#[be]">&gt;&gt;</a>&nbsp;&nbsp;&nbsp;KEY_DrvScan
</UL>

<P><STRONG><a name="[c0]"></a>KEY_GetState</STRONG> (Thumb, 40 bytes, Stack size 16 bytes, bsp_key.o(i.KEY_GetState))
<BR><BR>[Stack]<UL><LI>Max Depth = 16<LI>Call Chain = KEY_GetState
</UL>
<BR>[Calls]<UL><LI><a href="#[80]">&gt;&gt;</a>&nbsp;&nbsp;&nbsp;GPIO_GetPin
</UL>
<BR>[Called By]<UL><LI><a href="#[be]">&gt;&gt;</a>&nbsp;&nbsp;&nbsp;KEY_DrvScan
</UL>

<P><STRONG><a name="[c4]"></a>KEY_Read</STRONG> (Thumb, 50 bytes, Stack size 0 bytes, bsp_key.o(i.KEY_Read))
<BR><BR>[Called By]<UL><LI><a href="#[c3]">&gt;&gt;</a>&nbsp;&nbsp;&nbsp;KEY_Scan
</UL>

<P><STRONG><a name="[c3]"></a>KEY_Scan</STRONG> (Thumb, 52 bytes, Stack size 16 bytes, bsp_key.o(i.KEY_Scan))
<BR><BR>[Stack]<UL><LI>Max Depth = 36<LI>Call Chain = KEY_Scan &rArr; _KEY_Power_Press &rArr; BEEP_ShortPress &rArr; BEEP_Blink
</UL>
<BR>[Calls]<UL><LI><a href="#[c4]">&gt;&gt;</a>&nbsp;&nbsp;&nbsp;KEY_Read
<LI><a href="#[c5]">&gt;&gt;</a>&nbsp;&nbsp;&nbsp;_KEY_Power_Press
</UL>
<BR>[Called By]<UL><LI><a href="#[f4]">&gt;&gt;</a>&nbsp;&nbsp;&nbsp;Timing1_20ms
</UL>

<P><STRONG><a name="[c1]"></a>KEY_Write</STRONG> (Thumb, 48 bytes, Stack size 0 bytes, bsp_key.o(i.KEY_Write))
<BR><BR>[Called By]<UL><LI><a href="#[be]">&gt;&gt;</a>&nbsp;&nbsp;&nbsp;KEY_DrvScan
</UL>

<P><STRONG><a name="[65]"></a>LED_Blink</STRONG> (Thumb, 32 bytes, Stack size 16 bytes, bsp_led.o(i.LED_Blink))
<BR><BR>[Stack]<UL><LI>Max Depth = 16<LI>Call Chain = LED_Blink
</UL>
<BR>[Called By]<UL><LI><a href="#[49]">&gt;&gt;</a>&nbsp;&nbsp;&nbsp;APP_DecodeCmd
</UL>

<P><STRONG><a name="[cd]"></a>LED_BlinkSetCycleDuty</STRONG> (Thumb, 28 bytes, Stack size 12 bytes, bsp_led.o(i.LED_BlinkSetCycleDuty))
<BR><BR>[Stack]<UL><LI>Max Depth = 12<LI>Call Chain = LED_BlinkSetCycleDuty
</UL>
<BR>[Called By]<UL><LI><a href="#[cc]">&gt;&gt;</a>&nbsp;&nbsp;&nbsp;LED_Init
</UL>

<P><STRONG><a name="[c6]"></a>LED_DrvScan</STRONG> (Thumb, 424 bytes, Stack size 16 bytes, bsp_led.o(i.LED_DrvScan))
<BR><BR>[Stack]<UL><LI>Max Depth = 40<LI>Call Chain = LED_DrvScan &rArr; LED_Out &rArr; __ARM_common_switch8
</UL>
<BR>[Calls]<UL><LI><a href="#[ca]">&gt;&gt;</a>&nbsp;&nbsp;&nbsp;LED_Out
<LI><a href="#[c7]">&gt;&gt;</a>&nbsp;&nbsp;&nbsp;LED_GetNumber
<LI><a href="#[c9]">&gt;&gt;</a>&nbsp;&nbsp;&nbsp;_On
<LI><a href="#[c8]">&gt;&gt;</a>&nbsp;&nbsp;&nbsp;_Off
<LI><a href="#[b1]">&gt;&gt;</a>&nbsp;&nbsp;&nbsp;__aeabi_idivmod
</UL>
[...]
</UL>

<P><STRONG><a name="[f6]"></a>Timing1_2ms</STRONG> (Thumb, 206 bytes, Stack size 8 bytes, timing.o(i.Timing1_2ms))
<BR><BR>[Stack]<UL><LI>Max Depth = 48<LI>Call Chain = Timing1_2ms &rArr; CCP_ConfigDutyScale &rArr; CCP_ConfigCompare
</UL>
<BR>[Calls]<UL><LI><a href="#[53]">&gt;&gt;</a>&nbsp;&nbsp;&nbsp;CCP_ConfigDutyScale
</UL>
<BR>[Called By]<UL><LI><a href="#[19]">&gt;&gt;</a>&nbsp;&nbsp;&nbsp;TMR1_IRQHandler
</UL>

<P><STRONG><a name="[f0]"></a>Timing1_500ms</STRONG> (Thumb, 28 bytes, Stack size 8 bytes, timing.o(i.Timing1_500ms))
<BR><BR>[Stack]<UL><LI>Max Depth = 80<LI>Call Chain = Timing1_500ms &rArr; EMS_Cool_TempScan &rArr; temp_ConverStable &rArr; ADC_ConverStable
</UL>
<BR>[Calls]<UL><LI><a href="#[f9]">&gt;&gt;</a>&nbsp;&nbsp;&nbsp;SetEMS_CoolGears
<LI><a href="#[90]">&gt;&gt;</a>&nbsp;&nbsp;&nbsp;EMS_Cool_TempScan
</UL>
<BR>[Called By]<UL><LI><a href="#[19]">&gt;&gt;</a>&nbsp;&nbsp;&nbsp;TMR1_IRQHandler
</UL>

<P><STRONG><a name="[f3]"></a>Timing1_50ms</STRONG> (Thumb, 2 bytes, Stack size 0 bytes, timing.o(i.Timing1_50ms))
<BR><BR>[Called By]<UL><LI><a href="#[19]">&gt;&gt;</a>&nbsp;&nbsp;&nbsp;TMR1_IRQHandler
</UL>

<P><STRONG><a name="[17]"></a>UART1_IRQHandler</STRONG> (Thumb, 56 bytes, Stack size 8 bytes, cms32f033_it.o(i.UART1_IRQHandler))
<BR><BR>[Stack]<UL><LI>Max Depth = 56<LI>Call Chain = UART1_IRQHandler &rArr; UART1_RecvByte &rArr; FIFO_In &rArr; FIFO_IsFull &rArr; __aeabi_idivmod
</UL>
<BR>[Calls]<UL><LI><a href="#[fb]">&gt;&gt;</a>&nbsp;&nbsp;&nbsp;UART_Rece
<LI><a href="#[fa]">&gt;&gt;</a>&nbsp;&nbsp;&nbsp;UART_GetIntFlag
<LI><a href="#[fc]">&gt;&gt;</a>&nbsp;&nbsp;&nbsp;UART1_RecvByte
<LI><a href="#[39]">&gt;&gt;</a>&nbsp;&nbsp;&nbsp;__ARM_common_switch8
</UL>
<BR>[Address Reference Count : 1]<UL><LI> startup_cms32f033x.o(RESET)
</UL>
<P><STRONG><a name="[fd]"></a>UART1_Init</STRONG> (Thumb, 94 bytes, Stack size 16 bytes, usart.o(i.UART1_Init))
<BR><BR>[Stack]<UL><LI>Max Depth = 56<LI>Call Chain = UART1_Init &rArr; UART_ConfigRunMode
</UL>
<BR>[Calls]<UL><LI><a href="#[103]">&gt;&gt;</a>&nbsp;&nbsp;&nbsp;NVIC_SetPriority
<LI><a href="#[40]">&gt;&gt;</a>&nbsp;&nbsp;&nbsp;SYS_EnablePeripheralClk
<LI><a href="#[fa]">&gt;&gt;</a>&nbsp;&nbsp;&nbsp;UART_GetIntFlag
<LI><a href="#[101]">&gt;&gt;</a>&nbsp;&nbsp;&nbsp;UART_EnableRxdInt
<LI><a href="#[ff]">&gt;&gt;</a>&nbsp;&nbsp;&nbsp;UART_DisableTxdInt
<LI><a href="#[102]">&gt;&gt;</a>&nbsp;&nbsp;&nbsp;UART_ConfigRunMode
<LI><a href="#[fe]">&gt;&gt;</a>&nbsp;&nbsp;&nbsp;UART1_SetFifoTxD
<LI><a href="#[100]">&gt;&gt;</a>&nbsp;&nbsp;&nbsp;UART1_SetFifoRxD
</UL>
<BR>[Called By]<UL><LI><a href="#[29]">&gt;&gt;</a>&nbsp;&nbsp;&nbsp;main
</UL>

<P><STRONG><a name="[fc]"></a>UART1_RecvByte</STRONG> (Thumb, 30 bytes, Stack size 16 bytes, usart.o(i.UART1_RecvByte))
<BR><BR>[Stack]<UL><LI>Max Depth = 48<LI>Call Chain = UART1_RecvByte &rArr; FIFO_In &rArr; FIFO_IsFull &rArr; __aeabi_idivmod
</UL>
<BR>[Calls]<UL><LI><a href="#[b0]">&gt;&gt;</a>&nbsp;&nbsp;&nbsp;FIFO_IsFull
<LI><a href="#[af]">&gt;&gt;</a>&nbsp;&nbsp;&nbsp;FIFO_In
</UL>
<BR>[Called By]<UL><LI><a href="#[17]">&gt;&gt;</a>&nbsp;&nbsp;&nbsp;UART1_IRQHandler
</UL>

<P><STRONG><a name="[104]"></a>UART1_RecvDecode</STRONG> (Thumb, 40 bytes, Stack size 8 bytes, protocol_app.o(i.UART1_RecvDecode))
<BR><BR>[Stack]<UL><LI>Max Depth = 128<LI>Call Chain = UART1_RecvDecode &rArr; APP_DecodeFrame &rArr; APP_DecodeCmd &rArr; APP_RespFrame &rArr; APP_SendFrame &rArr; UART1_SendBytes &rArr; FIFO_In &rArr; FIFO_IsFull &rArr; __aeabi_idivmod
</UL>
<BR>[Calls]<UL><LI><a href="#[105]">&gt;&gt;</a>&nbsp;&nbsp;&nbsp;Bluetooth_GetConnect
<LI><a href="#[67]">&gt;&gt;</a>&nbsp;&nbsp;&nbsp;APP_DecodeFrame
</UL>
<BR>[Called By]<UL><LI><a href="#[106]">&gt;&gt;</a>&nbsp;&nbsp;&nbsp;UART1_RecvScan
</UL>

<P><STRONG><a name="[106]"></a>UART1_RecvScan</STRONG> (Thumb, 38 bytes, Stack size 16 bytes, usart.o(i.UART1_RecvScan))
<BR><BR>[Stack]<UL><LI>Max Depth = 144<LI>Call Chain = UART1_RecvScan &rArr; UART1_RecvDecode &rArr; APP_DecodeFrame &rArr; APP_DecodeCmd &rArr; APP_RespFrame &rArr; APP_SendFrame &rArr; UART1_SendBytes &rArr; FIFO_In &rArr; FIFO_IsFull &rArr; __aeabi_idivmod
</UL>
<BR>[Calls]<UL><LI><a href="#[104]">&gt;&gt;</a>&nbsp;&nbsp;&nbsp;UART1_RecvDecode
<LI><a href="#[b2]">&gt;&gt;</a>&nbsp;&nbsp;&nbsp;FIFO_Out
<LI><a href="#[b3]">&gt;&gt;</a>&nbsp;&nbsp;&nbsp;FIFO_IsEmpty
</UL>
<BR>[Called By]<UL><LI><a href="#[29]">&gt;&gt;</a>&nbsp;&nbsp;&nbsp;main
</UL>

<P><STRONG><a name="[6a]"></a>UART1_SendByte</STRONG> (Thumb, 24 bytes, Stack size 16 bytes, usart.o(i.UART1_SendByte))
<BR><BR>[Stack]<UL><LI>Max Depth = 48<LI>Call Chain = UART1_SendByte &rArr; FIFO_In &rArr; FIFO_IsFull &rArr; __aeabi_idivmod
</UL>
<BR>[Calls]<UL><LI><a href="#[af]">&gt;&gt;</a>&nbsp;&nbsp;&nbsp;FIFO_In
</UL>
<BR>[Called By]<UL><LI><a href="#[83]">&gt;&gt;</a>&nbsp;&nbsp;&nbsp;UART1_SendString
<LI><a href="#[69]">&gt;&gt;</a>&nbsp;&nbsp;&nbsp;APP_SendFrame
</UL>

<P><STRONG><a name="[6b]"></a>UART1_SendBytes</STRONG> (Thumb, 40 bytes, Stack size 16 bytes, usart.o(i.UART1_SendBytes))
<BR><BR>[Stack]<UL><LI>Max Depth = 48<LI>Call Chain = UART1_SendBytes &rArr; FIFO_In &rArr; FIFO_IsFull &rArr; __aeabi_idivmod
</UL>
<BR>[Calls]<UL><LI><a href="#[af]">&gt;&gt;</a>&nbsp;&nbsp;&nbsp;FIFO_In
</UL>
<BR>[Called By]<UL><LI><a href="#[69]">&gt;&gt;</a>&nbsp;&nbsp;&nbsp;APP_SendFrame
</UL>

<P><STRONG><a name="[107]"></a>UART1_SendScan</STRONG> (Thumb, 54 bytes, Stack size 8 bytes, usart.o(i.UART1_SendScan))
<BR><BR>[Stack]<UL><LI>Max Depth = 32<LI>Call Chain = UART1_SendScan &rArr; FIFO_Out &rArr; __aeabi_idivmod
</UL>
<BR>[Calls]<UL><LI><a href="#[108]">&gt;&gt;</a>&nbsp;&nbsp;&nbsp;UART_TxdIsEmpty
<LI><a href="#[109]">&gt;&gt;</a>&nbsp;&nbsp;&nbsp;UART_Send
<LI><a href="#[b2]">&gt;&gt;</a>&nbsp;&nbsp;&nbsp;FIFO_Out
</UL>
<BR>[Called By]<UL><LI><a href="#[29]">&gt;&gt;</a>&nbsp;&nbsp;&nbsp;main
</UL>

<P><STRONG><a name="[83]"></a>UART1_SendString</STRONG> (Thumb, 44 bytes, Stack size 16 bytes, usart.o(i.UART1_SendString))
<BR><BR>[Stack]<UL><LI>Max Depth = 64<LI>Call Chain = UART1_SendString &rArr; UART1_SendByte &rArr; FIFO_In &rArr; FIFO_IsFull &rArr; __aeabi_idivmod
</UL>
<BR>[Calls]<UL><LI><a href="#[6a]">&gt;&gt;</a>&nbsp;&nbsp;&nbsp;UART1_SendByte
</UL>
<BR>[Called By]<UL><LI><a href="#[82]">&gt;&gt;</a>&nbsp;&nbsp;&nbsp;Bluetooth_Scan
</UL>

<P><STRONG><a name="[100]"></a>UART1_SetFifoRxD</STRONG> (Thumb, 16 bytes, Stack size 0 bytes, usart.o(i.UART1_SetFifoRxD))
<BR><BR>[Called By]<UL><LI><a href="#[fd]">&gt;&gt;</a>&nbsp;&nbsp;&nbsp;UART1_Init
</UL>

<P><STRONG><a name="[fe]"></a>UART1_SetFifoTxD</STRONG> (Thumb, 16 bytes, Stack size 0 bytes, usart.o(i.UART1_SetFifoTxD))
<BR><BR>[Called By]<UL><LI><a href="#[fd]">&gt;&gt;</a>&nbsp;&nbsp;&nbsp;UART1_Init
</UL>

<P><STRONG><a name="[102]"></a>UART_ConfigRunMode</STRONG> (Thumb, 50 bytes, Stack size 40 bytes, psfr_uart.o(i.UART_ConfigRunMode))
<BR><BR>[Stack]<UL><LI>Max Depth = 40<LI>Call Chain = UART_ConfigRunMode
</UL>
<BR>[Calls]<UL><LI><a href="#[71]">&gt;&gt;</a>&nbsp;&nbsp;&nbsp;__aeabi_uidivmod
</UL>
<BR>[Called By]<UL><LI><a href="#[fd]">&gt;&gt;</a>&nbsp;&nbsp;&nbsp;UART1_Init
</UL>

<P><STRONG><a name="[ff]"></a>UART_DisableTxdInt</STRONG> (Thumb, 10 bytes, Stack size 0 bytes, psfr_uart.o(i.UART_DisableTxdInt))
<BR><BR>[Called By]<UL><LI><a href="#[fd]">&gt;&gt;</a>&nbsp;&nbsp;&nbsp;UART1_Init
</UL>

<P><STRONG><a name="[101]"></a>UART_EnableRxdInt</STRONG> (Thumb, 10 bytes, Stack size 0 bytes, psfr_uart.o(i.UART_EnableRxdInt))
<BR><BR>[Called By]<UL><LI><a href="#[fd]">&gt;&gt;</a>&nbsp;&nbsp;&nbsp;UART1_Init
</UL>

<P><STRONG><a name="[fa]"></a>UART_GetIntFlag</STRONG> (Thumb, 12 bytes, Stack size 0 bytes, psfr_uart.o(i.UART_GetIntFlag))
<BR><BR>[Called By]<UL><LI><a href="#[17]">&gt;&gt;</a>&nbsp;&nbsp;&nbsp;UART1_IRQHandler
<LI><a href="#[fd]">&gt;&gt;</a>&nbsp;&nbsp;&nbsp;UART1_Init
</UL>

<P><STRONG><a name="[fb]"></a>UART_Rece</STRONG> (Thumb, 6 bytes, Stack size 0 bytes, psfr_uart.o(i.UART_Rece))
<BR><BR>[Called By]<UL><LI><a href="#[17]">&gt;&gt;</a>&nbsp;&nbsp;&nbsp;UART1_IRQHandler
</UL>

<P><STRONG><a name="[109]"></a>UART_Send</STRONG> (Thumb, 4 bytes, Stack size 0 bytes, psfr_uart.o(i.UART_Send))
<BR><BR>[Called By]<UL><LI><a href="#[107]">&gt;&gt;</a>&nbsp;&nbsp;&nbsp;UART1_SendScan
</UL>

<P><STRONG><a name="[108]"></a>UART_TxdIsEmpty</STRONG> (Thumb, 12 bytes, Stack size 0 bytes, psfr_uart.o(i.UART_TxdIsEmpty))
<BR><BR>[Called By]<UL><LI><a href="#[107]">&gt;&gt;</a>&nbsp;&nbsp;&nbsp;UART1_SendScan
</UL>

<P><STRONG><a name="[12]"></a>WWDT_IRQHandler</STRONG> (Thumb, 2 bytes, Stack size 0 bytes, cms32f033_it.o(i.WWDT_IRQHandler))
<BR>[Address Reference Count : 1]<UL><LI> startup_cms32f033x.o(RESET)
</UL>
<P><STRONG><a name="[39]"></a>__ARM_common_switch8</STRONG> (Thumb, 28 bytes, Stack size 8 bytes, cms32f033_it.o(i.__ARM_common_switch8))
<BR><BR>[Stack]<UL><LI>Max Depth = 8<LI>Call Chain = __ARM_common_switch8
</UL>
<BR>[Called By]<UL><LI><a href="#[17]">&gt;&gt;</a>&nbsp;&nbsp;&nbsp;UART1_IRQHandler
<LI><a href="#[38]">&gt;&gt;</a>&nbsp;&nbsp;&nbsp;ADC1_ConfigPinAN
<LI><a href="#[ca]">&gt;&gt;</a>&nbsp;&nbsp;&nbsp;LED_Out
<LI><a href="#[67]">&gt;&gt;</a>&nbsp;&nbsp;&nbsp;APP_DecodeFrame
</UL>

<P><STRONG><a name="[29]"></a>main</STRONG> (Thumb, 402 bytes, Stack size 0 bytes, main.o(i.main))
<BR><BR>[Stack]<UL><LI>Max Depth = 144<LI>Call Chain = main &rArr; UART1_RecvScan &rArr; UART1_RecvDecode &rArr; APP_DecodeFrame &rArr; APP_DecodeCmd &rArr; APP_RespFrame &rArr; APP_SendFrame &rArr; UART1_SendBytes &rArr; FIFO_In &rArr; FIFO_IsFull &rArr; __aeabi_idivmod
</UL>
<BR>[Calls]<UL><LI><a href="#[107]">&gt;&gt;</a>&nbsp;&nbsp;&nbsp;UART1_SendScan
<LI><a href="#[106]">&gt;&gt;</a>&nbsp;&nbsp;&nbsp;UART1_RecvScan
<LI><a href="#[fd]">&gt;&gt;</a>&nbsp;&nbsp;&nbsp;UART1_Init
<LI><a href="#[4b]">&gt;&gt;</a>&nbsp;&nbsp;&nbsp;TMR_Stop
<LI><a href="#[ee]">&gt;&gt;</a>&nbsp;&nbsp;&nbsp;TMR1_Config
<LI><a href="#[e3]">&gt;&gt;</a>&nbsp;&nbsp;&nbsp;TMR0_Config
<LI><a href="#[e2]">&gt;&gt;</a>&nbsp;&nbsp;&nbsp;SystemWorkStatusCheck
<LI><a href="#[e1]">&gt;&gt;</a>&nbsp;&nbsp;&nbsp;SystemParaInit
<LI><a href="#[dc]">&gt;&gt;</a>&nbsp;&nbsp;&nbsp;SysTick_Config
<LI><a href="#[d8]">&gt;&gt;</a>&nbsp;&nbsp;&nbsp;SYS_ProtectDisable
<LI><a href="#[d0]">&gt;&gt;</a>&nbsp;&nbsp;&nbsp;SYS_Config
<LI><a href="#[52]">&gt;&gt;</a>&nbsp;&nbsp;&nbsp;Refr_EMSIonStreng
<LI><a href="#[ce]">&gt;&gt;</a>&nbsp;&nbsp;&nbsp;LED_Off
<LI><a href="#[cc]">&gt;&gt;</a>&nbsp;&nbsp;&nbsp;LED_Init
<LI><a href="#[c2]">&gt;&gt;</a>&nbsp;&nbsp;&nbsp;KEY_GPIO_Config
<LI><a href="#[bd]">&gt;&gt;</a>&nbsp;&nbsp;&nbsp;IAP_WriteOneWord
<LI><a href="#[bb]">&gt;&gt;</a>&nbsp;&nbsp;&nbsp;IAP_Erase_512B
<LI><a href="#[ba]">&gt;&gt;</a>&nbsp;&nbsp;&nbsp;HeatDissipation_GPIO_Config
<LI><a href="#[b9]">&gt;&gt;</a>&nbsp;&nbsp;&nbsp;HWDIV_Open
<LI><a href="#[4c]">&gt;&gt;</a>&nbsp;&nbsp;&nbsp;EPWM_Stop
<LI><a href="#[a4]">&gt;&gt;</a>&nbsp;&nbsp;&nbsp;EMS_Heat_On
<LI><a href="#[a3]">&gt;&gt;</a>&nbsp;&nbsp;&nbsp;EMS_Heat_Off
<LI><a href="#[10b]">&gt;&gt;</a>&nbsp;&nbsp;&nbsp;EMS_Heat_GPIO_Config
<LI><a href="#[10c]">&gt;&gt;</a>&nbsp;&nbsp;&nbsp;EMS_CoolPID_Init
<LI><a href="#[10a]">&gt;&gt;</a>&nbsp;&nbsp;&nbsp;Dveice_Init
<LI><a href="#[8c]">&gt;&gt;</a>&nbsp;&nbsp;&nbsp;CurrentCtrl_Relay_GPIO_Config
<LI><a href="#[4a]">&gt;&gt;</a>&nbsp;&nbsp;&nbsp;CCP_Stop
<LI><a href="#[53]">&gt;&gt;</a>&nbsp;&nbsp;&nbsp;CCP_ConfigDutyScale
<LI><a href="#[7f]">&gt;&gt;</a>&nbsp;&nbsp;&nbsp;Bluetooth_GetState
<LI><a href="#[7c]">&gt;&gt;</a>&nbsp;&nbsp;&nbsp;Bluetooth_GPIO_Config
<LI><a href="#[78]">&gt;&gt;</a>&nbsp;&nbsp;&nbsp;BEEP_Init
<LI><a href="#[6c]">&gt;&gt;</a>&nbsp;&nbsp;&nbsp;All_GPIO_NVIC_Config
<LI><a href="#[3a]">&gt;&gt;</a>&nbsp;&nbsp;&nbsp;ADC_Config
</UL>
<BR>[Called By]<UL><LI><a href="#[28]">&gt;&gt;</a>&nbsp;&nbsp;&nbsp;__rt_entry_main
</UL>

<P><STRONG><a name="[91]"></a>temp_ConverStable</STRONG> (Thumb, 132 bytes, Stack size 32 bytes, templist.o(i.temp_ConverStable))
<BR><BR>[Stack]<UL><LI>Max Depth = 64<LI>Call Chain = temp_ConverStable &rArr; ADC_ConverStable
</UL>
<BR>[Calls]<UL><LI><a href="#[31]">&gt;&gt;</a>&nbsp;&nbsp;&nbsp;__aeabi_i2f
<LI><a href="#[8f]">&gt;&gt;</a>&nbsp;&nbsp;&nbsp;__aeabi_f2iz
<LI><a href="#[10d]">&gt;&gt;</a>&nbsp;&nbsp;&nbsp;__aeabi_fdiv
<LI><a href="#[10e]">&gt;&gt;</a>&nbsp;&nbsp;&nbsp;__aeabi_fadd
<LI><a href="#[3e]">&gt;&gt;</a>&nbsp;&nbsp;&nbsp;ADC_ConverStable
</UL>
<BR>[Called By]<UL><LI><a href="#[90]">&gt;&gt;</a>&nbsp;&nbsp;&nbsp;EMS_Cool_TempScan
</UL>

<P><STRONG><a name="[10e]"></a>__aeabi_fadd</STRONG> (Thumb, 0 bytes, Stack size 16 bytes, faddsub.o(x$fpl$fadd))
<BR><BR>[Stack]<UL><LI>Max Depth = 16<LI>Call Chain = __aeabi_fadd
</UL>
<BR>[Called By]<UL><LI><a href="#[91]">&gt;&gt;</a>&nbsp;&nbsp;&nbsp;temp_ConverStable
</UL>

<P><STRONG><a name="[10f]"></a>_fadd</STRONG> (Thumb, 134 bytes, Stack size 16 bytes, faddsub.o(x$fpl$fadd), UNUSED)
<BR><BR>[Calls]<UL><LI><a href="#[110]">&gt;&gt;</a>&nbsp;&nbsp;&nbsp;_fsub1
</UL>

<P><STRONG><a name="[8e]"></a>__aeabi_fmul</STRONG> (Thumb, 0 bytes, Stack size 16 bytes, fmul.o(x$fpl$fmul))
<BR><BR>[Stack]<UL><LI>Max Depth = 16<LI>Call Chain = __aeabi_fmul
</UL>
<BR>[Called By]<UL><LI><a href="#[8d]">&gt;&gt;</a>&nbsp;&nbsp;&nbsp;EMSTemp_CalcPID
</UL>

<P><STRONG><a name="[146]"></a>_fmul</STRONG> (Thumb, 172 bytes, Stack size 16 bytes, fmul.o(x$fpl$fmul), UNUSED)

<P><STRONG><a name="[147]"></a>__aeabi_fsub</STRONG> (Thumb, 0 bytes, Stack size 16 bytes, faddsub.o(x$fpl$fsub), UNUSED)

<P><STRONG><a name="[111]"></a>_fsub</STRONG> (Thumb, 204 bytes, Stack size 16 bytes, faddsub.o(x$fpl$fsub), UNUSED)
<BR><BR>[Calls]<UL><LI><a href="#[112]">&gt;&gt;</a>&nbsp;&nbsp;&nbsp;_fadd1
</UL>
<P>
<H3>
Local Symbols
</H3>
<P><STRONG><a name="[87]"></a>NVIC_SetPriority</STRONG> (Thumb, 110 bytes, Stack size 8 bytes, ccp.o(i.NVIC_SetPriority))
<BR><BR>[Stack]<UL><LI>Max Depth = 8<LI>Call Chain = NVIC_SetPriority
</UL>
<BR>[Called By]<UL><LI><a href="#[5f]">&gt;&gt;</a>&nbsp;&nbsp;&nbsp;CCP_Config_PWM_Mode
</UL>

<P><STRONG><a name="[94]"></a>NVIC_EnableIRQ</STRONG> (Thumb, 14 bytes, Stack size 0 bytes, epwm.o(i.NVIC_EnableIRQ))
<BR><BR>[Called By]<UL><LI><a href="#[92]">&gt;&gt;</a>&nbsp;&nbsp;&nbsp;EMS_EPWM_Config_Independent_Mode
<LI><a href="#[aa]">&gt;&gt;</a>&nbsp;&nbsp;&nbsp;EPWM_Config_Independent_Mode
</UL>

<P><STRONG><a name="[95]"></a>NVIC_SetPriority</STRONG> (Thumb, 110 bytes, Stack size 8 bytes, epwm.o(i.NVIC_SetPriority))
<BR><BR>[Stack]<UL><LI>Max Depth = 8<LI>Call Chain = NVIC_SetPriority
</UL>
<BR>[Called By]<UL><LI><a href="#[92]">&gt;&gt;</a>&nbsp;&nbsp;&nbsp;EMS_EPWM_Config_Independent_Mode
<LI><a href="#[aa]">&gt;&gt;</a>&nbsp;&nbsp;&nbsp;EPWM_Config_Independent_Mode
</UL>

<P><STRONG><a name="[6e]"></a>NVIC_EnableIRQ</STRONG> (Thumb, 14 bytes, Stack size 0 bytes, systemconfig.o(i.NVIC_EnableIRQ))
<BR><BR>[Called By]<UL><LI><a href="#[6c]">&gt;&gt;</a>&nbsp;&nbsp;&nbsp;All_GPIO_NVIC_Config
</UL>

<P><STRONG><a name="[6d]"></a>NVIC_SetPriority</STRONG> (Thumb, 110 bytes, Stack size 8 bytes, systemconfig.o(i.NVIC_SetPriority))
<BR><BR>[Stack]<UL><LI>Max Depth = 8<LI>Call Chain = NVIC_SetPriority
</UL>
<BR>[Called By]<UL><LI><a href="#[dc]">&gt;&gt;</a>&nbsp;&nbsp;&nbsp;SysTick_Config
<LI><a href="#[6c]">&gt;&gt;</a>&nbsp;&nbsp;&nbsp;All_GPIO_NVIC_Config
</UL>

<P><STRONG><a name="[e9]"></a>NVIC_EnableIRQ</STRONG> (Thumb, 14 bytes, Stack size 0 bytes, timer.o(i.NVIC_EnableIRQ))
<BR><BR>[Called By]<UL><LI><a href="#[ee]">&gt;&gt;</a>&nbsp;&nbsp;&nbsp;TMR1_Config
<LI><a href="#[e3]">&gt;&gt;</a>&nbsp;&nbsp;&nbsp;TMR0_Config
</UL>

<P><STRONG><a name="[ea]"></a>NVIC_SetPriority</STRONG> (Thumb, 110 bytes, Stack size 8 bytes, timer.o(i.NVIC_SetPriority))
<BR><BR>[Stack]<UL><LI>Max Depth = 8<LI>Call Chain = NVIC_SetPriority
</UL>
<BR>[Called By]<UL><LI><a href="#[ee]">&gt;&gt;</a>&nbsp;&nbsp;&nbsp;TMR1_Config
<LI><a href="#[e3]">&gt;&gt;</a>&nbsp;&nbsp;&nbsp;TMR0_Config
</UL>

<P><STRONG><a name="[103]"></a>NVIC_SetPriority</STRONG> (Thumb, 110 bytes, Stack size 8 bytes, usart.o(i.NVIC_SetPriority))
<BR><BR>[Stack]<UL><LI>Max Depth = 8<LI>Call Chain = NVIC_SetPriority
</UL>
<BR>[Called By]<UL><LI><a href="#[fd]">&gt;&gt;</a>&nbsp;&nbsp;&nbsp;UART1_Init
</UL>

<P><STRONG><a name="[48]"></a>ADC1_Go</STRONG> (Thumb, 28 bytes, Stack size 0 bytes, adc.o(i.ADC1_Go))
<BR><BR>[Called By]<UL><LI><a href="#[3b]">&gt;&gt;</a>&nbsp;&nbsp;&nbsp;ADC_Init
</UL>

<P><STRONG><a name="[3d]"></a>NVIC_SetPriority</STRONG> (Thumb, 110 bytes, Stack size 8 bytes, adc.o(i.NVIC_SetPriority))
<BR><BR>[Stack]<UL><LI>Max Depth = 8<LI>Call Chain = NVIC_SetPriority
</UL>
<BR>[Called By]<UL><LI><a href="#[3a]">&gt;&gt;</a>&nbsp;&nbsp;&nbsp;ADC_Config
</UL>

<P><STRONG><a name="[10]"></a>Default_Handler</STRONG> (Thumb, 2 bytes, Stack size 0 bytes, startup_cms32f033x.o(.text))
<BR><BR>[Calls]<UL><LI><a href="#[10]">&gt;&gt;</a>&nbsp;&nbsp;&nbsp;Default_Handler
</UL>
<BR>[Called By]<UL><LI><a href="#[10]">&gt;&gt;</a>&nbsp;&nbsp;&nbsp;Default_Handler
</UL>
<BR>[Address Reference Count : 1]<UL><LI> startup_cms32f033x.o(RESET)
</UL>
<P><STRONG><a name="[c5]"></a>_KEY_Power_Press</STRONG> (Thumb, 38 bytes, Stack size 8 bytes, bsp_key.o(i._KEY_Power_Press))
<BR><BR>[Stack]<UL><LI>Max Depth = 20<LI>Call Chain = _KEY_Power_Press &rArr; BEEP_ShortPress &rArr; BEEP_Blink
</UL>
<BR>[Calls]<UL><LI><a href="#[64]">&gt;&gt;</a>&nbsp;&nbsp;&nbsp;BEEP_ShortPress
</UL>
<BR>[Called By]<UL><LI><a href="#[c3]">&gt;&gt;</a>&nbsp;&nbsp;&nbsp;KEY_Scan
</UL>

<P><STRONG><a name="[c8]"></a>_Off</STRONG> (Thumb, 10 bytes, Stack size 0 bytes, bsp_led.o(i._Off))
<BR><BR>[Called By]<UL><LI><a href="#[c6]">&gt;&gt;</a>&nbsp;&nbsp;&nbsp;LED_DrvScan
<LI><a href="#[ce]">&gt;&gt;</a>&nbsp;&nbsp;&nbsp;LED_Off
</UL>

<P><STRONG><a name="[c9]"></a>_On</STRONG> (Thumb, 10 bytes, Stack size 0 bytes, bsp_led.o(i._On))
<BR><BR>[Called By]<UL><LI><a href="#[54]">&gt;&gt;</a>&nbsp;&nbsp;&nbsp;LED_On
<LI><a href="#[c6]">&gt;&gt;</a>&nbsp;&nbsp;&nbsp;LED_DrvScan
</UL>

<P><STRONG><a name="[b4]"></a>FMC_ErasPage</STRONG> (Thumb, 60 bytes, Stack size 8 bytes, flash.o(i.FMC_ErasPage))
<BR><BR>[Stack]<UL><LI>Max Depth = 8<LI>Call Chain = FMC_ErasPage
</UL>
<BR>[Calls]<UL><LI><a href="#[b5]">&gt;&gt;</a>&nbsp;&nbsp;&nbsp;FMC_UnLock
<LI><a href="#[b6]">&gt;&gt;</a>&nbsp;&nbsp;&nbsp;FMC_Lock
</UL>
<BR>[Called By]<UL><LI><a href="#[bb]">&gt;&gt;</a>&nbsp;&nbsp;&nbsp;IAP_Erase_512B
</UL>

<P><STRONG><a name="[b7]"></a>FMC_ReadData</STRONG> (Thumb, 70 bytes, Stack size 16 bytes, flash.o(i.FMC_ReadData))
<BR><BR>[Stack]<UL><LI>Max Depth = 16<LI>Call Chain = FMC_ReadData
</UL>
<BR>[Calls]<UL><LI><a href="#[b5]">&gt;&gt;</a>&nbsp;&nbsp;&nbsp;FMC_UnLock
<LI><a href="#[b6]">&gt;&gt;</a>&nbsp;&nbsp;&nbsp;FMC_Lock
</UL>
<BR>[Called By]<UL><LI><a href="#[bc]">&gt;&gt;</a>&nbsp;&nbsp;&nbsp;IAP_ReadOneWord
</UL>

<P><STRONG><a name="[b8]"></a>FMC_WriteData</STRONG> (Thumb, 64 bytes, Stack size 16 bytes, flash.o(i.FMC_WriteData))
<BR><BR>[Stack]<UL><LI>Max Depth = 16<LI>Call Chain = FMC_WriteData
</UL>
<BR>[Calls]<UL><LI><a href="#[b5]">&gt;&gt;</a>&nbsp;&nbsp;&nbsp;FMC_UnLock
<LI><a href="#[b6]">&gt;&gt;</a>&nbsp;&nbsp;&nbsp;FMC_Lock
</UL>
<BR>[Called By]<UL><LI><a href="#[bd]">&gt;&gt;</a>&nbsp;&nbsp;&nbsp;IAP_WriteOneWord
</UL>

<P><STRONG><a name="[112]"></a>_fadd1</STRONG> (Thumb, 0 bytes, Stack size unknown bytes, faddsub.o(x$fpl$fadd), UNUSED)
<BR><BR>[Called By]<UL><LI><a href="#[111]">&gt;&gt;</a>&nbsp;&nbsp;&nbsp;_fsub
</UL>

<P><STRONG><a name="[110]"></a>_fsub1</STRONG> (Thumb, 0 bytes, Stack size unknown bytes, faddsub.o(x$fpl$fsub), UNUSED)
<BR><BR>[Called By]<UL><LI><a href="#[10f]">&gt;&gt;</a>&nbsp;&nbsp;&nbsp;_fadd
</UL>
<P>
<H3>
Undefined Global Symbols
</H3>
<P><STRONG><a name="[36]"></a>_call_atexit_fns</STRONG> (ARM, 0 bytes, Stack size 0 bytes, UNDEFINED)
<BR><BR>[Called By]<UL><LI><a href="#[2a]">&gt;&gt;</a>&nbsp;&nbsp;&nbsp;exit
</UL>
<HR></body></html>
