<html>
<body>
<pre>
<h1>µVision Build Log</h1>
<h2>Tool Versions:</h2>
IDE-Version: ¦ÌVision V5.38.0.0
Copyright (C) 2022 ARM Ltd and ARM Germany GmbH. All rights reserved.
License Information: white honor, null, LIC=X96CK-ZA05H-RAHDM-X4EJ1-8MH3S-249Y0
 
Tool Versions:
Toolchain:       MDK-ARM Plus  Version: 5.38.0.0
Toolchain Path:  D:\Keil_v5\ARM\ARMCC\Bin
C Compiler:      Armcc.exe V5.06 update 7 (build 960)
Assembler:       Armasm.exe V5.06 update 7 (build 960)
Linker/Locator:  ArmLink.exe V5.06 update 7 (build 960)
Library Manager: ArmAr.exe V5.06 update 7 (build 960)
Hex Converter:   FromElf.exe V5.06 update 7 (build 960)
CPU DLL:         SARMCM3.DLL V5.38.0.0
Dialog DLL:      DARMCM1.DLL V1.19.6.0
Target DLL:      STLink\ST-LINKIII-KEIL_SWO.dll V3.1.0.0
Dialog DLL:      TARMCM1.DLL V1.14.6.0
 
<h2>Project:</h2>
C:\Users\18452\Documents\GitHub-young-whites\microcurrent-beauty-device\source-code\MDK_Project\DR-05.uvprojx
Project File Date:  04/07/2026

<h2>Output:</h2>
*** Using Compiler 'V5.06 update 7 (build 960)', folder: 'D:\Keil_v5\ARM\ARMCC\Bin'
Build target 'Target 1'
compiling Protocol_app.c...
linking...
Program Size: Code=19748 RO-data=852 RW-data=532 ZI-data=3188  
After Build - User command #1: fromelf --bin ".\Objects\DR-05.axf" --output ".\Objects\DR-05.bin"
".\Objects\DR-05.axf" - 0 Error(s), 0 Warning(s).

<h2>Software Packages used:</h2>

Package Vendor: Cmsemicon
                http://www.mcu.com.cn/pack/Cmsemicon.CMS32-Series.1.0.3.pack
                Cmsemicon.CMS32-Series.1.0.3
                Cmsemicon CMS32 Series Device Support

<h2>Collection of Component include folders:</h2>
  D:/Users/teati/AppData/Local/Arm/Packs/Cmsemicon/CMS32-Series/1.0.3/Device/CMS32F033/Include

<h2>Collection of Component Files used:</h2>
Build Time Elapsed:  00:00:02
</pre>
</body>
</html>
