<!doctype html public "-//w3c//dtd html 4.0 transitional//en">
<html><head>
<title>Static Call Graph - [.\Objects\CMS32F033.axf]</title></head>
<body><HR>
<H1>Static Call Graph for image .\Objects\CMS32F033.axf</H1><HR>
<BR><P>#&#060CALLGRAPH&#062# ARM Linker, 5060750: Last Updated: Mon Mar 25 16:31:54 2024
<BR><P>
<H3>Maximum Stack Usage =        148 bytes + Unknown(Functions without stacksize, Cycles, Untraceable Function Pointers)</H3><H3>
Call chain for Maximum Stack Depth:</H3>
__rt_entry_main &rArr; main &rArr; YModem_Receive &rArr; IAP_WriteMultiByte &rArr; IAP_WriteOneWord &rArr; IAP_ReadOneWord &rArr; FMC_ReadData
<P>
<H3>
Functions with no stack information
</H3><UL>
 <LI><a href="#[32]">__user_initial_stackheap</a>
</UL>
</UL>
<P>
<H3>
Mutually Recursive functions
</H3> <LI><a href="#[10]">Default_Handler</a>&nbsp;&nbsp;&nbsp;&rArr;&nbsp;&nbsp;&nbsp;<a href="#[10]">Default_Handler</a><BR>
</UL>
<P>
<H3>
Function Pointers
</H3><UL>
 <LI><a href="#[16]">ACMP_IRQHandler</a> from isr.o(i.ACMP_IRQHandler) referenced from startup_cms32f033.o(RESET)
 <LI><a href="#[12]">ADC0_IRQHandler</a> from startup_cms32f033.o(.text) referenced from startup_cms32f033.o(RESET)
 <LI><a href="#[15]">ADC1_IRQHandler</a> from isr.o(i.ADC1_IRQHandler) referenced from startup_cms32f033.o(RESET)
 <LI><a href="#[11]">CCP_IRQHandler</a> from isr.o(i.CCP_IRQHandler) referenced from startup_cms32f033.o(RESET)
 <LI><a href="#[10]">Default_Handler</a> from startup_cms32f033.o(.text) referenced 13 times from startup_cms32f033.o(RESET)
 <LI><a href="#[14]">EPWM_IRQHandler</a> from isr.o(i.EPWM_IRQHandler) referenced from startup_cms32f033.o(RESET)
 <LI><a href="#[b]">GPIO0_IRQHandler</a> from isr.o(i.GPIO0_IRQHandler) referenced from startup_cms32f033.o(RESET)
 <LI><a href="#[c]">GPIO1_IRQHandler</a> from isr.o(i.GPIO1_IRQHandler) referenced from startup_cms32f033.o(RESET)
 <LI><a href="#[d]">GPIO2_IRQHandler</a> from isr.o(i.GPIO2_IRQHandler) referenced from startup_cms32f033.o(RESET)
 <LI><a href="#[e]">GPIO3_IRQHandler</a> from isr.o(i.GPIO3_IRQHandler) referenced from startup_cms32f033.o(RESET)
 <LI><a href="#[f]">GPIO4_IRQHandler</a> from isr.o(i.GPIO4_IRQHandler) referenced from startup_cms32f033.o(RESET)
 <LI><a href="#[7]">HardFault_Handler</a> from isr.o(i.HardFault_Handler) referenced from startup_cms32f033.o(RESET)
 <LI><a href="#[1c]">I2C_IRQHandler</a> from isr.o(i.I2C_IRQHandler) referenced from startup_cms32f033.o(RESET)
 <LI><a href="#[1e]">LVD_IRQHandler</a> from isr.o(i.LVD_IRQHandler) referenced from startup_cms32f033.o(RESET)
 <LI><a href="#[6]">NMI_Handler</a> from isr.o(i.NMI_Handler) referenced from startup_cms32f033.o(RESET)
 <LI><a href="#[9]">PendSV_Handler</a> from isr.o(i.PendSV_Handler) referenced from startup_cms32f033.o(RESET)
 <LI><a href="#[5]">Reset_Handler</a> from startup_cms32f033.o(.text) referenced from startup_cms32f033.o(RESET)
 <LI><a href="#[1d]">SPI_IRQHandler</a> from isr.o(i.SPI_IRQHandler) referenced from startup_cms32f033.o(RESET)
 <LI><a href="#[8]">SVC_Handler</a> from isr.o(i.SVC_Handler) referenced from startup_cms32f033.o(RESET)
 <LI><a href="#[a]">SysTick_Handler</a> from isr.o(i.SysTick_Handler) referenced from startup_cms32f033.o(RESET)
 <LI><a href="#[1f]">SystemInit</a> from system_cms32f033.o(i.SystemInit) referenced from startup_cms32f033.o(.text)
 <LI><a href="#[19]">TMR0_IRQHandler</a> from isr.o(i.TMR0_IRQHandler) referenced from startup_cms32f033.o(RESET)
 <LI><a href="#[1a]">TMR1_IRQHandler</a> from isr.o(i.TMR1_IRQHandler) referenced from startup_cms32f033.o(RESET)
 <LI><a href="#[17]">UART0_IRQHandler</a> from isr.o(i.UART0_IRQHandler) referenced from startup_cms32f033.o(RESET)
 <LI><a href="#[18]">UART1_IRQHandler</a> from isr.o(i.UART1_IRQHandler) referenced from startup_cms32f033.o(RESET)
 <LI><a href="#[1b]">WDT_IRQHandler</a> from isr.o(i.WDT_IRQHandler) referenced from startup_cms32f033.o(RESET)
 <LI><a href="#[13]">WWDT_IRQHandler</a> from isr.o(i.WWDT_IRQHandler) referenced from startup_cms32f033.o(RESET)
 <LI><a href="#[21]">__main</a> from __main.o(!!!main) referenced from startup_cms32f033.o(.text)
</UL>
<P>
<H3>
Global Symbols
</H3>
<P><STRONG><a name="[21]"></a>__main</STRONG> (Thumb, 8 bytes, Stack size 0 bytes, __main.o(!!!main))
<BR><BR>[Calls]<UL><LI><a href="#[23]">&gt;&gt;</a>&nbsp;&nbsp;&nbsp;__rt_entry
<LI><a href="#[22]">&gt;&gt;</a>&nbsp;&nbsp;&nbsp;__scatterload
</UL>

<P><STRONG><a name="[22]"></a>__scatterload</STRONG> (Thumb, 0 bytes, Stack size unknown bytes, __scatter.o(!!!scatter))
<BR><BR>[Called By]<UL><LI><a href="#[21]">&gt;&gt;</a>&nbsp;&nbsp;&nbsp;__main
</UL>

<P><STRONG><a name="[24]"></a>__scatterload_rt2</STRONG> (Thumb, 52 bytes, Stack size unknown bytes, __scatter.o(!!!scatter), UNUSED)
<BR><BR>[Calls]<UL><LI><a href="#[23]">&gt;&gt;</a>&nbsp;&nbsp;&nbsp;__rt_entry
</UL>

<P><STRONG><a name="[5e]"></a>__scatterload_rt2_thumb_only</STRONG> (Thumb, 0 bytes, Stack size unknown bytes, __scatter.o(!!!scatter), UNUSED)

<P><STRONG><a name="[5f]"></a>__scatterload_null</STRONG> (Thumb, 0 bytes, Stack size unknown bytes, __scatter.o(!!!scatter), UNUSED)

<P><STRONG><a name="[25]"></a>__scatterload_copy</STRONG> (Thumb, 26 bytes, Stack size unknown bytes, __scatter_copy.o(!!handler_copy), UNUSED)
<BR><BR>[Calls]<UL><LI><a href="#[25]">&gt;&gt;</a>&nbsp;&nbsp;&nbsp;__scatterload_copy
</UL>
<BR>[Called By]<UL><LI><a href="#[25]">&gt;&gt;</a>&nbsp;&nbsp;&nbsp;__scatterload_copy
</UL>

<P><STRONG><a name="[60]"></a>__scatterload_zeroinit</STRONG> (Thumb, 28 bytes, Stack size unknown bytes, __scatter_zi.o(!!handler_zi), UNUSED)

<P><STRONG><a name="[29]"></a>__rt_lib_init</STRONG> (Thumb, 0 bytes, Stack size unknown bytes, libinit.o(.ARM.Collect$$libinit$$00000000))
<BR><BR>[Called By]<UL><LI><a href="#[28]">&gt;&gt;</a>&nbsp;&nbsp;&nbsp;__rt_entry_li
</UL>

<P><STRONG><a name="[61]"></a>__rt_lib_init_alloca_1</STRONG> (Thumb, 0 bytes, Stack size unknown bytes, libinit2.o(.ARM.Collect$$libinit$$0000002E))

<P><STRONG><a name="[62]"></a>__rt_lib_init_argv_1</STRONG> (Thumb, 0 bytes, Stack size unknown bytes, libinit2.o(.ARM.Collect$$libinit$$0000002C))

<P><STRONG><a name="[63]"></a>__rt_lib_init_atexit_1</STRONG> (Thumb, 0 bytes, Stack size unknown bytes, libinit2.o(.ARM.Collect$$libinit$$0000001B))

<P><STRONG><a name="[64]"></a>__rt_lib_init_clock_1</STRONG> (Thumb, 0 bytes, Stack size unknown bytes, libinit2.o(.ARM.Collect$$libinit$$00000021))

<P><STRONG><a name="[65]"></a>__rt_lib_init_cpp_1</STRONG> (Thumb, 0 bytes, Stack size unknown bytes, libinit2.o(.ARM.Collect$$libinit$$00000032))

<P><STRONG><a name="[66]"></a>__rt_lib_init_exceptions_1</STRONG> (Thumb, 0 bytes, Stack size unknown bytes, libinit2.o(.ARM.Collect$$libinit$$00000030))

<P><STRONG><a name="[67]"></a>__rt_lib_init_fp_1</STRONG> (Thumb, 0 bytes, Stack size unknown bytes, libinit2.o(.ARM.Collect$$libinit$$00000002))

<P><STRONG><a name="[68]"></a>__rt_lib_init_fp_trap_1</STRONG> (Thumb, 0 bytes, Stack size unknown bytes, libinit2.o(.ARM.Collect$$libinit$$0000001F))

<P><STRONG><a name="[69]"></a>__rt_lib_init_getenv_1</STRONG> (Thumb, 0 bytes, Stack size unknown bytes, libinit2.o(.ARM.Collect$$libinit$$00000023))

<P><STRONG><a name="[6a]"></a>__rt_lib_init_heap_1</STRONG> (Thumb, 0 bytes, Stack size unknown bytes, libinit2.o(.ARM.Collect$$libinit$$0000000A))

<P><STRONG><a name="[6b]"></a>__rt_lib_init_lc_collate_1</STRONG> (Thumb, 0 bytes, Stack size unknown bytes, libinit2.o(.ARM.Collect$$libinit$$00000011))

<P><STRONG><a name="[6c]"></a>__rt_lib_init_lc_ctype_1</STRONG> (Thumb, 0 bytes, Stack size unknown bytes, libinit2.o(.ARM.Collect$$libinit$$00000013))

<P><STRONG><a name="[6d]"></a>__rt_lib_init_lc_monetary_1</STRONG> (Thumb, 0 bytes, Stack size unknown bytes, libinit2.o(.ARM.Collect$$libinit$$00000015))

<P><STRONG><a name="[6e]"></a>__rt_lib_init_lc_numeric_1</STRONG> (Thumb, 0 bytes, Stack size unknown bytes, libinit2.o(.ARM.Collect$$libinit$$00000017))

<P><STRONG><a name="[6f]"></a>__rt_lib_init_lc_time_1</STRONG> (Thumb, 0 bytes, Stack size unknown bytes, libinit2.o(.ARM.Collect$$libinit$$00000019))

<P><STRONG><a name="[70]"></a>__rt_lib_init_preinit_1</STRONG> (Thumb, 0 bytes, Stack size unknown bytes, libinit2.o(.ARM.Collect$$libinit$$00000004))

<P><STRONG><a name="[71]"></a>__rt_lib_init_rand_1</STRONG> (Thumb, 0 bytes, Stack size unknown bytes, libinit2.o(.ARM.Collect$$libinit$$0000000E))

<P><STRONG><a name="[72]"></a>__rt_lib_init_return</STRONG> (Thumb, 0 bytes, Stack size unknown bytes, libinit2.o(.ARM.Collect$$libinit$$00000033))

<P><STRONG><a name="[73]"></a>__rt_lib_init_signal_1</STRONG> (Thumb, 0 bytes, Stack size unknown bytes, libinit2.o(.ARM.Collect$$libinit$$0000001D))

<P><STRONG><a name="[74]"></a>__rt_lib_init_stdio_1</STRONG> (Thumb, 0 bytes, Stack size unknown bytes, libinit2.o(.ARM.Collect$$libinit$$00000025))

<P><STRONG><a name="[75]"></a>__rt_lib_init_user_alloc_1</STRONG> (Thumb, 0 bytes, Stack size unknown bytes, libinit2.o(.ARM.Collect$$libinit$$0000000C))

<P><STRONG><a name="[2e]"></a>__rt_lib_shutdown</STRONG> (Thumb, 0 bytes, Stack size unknown bytes, libshutdown.o(.ARM.Collect$$libshutdown$$00000000))
<BR><BR>[Called By]<UL><LI><a href="#[2d]">&gt;&gt;</a>&nbsp;&nbsp;&nbsp;__rt_exit_ls
</UL>

<P><STRONG><a name="[76]"></a>__rt_lib_shutdown_cpp_1</STRONG> (Thumb, 0 bytes, Stack size unknown bytes, libshutdown2.o(.ARM.Collect$$libshutdown$$00000002))

<P><STRONG><a name="[77]"></a>__rt_lib_shutdown_fp_trap_1</STRONG> (Thumb, 0 bytes, Stack size unknown bytes, libshutdown2.o(.ARM.Collect$$libshutdown$$00000007))

<P><STRONG><a name="[78]"></a>__rt_lib_shutdown_heap_1</STRONG> (Thumb, 0 bytes, Stack size unknown bytes, libshutdown2.o(.ARM.Collect$$libshutdown$$0000000F))

<P><STRONG><a name="[79]"></a>__rt_lib_shutdown_return</STRONG> (Thumb, 0 bytes, Stack size unknown bytes, libshutdown2.o(.ARM.Collect$$libshutdown$$00000010))

<P><STRONG><a name="[7a]"></a>__rt_lib_shutdown_signal_1</STRONG> (Thumb, 0 bytes, Stack size unknown bytes, libshutdown2.o(.ARM.Collect$$libshutdown$$0000000A))

<P><STRONG><a name="[7b]"></a>__rt_lib_shutdown_stdio_1</STRONG> (Thumb, 0 bytes, Stack size unknown bytes, libshutdown2.o(.ARM.Collect$$libshutdown$$00000004))

<P><STRONG><a name="[7c]"></a>__rt_lib_shutdown_user_alloc_1</STRONG> (Thumb, 0 bytes, Stack size unknown bytes, libshutdown2.o(.ARM.Collect$$libshutdown$$0000000C))

<P><STRONG><a name="[23]"></a>__rt_entry</STRONG> (Thumb, 0 bytes, Stack size unknown bytes, __rtentry.o(.ARM.Collect$$rtentry$$00000000))
<BR><BR>[Called By]<UL><LI><a href="#[21]">&gt;&gt;</a>&nbsp;&nbsp;&nbsp;__main
<LI><a href="#[24]">&gt;&gt;</a>&nbsp;&nbsp;&nbsp;__scatterload_rt2
</UL>

<P><STRONG><a name="[7d]"></a>__rt_entry_presh_1</STRONG> (Thumb, 0 bytes, Stack size unknown bytes, __rtentry2.o(.ARM.Collect$$rtentry$$00000002))

<P><STRONG><a name="[26]"></a>__rt_entry_sh</STRONG> (Thumb, 0 bytes, Stack size unknown bytes, __rtentry4.o(.ARM.Collect$$rtentry$$00000004))
<BR><BR>[Stack]<UL><LI>Max Depth = 8 + Unknown Stack Size
<LI>Call Chain = __rt_entry_sh &rArr; __user_setup_stackheap
</UL>
<BR>[Calls]<UL><LI><a href="#[27]">&gt;&gt;</a>&nbsp;&nbsp;&nbsp;__user_setup_stackheap
</UL>

<P><STRONG><a name="[28]"></a>__rt_entry_li</STRONG> (Thumb, 0 bytes, Stack size unknown bytes, __rtentry2.o(.ARM.Collect$$rtentry$$0000000A))
<BR><BR>[Calls]<UL><LI><a href="#[29]">&gt;&gt;</a>&nbsp;&nbsp;&nbsp;__rt_lib_init
</UL>

<P><STRONG><a name="[7e]"></a>__rt_entry_postsh_1</STRONG> (Thumb, 0 bytes, Stack size unknown bytes, __rtentry2.o(.ARM.Collect$$rtentry$$00000009))

<P><STRONG><a name="[2a]"></a>__rt_entry_main</STRONG> (Thumb, 0 bytes, Stack size unknown bytes, __rtentry2.o(.ARM.Collect$$rtentry$$0000000D))
<BR><BR>[Stack]<UL><LI>Max Depth = 148 + Unknown Stack Size
<LI>Call Chain = __rt_entry_main &rArr; main &rArr; YModem_Receive &rArr; IAP_WriteMultiByte &rArr; IAP_WriteOneWord &rArr; IAP_ReadOneWord &rArr; FMC_ReadData
</UL>
<BR>[Calls]<UL><LI><a href="#[2b]">&gt;&gt;</a>&nbsp;&nbsp;&nbsp;main
<LI><a href="#[2c]">&gt;&gt;</a>&nbsp;&nbsp;&nbsp;exit
</UL>

<P><STRONG><a name="[7f]"></a>__rt_entry_postli_1</STRONG> (Thumb, 0 bytes, Stack size unknown bytes, __rtentry2.o(.ARM.Collect$$rtentry$$0000000C))

<P><STRONG><a name="[34]"></a>__rt_exit</STRONG> (Thumb, 0 bytes, Stack size unknown bytes, rtexit.o(.ARM.Collect$$rtexit$$00000000))
<BR><BR>[Called By]<UL><LI><a href="#[2c]">&gt;&gt;</a>&nbsp;&nbsp;&nbsp;exit
</UL>

<P><STRONG><a name="[2d]"></a>__rt_exit_ls</STRONG> (Thumb, 0 bytes, Stack size unknown bytes, rtexit2.o(.ARM.Collect$$rtexit$$00000003))
<BR><BR>[Calls]<UL><LI><a href="#[2e]">&gt;&gt;</a>&nbsp;&nbsp;&nbsp;__rt_lib_shutdown
</UL>

<P><STRONG><a name="[80]"></a>__rt_exit_prels_1</STRONG> (Thumb, 0 bytes, Stack size unknown bytes, rtexit2.o(.ARM.Collect$$rtexit$$00000002))

<P><STRONG><a name="[2f]"></a>__rt_exit_exit</STRONG> (Thumb, 0 bytes, Stack size unknown bytes, rtexit2.o(.ARM.Collect$$rtexit$$00000004))
<BR><BR>[Calls]<UL><LI><a href="#[30]">&gt;&gt;</a>&nbsp;&nbsp;&nbsp;_sys_exit
</UL>

<P><STRONG><a name="[5]"></a>Reset_Handler</STRONG> (Thumb, 8 bytes, Stack size 0 bytes, startup_cms32f033.o(.text))
<BR>[Address Reference Count : 1]<UL><LI> startup_cms32f033.o(RESET)
</UL>
<P><STRONG><a name="[12]"></a>ADC0_IRQHandler</STRONG> (Thumb, 0 bytes, Stack size 0 bytes, startup_cms32f033.o(.text))
<BR>[Address Reference Count : 1]<UL><LI> startup_cms32f033.o(RESET)
</UL>
<P><STRONG><a name="[32]"></a>__user_initial_stackheap</STRONG> (Thumb, 0 bytes, Stack size unknown bytes, startup_cms32f033.o(.text))
<BR><BR>[Called By]<UL><LI><a href="#[27]">&gt;&gt;</a>&nbsp;&nbsp;&nbsp;__user_setup_stackheap
</UL>

<P><STRONG><a name="[81]"></a>__aeabi_uidiv</STRONG> (Thumb, 0 bytes, Stack size 0 bytes, aeabi_sdiv.o(.text), UNUSED)

<P><STRONG><a name="[46]"></a>__aeabi_uidivmod</STRONG> (Thumb, 20 bytes, Stack size 0 bytes, aeabi_sdiv.o(.text))
<BR><BR>[Called By]<UL><LI><a href="#[45]">&gt;&gt;</a>&nbsp;&nbsp;&nbsp;SystemCoreClockUpdate
<LI><a href="#[4b]">&gt;&gt;</a>&nbsp;&nbsp;&nbsp;UART_ConfigRunMode
</UL>

<P><STRONG><a name="[82]"></a>__aeabi_idiv</STRONG> (Thumb, 0 bytes, Stack size 8 bytes, aeabi_sdiv.o(.text), UNUSED)

<P><STRONG><a name="[83]"></a>__aeabi_idivmod</STRONG> (Thumb, 326 bytes, Stack size 8 bytes, aeabi_sdiv.o(.text), UNUSED)

<P><STRONG><a name="[84]"></a>__use_two_region_memory</STRONG> (Thumb, 2 bytes, Stack size 0 bytes, heapauxi.o(.text), UNUSED)

<P><STRONG><a name="[85]"></a>__rt_heap_escrow$2region</STRONG> (Thumb, 2 bytes, Stack size 0 bytes, heapauxi.o(.text), UNUSED)

<P><STRONG><a name="[86]"></a>__rt_heap_expand$2region</STRONG> (Thumb, 2 bytes, Stack size 0 bytes, heapauxi.o(.text), UNUSED)

<P><STRONG><a name="[27]"></a>__user_setup_stackheap</STRONG> (Thumb, 62 bytes, Stack size 8 bytes, sys_stackheap_outer.o(.text))
<BR><BR>[Stack]<UL><LI>Max Depth = 8 + Unknown Stack Size
<LI>Call Chain = __user_setup_stackheap
</UL>
<BR>[Calls]<UL><LI><a href="#[32]">&gt;&gt;</a>&nbsp;&nbsp;&nbsp;__user_initial_stackheap
<LI><a href="#[31]">&gt;&gt;</a>&nbsp;&nbsp;&nbsp;__user_perproc_libspace
</UL>
<BR>[Called By]<UL><LI><a href="#[26]">&gt;&gt;</a>&nbsp;&nbsp;&nbsp;__rt_entry_sh
</UL>

<P><STRONG><a name="[2c]"></a>exit</STRONG> (Thumb, 16 bytes, Stack size 8 bytes, exit.o(.text))
<BR><BR>[Stack]<UL><LI>Max Depth = 8 + Unknown Stack Size
<LI>Call Chain = exit
</UL>
<BR>[Calls]<UL><LI><a href="#[34]">&gt;&gt;</a>&nbsp;&nbsp;&nbsp;__rt_exit
<LI><a href="#[33]">&gt;&gt;</a>&nbsp;&nbsp;&nbsp;_call_atexit_fns (Weak Reference)
</UL>
<BR>[Called By]<UL><LI><a href="#[2a]">&gt;&gt;</a>&nbsp;&nbsp;&nbsp;__rt_entry_main
</UL>

<P><STRONG><a name="[87]"></a>__user_libspace</STRONG> (Thumb, 8 bytes, Stack size 0 bytes, libspace.o(.text), UNUSED)

<P><STRONG><a name="[31]"></a>__user_perproc_libspace</STRONG> (Thumb, 0 bytes, Stack size 0 bytes, libspace.o(.text))
<BR><BR>[Called By]<UL><LI><a href="#[27]">&gt;&gt;</a>&nbsp;&nbsp;&nbsp;__user_setup_stackheap
</UL>

<P><STRONG><a name="[88]"></a>__user_perthread_libspace</STRONG> (Thumb, 0 bytes, Stack size 0 bytes, libspace.o(.text), UNUSED)

<P><STRONG><a name="[16]"></a>ACMP_IRQHandler</STRONG> (Thumb, 2 bytes, Stack size 0 bytes, isr.o(i.ACMP_IRQHandler))
<BR>[Address Reference Count : 1]<UL><LI> startup_cms32f033.o(RESET)
</UL>
<P><STRONG><a name="[15]"></a>ADC1_IRQHandler</STRONG> (Thumb, 2 bytes, Stack size 0 bytes, isr.o(i.ADC1_IRQHandler))
<BR>[Address Reference Count : 1]<UL><LI> startup_cms32f033.o(RESET)
</UL>
<P><STRONG><a name="[11]"></a>CCP_IRQHandler</STRONG> (Thumb, 2 bytes, Stack size 0 bytes, isr.o(i.CCP_IRQHandler))
<BR>[Address Reference Count : 1]<UL><LI> startup_cms32f033.o(RESET)
</UL>
<P><STRONG><a name="[35]"></a>CLOCK_Init</STRONG> (Thumb, 68 bytes, Stack size 8 bytes, clock.o(i.CLOCK_Init))
<BR><BR>[Stack]<UL><LI>Max Depth = 48<LI>Call Chain = CLOCK_Init &rArr; SYS_ConfigAHBClock &rArr; SystemCoreClockUpdate
</UL>
<BR>[Calls]<UL><LI><a href="#[37]">&gt;&gt;</a>&nbsp;&nbsp;&nbsp;SYS_EnableHSI
<LI><a href="#[36]">&gt;&gt;</a>&nbsp;&nbsp;&nbsp;SYS_ConfigHSI
<LI><a href="#[39]">&gt;&gt;</a>&nbsp;&nbsp;&nbsp;SYS_ConfigAPBClock
<LI><a href="#[38]">&gt;&gt;</a>&nbsp;&nbsp;&nbsp;SYS_ConfigAHBClock
</UL>
<BR>[Called By]<UL><LI><a href="#[2b]">&gt;&gt;</a>&nbsp;&nbsp;&nbsp;main
</UL>

<P><STRONG><a name="[5b]"></a>Dveice_Init</STRONG> (Thumb, 36 bytes, Stack size 0 bytes, device_init.o(i.Dveice_Init))
<BR><BR>[Called By]<UL><LI><a href="#[2b]">&gt;&gt;</a>&nbsp;&nbsp;&nbsp;main
</UL>

<P><STRONG><a name="[14]"></a>EPWM_IRQHandler</STRONG> (Thumb, 2 bytes, Stack size 0 bytes, isr.o(i.EPWM_IRQHandler))
<BR>[Address Reference Count : 1]<UL><LI> startup_cms32f033.o(RESET)
</UL>
<P><STRONG><a name="[3a]"></a>FMC_ErasPage</STRONG> (Thumb, 60 bytes, Stack size 4 bytes, fmc.o(i.FMC_ErasPage))
<BR><BR>[Stack]<UL><LI>Max Depth = 4<LI>Call Chain = FMC_ErasPage
</UL>
<BR>[Calls]<UL><LI><a href="#[3b]">&gt;&gt;</a>&nbsp;&nbsp;&nbsp;FMC_UnLock
<LI><a href="#[3c]">&gt;&gt;</a>&nbsp;&nbsp;&nbsp;FMC_Lock
</UL>
<BR>[Called By]<UL><LI><a href="#[3f]">&gt;&gt;</a>&nbsp;&nbsp;&nbsp;IAP_Erase_512B
</UL>

<P><STRONG><a name="[3c]"></a>FMC_Lock</STRONG> (Thumb, 10 bytes, Stack size 0 bytes, fmc.o(i.FMC_Lock))
<BR><BR>[Called By]<UL><LI><a href="#[3e]">&gt;&gt;</a>&nbsp;&nbsp;&nbsp;FMC_WriteData
<LI><a href="#[3d]">&gt;&gt;</a>&nbsp;&nbsp;&nbsp;FMC_ReadData
<LI><a href="#[3a]">&gt;&gt;</a>&nbsp;&nbsp;&nbsp;FMC_ErasPage
</UL>

<P><STRONG><a name="[3d]"></a>FMC_ReadData</STRONG> (Thumb, 70 bytes, Stack size 4 bytes, fmc.o(i.FMC_ReadData))
<BR><BR>[Stack]<UL><LI>Max Depth = 4<LI>Call Chain = FMC_ReadData
</UL>
<BR>[Calls]<UL><LI><a href="#[3b]">&gt;&gt;</a>&nbsp;&nbsp;&nbsp;FMC_UnLock
<LI><a href="#[3c]">&gt;&gt;</a>&nbsp;&nbsp;&nbsp;FMC_Lock
</UL>
<BR>[Called By]<UL><LI><a href="#[41]">&gt;&gt;</a>&nbsp;&nbsp;&nbsp;IAP_ReadOneWord
</UL>

<P><STRONG><a name="[3b]"></a>FMC_UnLock</STRONG> (Thumb, 10 bytes, Stack size 0 bytes, fmc.o(i.FMC_UnLock))
<BR><BR>[Called By]<UL><LI><a href="#[3e]">&gt;&gt;</a>&nbsp;&nbsp;&nbsp;FMC_WriteData
<LI><a href="#[3d]">&gt;&gt;</a>&nbsp;&nbsp;&nbsp;FMC_ReadData
<LI><a href="#[3a]">&gt;&gt;</a>&nbsp;&nbsp;&nbsp;FMC_ErasPage
</UL>

<P><STRONG><a name="[3e]"></a>FMC_WriteData</STRONG> (Thumb, 64 bytes, Stack size 4 bytes, fmc.o(i.FMC_WriteData))
<BR><BR>[Stack]<UL><LI>Max Depth = 4<LI>Call Chain = FMC_WriteData
</UL>
<BR>[Calls]<UL><LI><a href="#[3b]">&gt;&gt;</a>&nbsp;&nbsp;&nbsp;FMC_UnLock
<LI><a href="#[3c]">&gt;&gt;</a>&nbsp;&nbsp;&nbsp;FMC_Lock
</UL>
<BR>[Called By]<UL><LI><a href="#[43]">&gt;&gt;</a>&nbsp;&nbsp;&nbsp;IAP_WriteOneWord
</UL>

<P><STRONG><a name="[b]"></a>GPIO0_IRQHandler</STRONG> (Thumb, 2 bytes, Stack size 0 bytes, isr.o(i.GPIO0_IRQHandler))
<BR>[Address Reference Count : 1]<UL><LI> startup_cms32f033.o(RESET)
</UL>
<P><STRONG><a name="[c]"></a>GPIO1_IRQHandler</STRONG> (Thumb, 2 bytes, Stack size 0 bytes, isr.o(i.GPIO1_IRQHandler))
<BR>[Address Reference Count : 1]<UL><LI> startup_cms32f033.o(RESET)
</UL>
<P><STRONG><a name="[d]"></a>GPIO2_IRQHandler</STRONG> (Thumb, 2 bytes, Stack size 0 bytes, isr.o(i.GPIO2_IRQHandler))
<BR>[Address Reference Count : 1]<UL><LI> startup_cms32f033.o(RESET)
</UL>
<P><STRONG><a name="[e]"></a>GPIO3_IRQHandler</STRONG> (Thumb, 2 bytes, Stack size 0 bytes, isr.o(i.GPIO3_IRQHandler))
<BR>[Address Reference Count : 1]<UL><LI> startup_cms32f033.o(RESET)
</UL>
<P><STRONG><a name="[f]"></a>GPIO4_IRQHandler</STRONG> (Thumb, 2 bytes, Stack size 0 bytes, isr.o(i.GPIO4_IRQHandler))
<BR>[Address Reference Count : 1]<UL><LI> startup_cms32f033.o(RESET)
</UL>
<P><STRONG><a name="[7]"></a>HardFault_Handler</STRONG> (Thumb, 2 bytes, Stack size 0 bytes, isr.o(i.HardFault_Handler))
<BR>[Address Reference Count : 1]<UL><LI> startup_cms32f033.o(RESET)
</UL>
<P><STRONG><a name="[1c]"></a>I2C_IRQHandler</STRONG> (Thumb, 2 bytes, Stack size 0 bytes, isr.o(i.I2C_IRQHandler))
<BR>[Address Reference Count : 1]<UL><LI> startup_cms32f033.o(RESET)
</UL>
<P><STRONG><a name="[3f]"></a>IAP_Erase_512B</STRONG> (Thumb, 14 bytes, Stack size 16 bytes, flash_operate.o(i.IAP_Erase_512B))
<BR><BR>[Stack]<UL><LI>Max Depth = 20<LI>Call Chain = IAP_Erase_512B &rArr; FMC_ErasPage
</UL>
<BR>[Calls]<UL><LI><a href="#[3a]">&gt;&gt;</a>&nbsp;&nbsp;&nbsp;FMC_ErasPage
</UL>
<BR>[Called By]<UL><LI><a href="#[54]">&gt;&gt;</a>&nbsp;&nbsp;&nbsp;YModem_Receive
<LI><a href="#[2b]">&gt;&gt;</a>&nbsp;&nbsp;&nbsp;main
<LI><a href="#[40]">&gt;&gt;</a>&nbsp;&nbsp;&nbsp;IAP_Erase_ALL
</UL>

<P><STRONG><a name="[40]"></a>IAP_Erase_ALL</STRONG> (Thumb, 50 bytes, Stack size 24 bytes, flash_operate.o(i.IAP_Erase_ALL))
<BR><BR>[Stack]<UL><LI>Max Depth = 44<LI>Call Chain = IAP_Erase_ALL &rArr; IAP_Erase_512B &rArr; FMC_ErasPage
</UL>
<BR>[Calls]<UL><LI><a href="#[3f]">&gt;&gt;</a>&nbsp;&nbsp;&nbsp;IAP_Erase_512B
</UL>
<BR>[Called By]<UL><LI><a href="#[52]">&gt;&gt;</a>&nbsp;&nbsp;&nbsp;Updata_Start
</UL>

<P><STRONG><a name="[41]"></a>IAP_ReadOneWord</STRONG> (Thumb, 18 bytes, Stack size 16 bytes, flash_operate.o(i.IAP_ReadOneWord))
<BR><BR>[Stack]<UL><LI>Max Depth = 20<LI>Call Chain = IAP_ReadOneWord &rArr; FMC_ReadData
</UL>
<BR>[Calls]<UL><LI><a href="#[3d]">&gt;&gt;</a>&nbsp;&nbsp;&nbsp;FMC_ReadData
</UL>
<BR>[Called By]<UL><LI><a href="#[43]">&gt;&gt;</a>&nbsp;&nbsp;&nbsp;IAP_WriteOneWord
<LI><a href="#[2b]">&gt;&gt;</a>&nbsp;&nbsp;&nbsp;main
</UL>

<P><STRONG><a name="[5d]"></a>IAP_Reset</STRONG> (Thumb, 44 bytes, Stack size 0 bytes, flash_operate.o(i.IAP_Reset))
<BR><BR>[Called By]<UL><LI><a href="#[2b]">&gt;&gt;</a>&nbsp;&nbsp;&nbsp;main
</UL>

<P><STRONG><a name="[42]"></a>IAP_WriteMultiByte</STRONG> (Thumb, 80 bytes, Stack size 40 bytes, flash_operate.o(i.IAP_WriteMultiByte))
<BR><BR>[Stack]<UL><LI>Max Depth = 76<LI>Call Chain = IAP_WriteMultiByte &rArr; IAP_WriteOneWord &rArr; IAP_ReadOneWord &rArr; FMC_ReadData
</UL>
<BR>[Calls]<UL><LI><a href="#[43]">&gt;&gt;</a>&nbsp;&nbsp;&nbsp;IAP_WriteOneWord
</UL>
<BR>[Called By]<UL><LI><a href="#[54]">&gt;&gt;</a>&nbsp;&nbsp;&nbsp;YModem_Receive
</UL>

<P><STRONG><a name="[43]"></a>IAP_WriteOneWord</STRONG> (Thumb, 36 bytes, Stack size 16 bytes, flash_operate.o(i.IAP_WriteOneWord))
<BR><BR>[Stack]<UL><LI>Max Depth = 36<LI>Call Chain = IAP_WriteOneWord &rArr; IAP_ReadOneWord &rArr; FMC_ReadData
</UL>
<BR>[Calls]<UL><LI><a href="#[3e]">&gt;&gt;</a>&nbsp;&nbsp;&nbsp;FMC_WriteData
<LI><a href="#[41]">&gt;&gt;</a>&nbsp;&nbsp;&nbsp;IAP_ReadOneWord
</UL>
<BR>[Called By]<UL><LI><a href="#[54]">&gt;&gt;</a>&nbsp;&nbsp;&nbsp;YModem_Receive
<LI><a href="#[2b]">&gt;&gt;</a>&nbsp;&nbsp;&nbsp;main
<LI><a href="#[42]">&gt;&gt;</a>&nbsp;&nbsp;&nbsp;IAP_WriteMultiByte
</UL>

<P><STRONG><a name="[1e]"></a>LVD_IRQHandler</STRONG> (Thumb, 2 bytes, Stack size 0 bytes, isr.o(i.LVD_IRQHandler))
<BR>[Address Reference Count : 1]<UL><LI> startup_cms32f033.o(RESET)
</UL>
<P><STRONG><a name="[6]"></a>NMI_Handler</STRONG> (Thumb, 2 bytes, Stack size 0 bytes, isr.o(i.NMI_Handler))
<BR>[Address Reference Count : 1]<UL><LI> startup_cms32f033.o(RESET)
</UL>
<P><STRONG><a name="[9]"></a>PendSV_Handler</STRONG> (Thumb, 2 bytes, Stack size 0 bytes, isr.o(i.PendSV_Handler))
<BR>[Address Reference Count : 1]<UL><LI> startup_cms32f033.o(RESET)
</UL>
<P><STRONG><a name="[1d]"></a>SPI_IRQHandler</STRONG> (Thumb, 2 bytes, Stack size 0 bytes, isr.o(i.SPI_IRQHandler))
<BR>[Address Reference Count : 1]<UL><LI> startup_cms32f033.o(RESET)
</UL>
<P><STRONG><a name="[8]"></a>SVC_Handler</STRONG> (Thumb, 2 bytes, Stack size 0 bytes, isr.o(i.SVC_Handler))
<BR>[Address Reference Count : 1]<UL><LI> startup_cms32f033.o(RESET)
</UL>
<P><STRONG><a name="[38]"></a>SYS_ConfigAHBClock</STRONG> (Thumb, 50 bytes, Stack size 16 bytes, system.o(i.SYS_ConfigAHBClock))
<BR><BR>[Stack]<UL><LI>Max Depth = 40<LI>Call Chain = SYS_ConfigAHBClock &rArr; SystemCoreClockUpdate
</UL>
<BR>[Calls]<UL><LI><a href="#[45]">&gt;&gt;</a>&nbsp;&nbsp;&nbsp;SystemCoreClockUpdate
<LI><a href="#[44]">&gt;&gt;</a>&nbsp;&nbsp;&nbsp;SYS_GetHSIState
</UL>
<BR>[Called By]<UL><LI><a href="#[35]">&gt;&gt;</a>&nbsp;&nbsp;&nbsp;CLOCK_Init
</UL>

<P><STRONG><a name="[39]"></a>SYS_ConfigAPBClock</STRONG> (Thumb, 16 bytes, Stack size 8 bytes, system.o(i.SYS_ConfigAPBClock))
<BR><BR>[Stack]<UL><LI>Max Depth = 32<LI>Call Chain = SYS_ConfigAPBClock &rArr; SystemCoreClockUpdate
</UL>
<BR>[Calls]<UL><LI><a href="#[45]">&gt;&gt;</a>&nbsp;&nbsp;&nbsp;SystemCoreClockUpdate
</UL>
<BR>[Called By]<UL><LI><a href="#[35]">&gt;&gt;</a>&nbsp;&nbsp;&nbsp;CLOCK_Init
</UL>

<P><STRONG><a name="[36]"></a>SYS_ConfigHSI</STRONG> (Thumb, 32 bytes, Stack size 0 bytes, system.o(i.SYS_ConfigHSI))
<BR><BR>[Called By]<UL><LI><a href="#[35]">&gt;&gt;</a>&nbsp;&nbsp;&nbsp;CLOCK_Init
</UL>

<P><STRONG><a name="[37]"></a>SYS_EnableHSI</STRONG> (Thumb, 24 bytes, Stack size 0 bytes, system.o(i.SYS_EnableHSI))
<BR><BR>[Called By]<UL><LI><a href="#[35]">&gt;&gt;</a>&nbsp;&nbsp;&nbsp;CLOCK_Init
</UL>

<P><STRONG><a name="[50]"></a>SYS_EnablePeripheralClk</STRONG> (Thumb, 16 bytes, Stack size 0 bytes, system.o(i.SYS_EnablePeripheralClk))
<BR><BR>[Called By]<UL><LI><a href="#[4f]">&gt;&gt;</a>&nbsp;&nbsp;&nbsp;UART_UART1_Config
</UL>

<P><STRONG><a name="[44]"></a>SYS_GetHSIState</STRONG> (Thumb, 12 bytes, Stack size 0 bytes, system.o(i.SYS_GetHSIState))
<BR><BR>[Called By]<UL><LI><a href="#[38]">&gt;&gt;</a>&nbsp;&nbsp;&nbsp;SYS_ConfigAHBClock
</UL>

<P><STRONG><a name="[a]"></a>SysTick_Handler</STRONG> (Thumb, 2 bytes, Stack size 0 bytes, isr.o(i.SysTick_Handler))
<BR>[Address Reference Count : 1]<UL><LI> startup_cms32f033.o(RESET)
</UL>
<P><STRONG><a name="[45]"></a>SystemCoreClockUpdate</STRONG> (Thumb, 116 bytes, Stack size 24 bytes, system_cms32f033.o(i.SystemCoreClockUpdate))
<BR><BR>[Stack]<UL><LI>Max Depth = 24<LI>Call Chain = SystemCoreClockUpdate
</UL>
<BR>[Calls]<UL><LI><a href="#[46]">&gt;&gt;</a>&nbsp;&nbsp;&nbsp;__aeabi_uidivmod
</UL>
<BR>[Called By]<UL><LI><a href="#[1f]">&gt;&gt;</a>&nbsp;&nbsp;&nbsp;SystemInit
<LI><a href="#[39]">&gt;&gt;</a>&nbsp;&nbsp;&nbsp;SYS_ConfigAPBClock
<LI><a href="#[38]">&gt;&gt;</a>&nbsp;&nbsp;&nbsp;SYS_ConfigAHBClock
</UL>

<P><STRONG><a name="[1f]"></a>SystemInit</STRONG> (Thumb, 8 bytes, Stack size 8 bytes, system_cms32f033.o(i.SystemInit))
<BR><BR>[Stack]<UL><LI>Max Depth = 32<LI>Call Chain = SystemInit &rArr; SystemCoreClockUpdate
</UL>
<BR>[Calls]<UL><LI><a href="#[45]">&gt;&gt;</a>&nbsp;&nbsp;&nbsp;SystemCoreClockUpdate
</UL>
<BR>[Address Reference Count : 1]<UL><LI> startup_cms32f033.o(.text)
</UL>
<P><STRONG><a name="[19]"></a>TMR0_IRQHandler</STRONG> (Thumb, 2 bytes, Stack size 0 bytes, isr.o(i.TMR0_IRQHandler))
<BR>[Address Reference Count : 1]<UL><LI> startup_cms32f033.o(RESET)
</UL>
<P><STRONG><a name="[1a]"></a>TMR1_IRQHandler</STRONG> (Thumb, 2 bytes, Stack size 0 bytes, isr.o(i.TMR1_IRQHandler))
<BR>[Address Reference Count : 1]<UL><LI> startup_cms32f033.o(RESET)
</UL>
<P><STRONG><a name="[17]"></a>UART0_IRQHandler</STRONG> (Thumb, 2 bytes, Stack size 0 bytes, isr.o(i.UART0_IRQHandler))
<BR>[Address Reference Count : 1]<UL><LI> startup_cms32f033.o(RESET)
</UL>
<P><STRONG><a name="[18]"></a>UART1_IRQHandler</STRONG> (Thumb, 62 bytes, Stack size 8 bytes, isr.o(i.UART1_IRQHandler))
<BR><BR>[Stack]<UL><LI>Max Depth = 24<LI>Call Chain = UART1_IRQHandler &rArr; Update_CommandReceive &rArr; __ARM_common_switch8
</UL>
<BR>[Calls]<UL><LI><a href="#[48]">&gt;&gt;</a>&nbsp;&nbsp;&nbsp;UART_ReceiveData
<LI><a href="#[4a]">&gt;&gt;</a>&nbsp;&nbsp;&nbsp;UART_Receive
<LI><a href="#[47]">&gt;&gt;</a>&nbsp;&nbsp;&nbsp;UART_GetITStatus
<LI><a href="#[49]">&gt;&gt;</a>&nbsp;&nbsp;&nbsp;Update_CommandReceive
</UL>
<BR>[Address Reference Count : 1]<UL><LI> startup_cms32f033.o(RESET)
</UL>
<P><STRONG><a name="[4b]"></a>UART_ConfigRunMode</STRONG> (Thumb, 50 bytes, Stack size 40 bytes, uart.o(i.UART_ConfigRunMode))
<BR><BR>[Stack]<UL><LI>Max Depth = 40<LI>Call Chain = UART_ConfigRunMode
</UL>
<BR>[Calls]<UL><LI><a href="#[46]">&gt;&gt;</a>&nbsp;&nbsp;&nbsp;__aeabi_uidivmod
</UL>
<BR>[Called By]<UL><LI><a href="#[4f]">&gt;&gt;</a>&nbsp;&nbsp;&nbsp;UART_UART1_Config
</UL>

<P><STRONG><a name="[5a]"></a>UART_GetByte</STRONG> (Thumb, 64 bytes, Stack size 0 bytes, uart.o(i.UART_GetByte))
<BR><BR>[Called By]<UL><LI><a href="#[59]">&gt;&gt;</a>&nbsp;&nbsp;&nbsp;YModem_RecvByte
</UL>

<P><STRONG><a name="[47]"></a>UART_GetITStatus</STRONG> (Thumb, 62 bytes, Stack size 4 bytes, uart.o(i.UART_GetITStatus))
<BR><BR>[Stack]<UL><LI>Max Depth = 12<LI>Call Chain = UART_GetITStatus &rArr; __ARM_common_switch8
</UL>
<BR>[Calls]<UL><LI><a href="#[4c]">&gt;&gt;</a>&nbsp;&nbsp;&nbsp;__ARM_common_switch8
</UL>
<BR>[Called By]<UL><LI><a href="#[18]">&gt;&gt;</a>&nbsp;&nbsp;&nbsp;UART1_IRQHandler
</UL>

<P><STRONG><a name="[51]"></a>UART_ITConfig</STRONG> (Thumb, 20 bytes, Stack size 0 bytes, uart.o(i.UART_ITConfig))
<BR><BR>[Called By]<UL><LI><a href="#[4f]">&gt;&gt;</a>&nbsp;&nbsp;&nbsp;UART_UART1_Config
</UL>

<P><STRONG><a name="[4a]"></a>UART_Receive</STRONG> (Thumb, 68 bytes, Stack size 0 bytes, uart.o(i.UART_Receive))
<BR><BR>[Called By]<UL><LI><a href="#[18]">&gt;&gt;</a>&nbsp;&nbsp;&nbsp;UART1_IRQHandler
</UL>

<P><STRONG><a name="[48]"></a>UART_ReceiveData</STRONG> (Thumb, 20 bytes, Stack size 0 bytes, uart.o(i.UART_ReceiveData))
<BR><BR>[Called By]<UL><LI><a href="#[18]">&gt;&gt;</a>&nbsp;&nbsp;&nbsp;UART1_IRQHandler
</UL>

<P><STRONG><a name="[53]"></a>UART_ReceiveValueInit</STRONG> (Thumb, 22 bytes, Stack size 0 bytes, uart.o(i.UART_ReceiveValueInit))
<BR><BR>[Called By]<UL><LI><a href="#[2b]">&gt;&gt;</a>&nbsp;&nbsp;&nbsp;main
<LI><a href="#[49]">&gt;&gt;</a>&nbsp;&nbsp;&nbsp;Update_CommandReceive
</UL>

<P><STRONG><a name="[4e]"></a>UART_SendData</STRONG> (Thumb, 18 bytes, Stack size 0 bytes, uart.o(i.UART_SendData))
<BR><BR>[Called By]<UL><LI><a href="#[4d]">&gt;&gt;</a>&nbsp;&nbsp;&nbsp;UART_SendDatas
<LI><a href="#[2b]">&gt;&gt;</a>&nbsp;&nbsp;&nbsp;main
<LI><a href="#[56]">&gt;&gt;</a>&nbsp;&nbsp;&nbsp;YModem_SendByte
</UL>

<P><STRONG><a name="[4d]"></a>UART_SendDatas</STRONG> (Thumb, 32 bytes, Stack size 24 bytes, bsp_usrt.o(i.UART_SendDatas))
<BR><BR>[Stack]<UL><LI>Max Depth = 24<LI>Call Chain = UART_SendDatas
</UL>
<BR>[Calls]<UL><LI><a href="#[4e]">&gt;&gt;</a>&nbsp;&nbsp;&nbsp;UART_SendData
</UL>
<BR>[Called By]<UL><LI><a href="#[2b]">&gt;&gt;</a>&nbsp;&nbsp;&nbsp;main
</UL>

<P><STRONG><a name="[4f]"></a>UART_UART1_Config</STRONG> (Thumb, 86 bytes, Stack size 16 bytes, bsp_usrt.o(i.UART_UART1_Config))
<BR><BR>[Stack]<UL><LI>Max Depth = 56<LI>Call Chain = UART_UART1_Config &rArr; UART_ConfigRunMode
</UL>
<BR>[Calls]<UL><LI><a href="#[51]">&gt;&gt;</a>&nbsp;&nbsp;&nbsp;UART_ITConfig
<LI><a href="#[4b]">&gt;&gt;</a>&nbsp;&nbsp;&nbsp;UART_ConfigRunMode
<LI><a href="#[50]">&gt;&gt;</a>&nbsp;&nbsp;&nbsp;SYS_EnablePeripheralClk
</UL>
<BR>[Called By]<UL><LI><a href="#[2b]">&gt;&gt;</a>&nbsp;&nbsp;&nbsp;main
</UL>

<P><STRONG><a name="[52]"></a>Updata_Start</STRONG> (Thumb, 10 bytes, Stack size 8 bytes, ymode.o(i.Updata_Start))
<BR><BR>[Stack]<UL><LI>Max Depth = 52<LI>Call Chain = Updata_Start &rArr; IAP_Erase_ALL &rArr; IAP_Erase_512B &rArr; FMC_ErasPage
</UL>
<BR>[Calls]<UL><LI><a href="#[40]">&gt;&gt;</a>&nbsp;&nbsp;&nbsp;IAP_Erase_ALL
</UL>
<BR>[Called By]<UL><LI><a href="#[54]">&gt;&gt;</a>&nbsp;&nbsp;&nbsp;YModem_Receive
</UL>

<P><STRONG><a name="[49]"></a>Update_CommandReceive</STRONG> (Thumb, 302 bytes, Stack size 8 bytes, main.o(i.Update_CommandReceive))
<BR><BR>[Stack]<UL><LI>Max Depth = 16<LI>Call Chain = Update_CommandReceive &rArr; __ARM_common_switch8
</UL>
<BR>[Calls]<UL><LI><a href="#[4c]">&gt;&gt;</a>&nbsp;&nbsp;&nbsp;__ARM_common_switch8
<LI><a href="#[53]">&gt;&gt;</a>&nbsp;&nbsp;&nbsp;UART_ReceiveValueInit
</UL>
<BR>[Called By]<UL><LI><a href="#[18]">&gt;&gt;</a>&nbsp;&nbsp;&nbsp;UART1_IRQHandler
</UL>

<P><STRONG><a name="[1b]"></a>WDT_IRQHandler</STRONG> (Thumb, 2 bytes, Stack size 0 bytes, isr.o(i.WDT_IRQHandler))
<BR>[Address Reference Count : 1]<UL><LI> startup_cms32f033.o(RESET)
</UL>
<P><STRONG><a name="[13]"></a>WWDT_IRQHandler</STRONG> (Thumb, 2 bytes, Stack size 0 bytes, isr.o(i.WWDT_IRQHandler))
<BR>[Address Reference Count : 1]<UL><LI> startup_cms32f033.o(RESET)
</UL>
<P><STRONG><a name="[54]"></a>YModem_Receive</STRONG> (Thumb, 436 bytes, Stack size 72 bytes, ymode.o(i.YModem_Receive))
<BR><BR>[Stack]<UL><LI>Max Depth = 148<LI>Call Chain = YModem_Receive &rArr; IAP_WriteMultiByte &rArr; IAP_WriteOneWord &rArr; IAP_ReadOneWord &rArr; FMC_ReadData
</UL>
<BR>[Calls]<UL><LI><a href="#[57]">&gt;&gt;</a>&nbsp;&nbsp;&nbsp;delay_ms
<LI><a href="#[43]">&gt;&gt;</a>&nbsp;&nbsp;&nbsp;IAP_WriteOneWord
<LI><a href="#[3f]">&gt;&gt;</a>&nbsp;&nbsp;&nbsp;IAP_Erase_512B
<LI><a href="#[42]">&gt;&gt;</a>&nbsp;&nbsp;&nbsp;IAP_WriteMultiByte
<LI><a href="#[58]">&gt;&gt;</a>&nbsp;&nbsp;&nbsp;YmodeCRC_Calculate
<LI><a href="#[56]">&gt;&gt;</a>&nbsp;&nbsp;&nbsp;YModem_SendByte
<LI><a href="#[55]">&gt;&gt;</a>&nbsp;&nbsp;&nbsp;YModem_RecvPacket
<LI><a href="#[52]">&gt;&gt;</a>&nbsp;&nbsp;&nbsp;Updata_Start
</UL>
<BR>[Called By]<UL><LI><a href="#[2b]">&gt;&gt;</a>&nbsp;&nbsp;&nbsp;main
</UL>

<P><STRONG><a name="[59]"></a>YModem_RecvByte</STRONG> (Thumb, 46 bytes, Stack size 24 bytes, ymode.o(i.YModem_RecvByte))
<BR><BR>[Stack]<UL><LI>Max Depth = 24<LI>Call Chain = YModem_RecvByte
</UL>
<BR>[Calls]<UL><LI><a href="#[5a]">&gt;&gt;</a>&nbsp;&nbsp;&nbsp;UART_GetByte
</UL>
<BR>[Called By]<UL><LI><a href="#[55]">&gt;&gt;</a>&nbsp;&nbsp;&nbsp;YModem_RecvPacket
</UL>

<P><STRONG><a name="[55]"></a>YModem_RecvPacket</STRONG> (Thumb, 180 bytes, Stack size 40 bytes, ymode.o(i.YModem_RecvPacket))
<BR><BR>[Stack]<UL><LI>Max Depth = 64<LI>Call Chain = YModem_RecvPacket &rArr; YModem_RecvByte
</UL>
<BR>[Calls]<UL><LI><a href="#[59]">&gt;&gt;</a>&nbsp;&nbsp;&nbsp;YModem_RecvByte
</UL>
<BR>[Called By]<UL><LI><a href="#[54]">&gt;&gt;</a>&nbsp;&nbsp;&nbsp;YModem_Receive
</UL>

<P><STRONG><a name="[56]"></a>YModem_SendByte</STRONG> (Thumb, 18 bytes, Stack size 16 bytes, ymode.o(i.YModem_SendByte))
<BR><BR>[Stack]<UL><LI>Max Depth = 16<LI>Call Chain = YModem_SendByte
</UL>
<BR>[Calls]<UL><LI><a href="#[4e]">&gt;&gt;</a>&nbsp;&nbsp;&nbsp;UART_SendData
</UL>
<BR>[Called By]<UL><LI><a href="#[54]">&gt;&gt;</a>&nbsp;&nbsp;&nbsp;YModem_Receive
</UL>

<P><STRONG><a name="[58]"></a>YmodeCRC_Calculate</STRONG> (Thumb, 66 bytes, Stack size 16 bytes, ymode.o(i.YmodeCRC_Calculate))
<BR><BR>[Stack]<UL><LI>Max Depth = 16<LI>Call Chain = YmodeCRC_Calculate
</UL>
<BR>[Called By]<UL><LI><a href="#[54]">&gt;&gt;</a>&nbsp;&nbsp;&nbsp;YModem_Receive
</UL>

<P><STRONG><a name="[4c]"></a>__ARM_common_switch8</STRONG> (Thumb, 28 bytes, Stack size 8 bytes, ccp.o(i.__ARM_common_switch8))
<BR><BR>[Stack]<UL><LI>Max Depth = 8<LI>Call Chain = __ARM_common_switch8
</UL>
<BR>[Called By]<UL><LI><a href="#[47]">&gt;&gt;</a>&nbsp;&nbsp;&nbsp;UART_GetITStatus
<LI><a href="#[49]">&gt;&gt;</a>&nbsp;&nbsp;&nbsp;Update_CommandReceive
</UL>

<P><STRONG><a name="[30]"></a>_sys_exit</STRONG> (Thumb, 4 bytes, Stack size 0 bytes, retarget.o(i._sys_exit))
<BR><BR>[Called By]<UL><LI><a href="#[2f]">&gt;&gt;</a>&nbsp;&nbsp;&nbsp;__rt_exit_exit
</UL>

<P><STRONG><a name="[57]"></a>delay_ms</STRONG> (Thumb, 54 bytes, Stack size 0 bytes, device_init.o(i.delay_ms))
<BR><BR>[Called By]<UL><LI><a href="#[54]">&gt;&gt;</a>&nbsp;&nbsp;&nbsp;YModem_Receive
<LI><a href="#[2b]">&gt;&gt;</a>&nbsp;&nbsp;&nbsp;main
</UL>

<P><STRONG><a name="[5c]"></a>gpio_init</STRONG> (Thumb, 156 bytes, Stack size 0 bytes, gpioctl.o(i.gpio_init))
<BR><BR>[Called By]<UL><LI><a href="#[2b]">&gt;&gt;</a>&nbsp;&nbsp;&nbsp;main
</UL>

<P><STRONG><a name="[2b]"></a>main</STRONG> (Thumb, 176 bytes, Stack size 0 bytes, main.o(i.main))
<BR><BR>[Stack]<UL><LI>Max Depth = 148<LI>Call Chain = main &rArr; YModem_Receive &rArr; IAP_WriteMultiByte &rArr; IAP_WriteOneWord &rArr; IAP_ReadOneWord &rArr; FMC_ReadData
</UL>
<BR>[Calls]<UL><LI><a href="#[4e]">&gt;&gt;</a>&nbsp;&nbsp;&nbsp;UART_SendData
<LI><a href="#[53]">&gt;&gt;</a>&nbsp;&nbsp;&nbsp;UART_ReceiveValueInit
<LI><a href="#[5c]">&gt;&gt;</a>&nbsp;&nbsp;&nbsp;gpio_init
<LI><a href="#[57]">&gt;&gt;</a>&nbsp;&nbsp;&nbsp;delay_ms
<LI><a href="#[54]">&gt;&gt;</a>&nbsp;&nbsp;&nbsp;YModem_Receive
<LI><a href="#[4f]">&gt;&gt;</a>&nbsp;&nbsp;&nbsp;UART_UART1_Config
<LI><a href="#[4d]">&gt;&gt;</a>&nbsp;&nbsp;&nbsp;UART_SendDatas
<LI><a href="#[43]">&gt;&gt;</a>&nbsp;&nbsp;&nbsp;IAP_WriteOneWord
<LI><a href="#[5d]">&gt;&gt;</a>&nbsp;&nbsp;&nbsp;IAP_Reset
<LI><a href="#[41]">&gt;&gt;</a>&nbsp;&nbsp;&nbsp;IAP_ReadOneWord
<LI><a href="#[3f]">&gt;&gt;</a>&nbsp;&nbsp;&nbsp;IAP_Erase_512B
<LI><a href="#[5b]">&gt;&gt;</a>&nbsp;&nbsp;&nbsp;Dveice_Init
<LI><a href="#[35]">&gt;&gt;</a>&nbsp;&nbsp;&nbsp;CLOCK_Init
</UL>
<BR>[Called By]<UL><LI><a href="#[2a]">&gt;&gt;</a>&nbsp;&nbsp;&nbsp;__rt_entry_main
</UL>
<P>
<H3>
Local Symbols
</H3>
<P><STRONG><a name="[10]"></a>Default_Handler</STRONG> (Thumb, 2 bytes, Stack size 0 bytes, startup_cms32f033.o(.text))
<BR><BR>[Calls]<UL><LI><a href="#[10]">&gt;&gt;</a>&nbsp;&nbsp;&nbsp;Default_Handler
</UL>
<BR>[Called By]<UL><LI><a href="#[10]">&gt;&gt;</a>&nbsp;&nbsp;&nbsp;Default_Handler
</UL>
<BR>[Address Reference Count : 1]<UL><LI> startup_cms32f033.o(RESET)
</UL><P>
<H3>
Undefined Global Symbols
</H3>
<P><STRONG><a name="[33]"></a>_call_atexit_fns</STRONG> (ARM, 0 bytes, Stack size 0 bytes, UNDEFINED)
<BR><BR>[Called By]<UL><LI><a href="#[2c]">&gt;&gt;</a>&nbsp;&nbsp;&nbsp;exit
</UL>
<HR></body></html>
