<html>
<body>
<pre>
<h1>礦ision Build Log</h1>
<h2>Tool Versions:</h2>
IDE-Version: μVision V5.38.0.0
Copyright (C) 2022 ARM Ltd and ARM Germany GmbH. All rights reserved.
License Information: white honor, null, LIC=X96CK-ZA05H-RAHDM-X4EJ1-8MH3S-249Y0
 
Tool Versions:
Toolchain:       MDK-ARM Plus  Version: 5.38.0.0
Toolchain Path:  D:\Keil_v5\ARM\ARMCC\Bin
C Compiler:      Armcc.exe V5.06 update 7 (build 960)
Assembler:       Armasm.exe V5.06 update 7 (build 960)
Linker/Locator:  ArmLink.exe V5.06 update 7 (build 960)
Library Manager: ArmAr.exe V5.06 update 7 (build 960)
Hex Converter:   FromElf.exe V5.06 update 7 (build 960)
CPU DLL:         SARMCM3.DLL V5.38.0.0
Dialog DLL:      DARMCM1.DLL V1.19.6.0
Target DLL:      Segger\JL2CM3.dll V2.99.42.0
Dialog DLL:      TARMCM1.DLL V1.14.6.0
 
<h2>Project:</h2>
C:\Users\18452\Documents\GitHub-young-whites\microcurrent-beauty-device\remote-code-upgrade\project\CMS32F033.uvprojx
Project File Date:  08/19/2026

<h2>Output:</h2>
*** Using Compiler 'V5.06 update 7 (build 960)', folder: 'D:\Keil_v5\ARM\ARMCC\Bin'
Build target 'Target 1'
compiling app_uart.c...
compiling bsp_usrt.c...
compiling isr.c...
..\user\src\isr.c(131): warning:  #223-D: function "Update_CommandReceive" declared implicitly
        Update_CommandReceive(date);
..\user\src\isr.c: 1 warning, 0 errors
compiling Device_Init.c...
compiling gpioctl.c...
compiling uart.c...
compiling main.c...
..\user\inc\flash_operate.h(56): warning:  #1295-D: Deprecated declaration IAP_CheckAPP - give arg types
  extern uint8_t IAP_CheckAPP();
..\user\inc\flash_operate.h(58): warning:  #1295-D: Deprecated declaration IAP_Remap - give arg types
  extern void IAP_Remap();//将缓存区的代码装载如运行区
..\user\src\main.c(188): warning:  #223-D: function "YModem_Receive" declared implicitly
              YModem_Receive(); 
..\user\src\main.c: 3 warnings, 0 errors
compiling Ymode.c...
..\user\inc\flash_operate.h(56): warning:  #1295-D: Deprecated declaration IAP_CheckAPP - give arg types
  extern uint8_t IAP_CheckAPP();
..\user\inc\flash_operate.h(58): warning:  #1295-D: Deprecated declaration IAP_Remap - give arg types
  extern void IAP_Remap();//将缓存区的代码装载如运行区
..\user\src\Ymode.c(92): warning:  #1293-D: assignment in condition
      while (sendData = *(str++))
..\user\src\Ymode.c(241): warning:  #111-D: statement is unreachable
          break;
..\user\src\Ymode.c(246): warning:  #68-D: integer conversion resulted in a change of sign
                  *length=-1;//接收到中止字符
..\user\src\Ymode.c(254): warning:  #111-D: statement is unreachable
          break;
..\user\src\Ymode.c(258): warning:  #111-D: statement is unreachable
              break;
..\user\src\Ymode.c(342): warning:  #111-D: statement is unreachable
                          break;
..\user\src\Ymode.c(8): warning:  #177-D: variable "cnt"  was declared but never referenced
   static u8 cnt=0;
..\user\src\Ymode.c: 9 warnings, 0 errors
linking...
Program Size: Code=3720 RO-data=224 RW-data=52 ZI-data=2492  
FromELF: creating hex file...
After Build - User command #1: fromelf --bin ".\Objects\CMS32F033.axf" --output ".\Objects\CMS32F033.bin"
".\Objects\CMS32F033.axf" - 0 Error(s), 13 Warning(s).

<h2>Software Packages used:</h2>

Package Vendor: Cmsemicon
                http://www.mcu.com.cn/pack/Cmsemicon.CMS32-Series.1.0.3.pack
                Cmsemicon.CMS32-Series.1.0.3
                Cmsemicon CMS32 Series Device Support

<h2>Collection of Component include folders:</h2>
  D:/Users/teati/AppData/Local/Arm/Packs/Cmsemicon/CMS32-Series/1.0.3/Device/CMS32F033/Include

<h2>Collection of Component Files used:</h2>
Build Time Elapsed:  00:00:02
</pre>
</body>
</html>
