<html>
<body>
<pre>
<h1>礦ision Build Log</h1>
<h2>Tool Versions:</h2>
IDE-Version: μVision V5.28.0.0
Copyright (C) 2019 ARM Ltd and ARM Germany GmbH. All rights reserved.
License Information: 111 122, 213131, LIC=TA301-CJNVY-XABDC-7KWAB-ALN2R-M4CX7
 
Tool Versions:
Toolchain:       MDK-ARM Professional  Version: 5.28.0.0
Toolchain Path:  C:\Keil_v5\ARM\ARMCC\Bin
C Compiler:      Armcc.exe V5.06 update 6 (build 750)
Assembler:       Armasm.exe V5.06 update 6 (build 750)
Linker/Locator:  ArmLink.exe V5.06 update 6 (build 750)
Library Manager: ArmAr.exe V5.06 update 6 (build 750)
Hex Converter:   FromElf.exe V5.06 update 6 (build 750)
CPU DLL:         SARMCM3.DLL V5.28.0.0
Dialog DLL:      DARMCM1.DLL V1.19.2.0
Target DLL:      Segger\JL2CM3.dll V2.99.36.0
Dialog DLL:      TARMCM1.DLL V1.14.1.0
 
<h2>Project:</h2>
C:\Users\zxli\Desktop\PID温控\新建文件夹\test -v1.4\s1_v1.0\project\CMS32F033.uvprojx
Project File Date:  03/22/2024

<h2>Output:</h2>
*** Using Compiler 'V5.06 update 6 (build 750)', folder: 'C:\Keil_v5\ARM\ARMCC\Bin'
Build target 'Target 1'
compiling main.c...
..\user\inc\ch455.h(72): warning:  #1295-D: Deprecated declaration CH455_I2c_Stop - give arg types
  void CH455_I2c_Stop();
..\user\inc\ch455.h(73): warning:  #1295-D: Deprecated declaration CH455_I2c_Start - give arg types
  void CH455_I2c_Start();
..\user\inc\ch455.h(75): warning:  #1-D: last line of file ends without a newline
  #endif	/* CH455_H */
..\user\inc\flash_operate.h(56): warning:  #1295-D: Deprecated declaration IAP_CheckAPP - give arg types
  extern uint8_t IAP_CheckAPP();
..\user\inc\flash_operate.h(58): warning:  #1295-D: Deprecated declaration IAP_Remap - give arg types
  extern void IAP_Remap();//将缓存区的代码装载如运行区
..\user\src\main.c(200): warning:  #223-D: function "YModem_Receive" declared implicitly
              YModem_Receive(); 
..\user\src\main.c: 6 warnings, 0 errors
linking...
Program Size: Code=3720 RO-data=224 RW-data=52 ZI-data=2492  
FromELF: creating hex file...
After Build - User command #1: fromelf --bin ".\Objects\CMS32F033.axf" --output ".\Objects\CMS32F033.bin"
".\Objects\CMS32F033.axf" - 0 Error(s), 6 Warning(s).

<h2>Software Packages used:</h2>

Package Vendor: Cmsemicon
                http://www.mcu.com.cn/pack/Cmsemicon.CMS32-Series.1.0.1.pack
                Cmsemicon.CMS32-Series.1.0.1
                Cmsemicon CMS32 Series Device Support

<h2>Collection of Component include folders:</h2>
  .\RTE\_Target_1
  C:\Users\zxli\AppData\Local\Arm\Packs\Cmsemicon\CMS32-Series\1.0.1\Device\CMS32F033\Include

<h2>Collection of Component Files used:</h2>
Build Time Elapsed:  00:00:01
</pre>
</body>
</html>
