


ARM Macro Assembler    Page 1 


    1 00000000         ;/******************************************************
                       *************************
    2 00000000         ;* Copyright (C) 2019 China Micro Semiconductor Limited 
                       Company. All Rights Reserved.
    3 00000000         ;*
    4 00000000         ;* This software is owned and published by:
    5 00000000         ;* CMS LLC, No 2609-10, Taurus Plaza, TaoyuanRoad, Nansh
                       anDistrict, Shenzhen, China.
    6 00000000         ;*
    7 00000000         ;* BY DOWNLOADING, INSTALLING OR USING THIS SOFTWARE, YO
                       U AGREE TO BE BOUND
    8 00000000         ;* BY ALL THE TERMS AND CONDITIONS OF THIS AGREEMENT.
    9 00000000         ;*
   10 00000000         ;* This software contains source code for use with CMS
   11 00000000         ;* components. This software is licensed by CMS to be ad
                       apted only
   12 00000000         ;* for use in systems utilizing CMS components. CMS shal
                       l not be
   13 00000000         ;* responsible for misuse or illegal use of this softwar
                       e for devices not
   14 00000000         ;* supported herein. CMS is providing this software "AS 
                       IS" and will
   15 00000000         ;* not be responsible for issues arising from incorrect 
                       user implementation
   16 00000000         ;* of the software.
   17 00000000         ;*
   18 00000000         ;* This software may be replicated in part or whole for 
                       the licensed use,
   19 00000000         ;* with the restriction that this Disclaimer and Copyrig
                       ht notice must be
   20 00000000         ;* included with each copy of this software, whether use
                       d in part or whole,
   21 00000000         ;* at all times.
   22 00000000         ;*/
   23 00000000         
   24 00000000         
   25 00000000         ; <h> Stack Configuration
   26 00000000         ;   <o> Stack Size (in Bytes) <0x0-0xFFFFFFFF:8>
   27 00000000         ; </h>
   28 00000000         
   29 00000000 00000800 
                       Stack_Size
                               EQU              0x00000800
   30 00000000         
   31 00000000                 AREA             STACK, NOINIT, READWRITE, ALIGN
=3
   32 00000000         Stack_Mem
                               SPACE            Stack_Size
   33 00000800         __initial_sp
   34 00000800         
   35 00000800         ; <h> Heap Configuration
   36 00000800         ;   <o>  Heap Size (in Bytes) <0x0-0xFFFFFFFF:8>
   37 00000800         ; </h>
   38 00000800         
   39 00000800 00000000 
                       Heap_Size
                               EQU              0x00000000
   40 00000800         
   41 00000800                 AREA             HEAP, NOINIT, READWRITE, ALIGN=



ARM Macro Assembler    Page 2 


3
   42 00000000         __heap_base
   43 00000000         Heap_Mem
                               SPACE            Heap_Size
   44 00000000         __heap_limit
   45 00000000         
   46 00000000         
   47 00000000                 PRESERVE8
   48 00000000                 THUMB
   49 00000000         
   50 00000000         
   51 00000000         ; Vector Table Mapped to Address 0 at Reset
   52 00000000                 AREA             RESET, DATA, READONLY
   53 00000000                 EXPORT           __Vectors
   54 00000000         
   55 00000000 00000000 
                       __Vectors
                               DCD              __initial_sp ; Top of Stack
   56 00000004 00000000        DCD              Reset_Handler ; Reset Handler
   57 00000008 00000000        DCD              NMI_Handler ; NMI Handler
   58 0000000C 00000000        DCD              HardFault_Handler ; Hard Fault 
                                                            Handler
   59 00000010 00000000        DCD              0           ; Reserved
   60 00000014 00000000        DCD              0           ; Reserved
   61 00000018 00000000        DCD              0           ; Reserved
   62 0000001C 00000000        DCD              0           ; Reserved
   63 00000020 00000000        DCD              0           ; Reserved
   64 00000024 00000000        DCD              0           ; Reserved
   65 00000028 00000000        DCD              0           ; Reserved
   66 0000002C 00000000        DCD              SVC_Handler ; SVCall Handler
   67 00000030 00000000        DCD              0           ; Reserved
   68 00000034 00000000        DCD              0           ; Reserved
   69 00000038 00000000        DCD              PendSV_Handler ; PendSV Handler
                                                            
   70 0000003C 00000000        DCD              SysTick_Handler 
                                                            ; SysTick Handler
   71 00000040         
   72 00000040         ; External Interrupts
   73 00000040         ; maximum of 32 External Interrupts are possible
   74 00000040 00000000        DCD              GPIO0_IRQHandler ;  0: GPIO P0 
                                                            interrupt
   75 00000044 00000000        DCD              GPIO1_IRQHandler ;  1: GPIO P1 
                                                            interrupt
   76 00000048 00000000        DCD              GPIO2_IRQHandler ;  2: GPIO P2 
                                                            interrupt
   77 0000004C 00000000        DCD              GPIO3_IRQHandler ;  3: GPIO P3 
                                                            interrupt
   78 00000050 00000000        DCD              GPIO4_IRQHandler ;  4: GPIO P4 
                                                            interrupt
   79 00000054 00000000        DCD              Default_Handler ;  5: Reserved
   80 00000058 00000000        DCD              CCP_IRQHandler ;  6: Capture/PW
                                                            M interrupt
   81 0000005C 00000000        DCD              Default_Handler ;  7:Reserved
   82 00000060 00000000        DCD              Default_Handler ;  8: Reserved
   83 00000064 00000000        DCD              WWDT_IRQHandler ;  9: WWDT inte
                                                            rrupt
   84 00000068 00000000        DCD              EPWM_IRQHandler ; 10: EPWM inte
                                                            rrupt 
   85 0000006C 00000000        DCD              Default_Handler ; 11: Reserved



ARM Macro Assembler    Page 3 


   86 00000070 00000000        DCD              ADC1_IRQHandler ; 12: ADC 1 int
                                                            errupt 
   87 00000074 00000000        DCD              ACMP_IRQHandler ; 13: ACMP inte
                                                            rrupt 
   88 00000078 00000000        DCD              Default_Handler ; 14: Reserved
   89 0000007C 00000000        DCD              UART0_IRQHandler ; 15: UART 0 i
                                                            nterrupt 
   90 00000080 00000000        DCD              UART1_IRQHandler ; 16: UART 1 i
                                                            nterrupt 
   91 00000084 00000000        DCD              Default_Handler ; 17: Reserved
   92 00000088 00000000        DCD              Default_Handler ; 18: Reserved
   93 0000008C 00000000        DCD              TMR0_IRQHandler ; 19: TIMER 0 i
                                                            nterrupt 
   94 00000090 00000000        DCD              TMR1_IRQHandler ; 20: TIMER 1 i
                                                            nterrupt 
   95 00000094 00000000        DCD              Default_Handler ; 21: Reserved
   96 00000098 00000000        DCD              Default_Handler ; 22: Reserved
   97 0000009C 00000000        DCD              WDT_IRQHandler ; 23: WDT  inter
                                                            rupt 
   98 000000A0 00000000        DCD              I2C_IRQHandler ; 24: I2C  inter
                                                            rupt 
   99 000000A4 00000000        DCD              Default_Handler ; 25: Reserved
  100 000000A8 00000000        DCD              SPI_IRQHandler ; 26: SPI interr
                                                            upt 
  101 000000AC 00000000        DCD              Default_Handler ; 27: Reserved
  102 000000B0 00000000        DCD              Default_Handler ; 28: Reserved
  103 000000B4 00000000        DCD              Default_Handler ; 29: Reserved
  104 000000B8 00000000        DCD              Default_Handler ; 30: Reserved
  105 000000BC 00000000        DCD              LVD_IRQHandler ; 31: LVD interr
                                                            upt 
  106 000000C0         
  107 000000C0                 AREA             |.text|, CODE, READONLY
  108 00000000         
  109 00000000         ; Reset Handler
  110 00000000         
  111 00000000         
  112 00000000         Reset_Handler
                               PROC
  113 00000000                 EXPORT           Reset_Handler           [WEAK]
  114 00000000                 IMPORT           SystemInit
  115 00000000                 IMPORT           __main
  116 00000000         
  117 00000000 4807            LDR              R0, =SystemInit
  118 00000002 4780            BLX              R0
  119 00000004 4807            LDR              R0, =__main
  120 00000006 4700            BX               R0
  121 00000008                 ENDP
  122 00000008         
  123 00000008         
  124 00000008         ; Dummy Exception Handlers (infinite loops which can be 
                       modified)
  125 00000008         
  126 00000008         NMI_Handler
                               PROC
  127 00000008                 EXPORT           NMI_Handler             [WEAK]
  128 00000008 E7FE            B                .
  129 0000000A                 ENDP
  131 0000000A         HardFault_Handler
                               PROC



ARM Macro Assembler    Page 4 


  132 0000000A                 EXPORT           HardFault_Handler       [WEAK]
  133 0000000A E7FE            B                .
  134 0000000C                 ENDP
  135 0000000C         SVC_Handler
                               PROC
  136 0000000C                 EXPORT           SVC_Handler             [WEAK]
  137 0000000C E7FE            B                .
  138 0000000E                 ENDP
  139 0000000E         PendSV_Handler
                               PROC
  140 0000000E                 EXPORT           PendSV_Handler          [WEAK]
  141 0000000E E7FE            B                .
  142 00000010                 ENDP
  143 00000010         SysTick_Handler
                               PROC
  144 00000010                 EXPORT           SysTick_Handler         [WEAK]
  145 00000010 E7FE            B                .
  146 00000012                 ENDP
  147 00000012         
  148 00000012         Default_Handler
                               PROC
  149 00000012         
  150 00000012                 EXPORT           GPIO0_IRQHandler        [WEAK]
  151 00000012                 EXPORT           GPIO1_IRQHandler        [WEAK]
  152 00000012                 EXPORT           GPIO2_IRQHandler        [WEAK]
  153 00000012                 EXPORT           GPIO3_IRQHandler        [WEAK]
  154 00000012                 EXPORT           GPIO4_IRQHandler        [WEAK]
  155 00000012                 EXPORT           CCP_IRQHandler          [WEAK]
  156 00000012                 EXPORT           WWDT_IRQHandler        [WEAK]
  157 00000012                 EXPORT           EPWM_IRQHandler         [WEAK]
  158 00000012                 EXPORT           ADC1_IRQHandler         [WEAK]
  159 00000012                 EXPORT           ACMP_IRQHandler         [WEAK]
  160 00000012                 EXPORT           UART0_IRQHandler        [WEAK]
  161 00000012                 EXPORT           UART1_IRQHandler     [WEAK]
  162 00000012                 EXPORT           TMR0_IRQHandler         [WEAK]
  163 00000012                 EXPORT           TMR1_IRQHandler         [WEAK]
  164 00000012                 EXPORT           WDT_IRQHandler          [WEAK]
  165 00000012                 EXPORT           I2C_IRQHandler         [WEAK]
  166 00000012                 EXPORT           SPI_IRQHandler         [WEAK]
  167 00000012                 EXPORT           LVD_IRQHandler         [WEAK]
  168 00000012         
  169 00000012         GPIO0_IRQHandler
  170 00000012         GPIO1_IRQHandler
  171 00000012         GPIO2_IRQHandler
  172 00000012         GPIO3_IRQHandler
  173 00000012         GPIO4_IRQHandler
  174 00000012         CCP_IRQHandler
  175 00000012         WWDT_IRQHandler
  176 00000012         EPWM_IRQHandler
  177 00000012         ADC1_IRQHandler
  178 00000012         ACMP_IRQHandler
  179 00000012         UART0_IRQHandler
  180 00000012         UART1_IRQHandler
  181 00000012         TMR0_IRQHandler
  182 00000012         TMR1_IRQHandler
  183 00000012         WDT_IRQHandler
  184 00000012         I2C_IRQHandler
  185 00000012         SPI_IRQHandler
  186 00000012         LVD_IRQHandler



ARM Macro Assembler    Page 5 


  187 00000012         
  188 00000012 E7FE            B                .
  189 00000014                 ENDP
  190 00000014         
  191 00000014         
  192 00000014                 ALIGN
  193 00000014         
  194 00000014         
  195 00000014         ; User Initial Stack & Heap
  196 00000014         
  197 00000014                 IF               :DEF:__MICROLIB
  204 00000014         
  205 00000014                 IMPORT           __use_two_region_memory
  206 00000014                 EXPORT           __user_initial_stackheap
  207 00000014         __user_initial_stackheap
  208 00000014         
  209 00000014 4804            LDR              R0, =  Heap_Mem
  210 00000016 4905            LDR              R1, = (Stack_Mem + Stack_Size)
  211 00000018 4A03            LDR              R2, = (Heap_Mem +  Heap_Size)
  212 0000001A 4B05            LDR              R3, = Stack_Mem
  213 0000001C 4770            BX               LR
  214 0000001E         
  215 0000001E 00 00           ALIGN
  216 00000020         
  217 00000020                 ENDIF
  218 00000020         
  219 00000020                 END
              00000000 
              00000000 
              00000000 
              00000800 
              00000000 
Command Line: --debug --xref --diag_suppress=9931 --cpu=Cortex-M0 --apcs=interw
ork --depend=.\objects\startup_cms32f033x.d -o.\objects\startup_cms32f033x.o -I
D:\Keil_v5\ARM\PACK\Cmsemicon\CMS32-Series\1.0.3\Device\CMS32F033\Include --pre
define="__UVISION_VERSION SETA 538" --predefine="CMS32F033 SETA 1" --list=.\lis
tings\startup_cms32f033x.lst ..\MDK_Drive_Library\Src\Mcu\startup_cms32f033x.s



ARM Macro Assembler    Page 1 Alphabetic symbol ordering
Relocatable symbols

STACK 00000000

Symbol: STACK
   Definitions
      At line 31 in file ..\MDK_Drive_Library\Src\Mcu\startup_cms32f033x.s
   Uses
      None
Comment: STACK unused
Stack_Mem 00000000

Symbol: Stack_Mem
   Definitions
      At line 32 in file ..\MDK_Drive_Library\Src\Mcu\startup_cms32f033x.s
   Uses
      At line 210 in file ..\MDK_Drive_Library\Src\Mcu\startup_cms32f033x.s
      At line 212 in file ..\MDK_Drive_Library\Src\Mcu\startup_cms32f033x.s

__initial_sp 00000800

Symbol: __initial_sp
   Definitions
      At line 33 in file ..\MDK_Drive_Library\Src\Mcu\startup_cms32f033x.s
   Uses
      At line 55 in file ..\MDK_Drive_Library\Src\Mcu\startup_cms32f033x.s
Comment: __initial_sp used once
3 symbols



ARM Macro Assembler    Page 1 Alphabetic symbol ordering
Relocatable symbols

HEAP 00000000

Symbol: HEAP
   Definitions
      At line 41 in file ..\MDK_Drive_Library\Src\Mcu\startup_cms32f033x.s
   Uses
      None
Comment: HEAP unused
Heap_Mem 00000000

Symbol: Heap_Mem
   Definitions
      At line 43 in file ..\MDK_Drive_Library\Src\Mcu\startup_cms32f033x.s
   Uses
      At line 209 in file ..\MDK_Drive_Library\Src\Mcu\startup_cms32f033x.s
      At line 211 in file ..\MDK_Drive_Library\Src\Mcu\startup_cms32f033x.s

__heap_base 00000000

Symbol: __heap_base
   Definitions
      At line 42 in file ..\MDK_Drive_Library\Src\Mcu\startup_cms32f033x.s
   Uses
      None
Comment: __heap_base unused
__heap_limit 00000000

Symbol: __heap_limit
   Definitions
      At line 44 in file ..\MDK_Drive_Library\Src\Mcu\startup_cms32f033x.s
   Uses
      None
Comment: __heap_limit unused
4 symbols



ARM Macro Assembler    Page 1 Alphabetic symbol ordering
Relocatable symbols

RESET 00000000

Symbol: RESET
   Definitions
      At line 52 in file ..\MDK_Drive_Library\Src\Mcu\startup_cms32f033x.s
   Uses
      None
Comment: RESET unused
__Vectors 00000000

Symbol: __Vectors
   Definitions
      At line 55 in file ..\MDK_Drive_Library\Src\Mcu\startup_cms32f033x.s
   Uses
      At line 53 in file ..\MDK_Drive_Library\Src\Mcu\startup_cms32f033x.s
Comment: __Vectors used once
2 symbols



ARM Macro Assembler    Page 1 Alphabetic symbol ordering
Relocatable symbols

.text 00000000

Symbol: .text
   Definitions
      At line 107 in file ..\MDK_Drive_Library\Src\Mcu\startup_cms32f033x.s
   Uses
      None
Comment: .text unused
ACMP_IRQHandler 00000012

Symbol: ACMP_IRQHandler
   Definitions
      At line 178 in file ..\MDK_Drive_Library\Src\Mcu\startup_cms32f033x.s
   Uses
      At line 87 in file ..\MDK_Drive_Library\Src\Mcu\startup_cms32f033x.s
      At line 159 in file ..\MDK_Drive_Library\Src\Mcu\startup_cms32f033x.s

ADC1_IRQHandler 00000012

Symbol: ADC1_IRQHandler
   Definitions
      At line 177 in file ..\MDK_Drive_Library\Src\Mcu\startup_cms32f033x.s
   Uses
      At line 86 in file ..\MDK_Drive_Library\Src\Mcu\startup_cms32f033x.s
      At line 158 in file ..\MDK_Drive_Library\Src\Mcu\startup_cms32f033x.s

CCP_IRQHandler 00000012

Symbol: CCP_IRQHandler
   Definitions
      At line 174 in file ..\MDK_Drive_Library\Src\Mcu\startup_cms32f033x.s
   Uses
      At line 80 in file ..\MDK_Drive_Library\Src\Mcu\startup_cms32f033x.s
      At line 155 in file ..\MDK_Drive_Library\Src\Mcu\startup_cms32f033x.s

Default_Handler 00000012

Symbol: Default_Handler
   Definitions
      At line 148 in file ..\MDK_Drive_Library\Src\Mcu\startup_cms32f033x.s
   Uses
      At line 79 in file ..\MDK_Drive_Library\Src\Mcu\startup_cms32f033x.s
      At line 81 in file ..\MDK_Drive_Library\Src\Mcu\startup_cms32f033x.s
      At line 82 in file ..\MDK_Drive_Library\Src\Mcu\startup_cms32f033x.s
      At line 85 in file ..\MDK_Drive_Library\Src\Mcu\startup_cms32f033x.s
      At line 88 in file ..\MDK_Drive_Library\Src\Mcu\startup_cms32f033x.s
      At line 91 in file ..\MDK_Drive_Library\Src\Mcu\startup_cms32f033x.s
      At line 92 in file ..\MDK_Drive_Library\Src\Mcu\startup_cms32f033x.s
      At line 95 in file ..\MDK_Drive_Library\Src\Mcu\startup_cms32f033x.s
      At line 96 in file ..\MDK_Drive_Library\Src\Mcu\startup_cms32f033x.s
      At line 99 in file ..\MDK_Drive_Library\Src\Mcu\startup_cms32f033x.s
      At line 101 in file ..\MDK_Drive_Library\Src\Mcu\startup_cms32f033x.s
      At line 102 in file ..\MDK_Drive_Library\Src\Mcu\startup_cms32f033x.s
      At line 103 in file ..\MDK_Drive_Library\Src\Mcu\startup_cms32f033x.s
      At line 104 in file ..\MDK_Drive_Library\Src\Mcu\startup_cms32f033x.s

EPWM_IRQHandler 00000012

Symbol: EPWM_IRQHandler



ARM Macro Assembler    Page 2 Alphabetic symbol ordering
Relocatable symbols

   Definitions
      At line 176 in file ..\MDK_Drive_Library\Src\Mcu\startup_cms32f033x.s
   Uses
      At line 84 in file ..\MDK_Drive_Library\Src\Mcu\startup_cms32f033x.s
      At line 157 in file ..\MDK_Drive_Library\Src\Mcu\startup_cms32f033x.s

GPIO0_IRQHandler 00000012

Symbol: GPIO0_IRQHandler
   Definitions
      At line 169 in file ..\MDK_Drive_Library\Src\Mcu\startup_cms32f033x.s
   Uses
      At line 74 in file ..\MDK_Drive_Library\Src\Mcu\startup_cms32f033x.s
      At line 150 in file ..\MDK_Drive_Library\Src\Mcu\startup_cms32f033x.s

GPIO1_IRQHandler 00000012

Symbol: GPIO1_IRQHandler
   Definitions
      At line 170 in file ..\MDK_Drive_Library\Src\Mcu\startup_cms32f033x.s
   Uses
      At line 75 in file ..\MDK_Drive_Library\Src\Mcu\startup_cms32f033x.s
      At line 151 in file ..\MDK_Drive_Library\Src\Mcu\startup_cms32f033x.s

GPIO2_IRQHandler 00000012

Symbol: GPIO2_IRQHandler
   Definitions
      At line 171 in file ..\MDK_Drive_Library\Src\Mcu\startup_cms32f033x.s
   Uses
      At line 76 in file ..\MDK_Drive_Library\Src\Mcu\startup_cms32f033x.s
      At line 152 in file ..\MDK_Drive_Library\Src\Mcu\startup_cms32f033x.s

GPIO3_IRQHandler 00000012

Symbol: GPIO3_IRQHandler
   Definitions
      At line 172 in file ..\MDK_Drive_Library\Src\Mcu\startup_cms32f033x.s
   Uses
      At line 77 in file ..\MDK_Drive_Library\Src\Mcu\startup_cms32f033x.s
      At line 153 in file ..\MDK_Drive_Library\Src\Mcu\startup_cms32f033x.s

GPIO4_IRQHandler 00000012

Symbol: GPIO4_IRQHandler
   Definitions
      At line 173 in file ..\MDK_Drive_Library\Src\Mcu\startup_cms32f033x.s
   Uses
      At line 78 in file ..\MDK_Drive_Library\Src\Mcu\startup_cms32f033x.s
      At line 154 in file ..\MDK_Drive_Library\Src\Mcu\startup_cms32f033x.s

HardFault_Handler 0000000A

Symbol: HardFault_Handler
   Definitions
      At line 131 in file ..\MDK_Drive_Library\Src\Mcu\startup_cms32f033x.s
   Uses
      At line 58 in file ..\MDK_Drive_Library\Src\Mcu\startup_cms32f033x.s
      At line 132 in file ..\MDK_Drive_Library\Src\Mcu\startup_cms32f033x.s



ARM Macro Assembler    Page 3 Alphabetic symbol ordering
Relocatable symbols


I2C_IRQHandler 00000012

Symbol: I2C_IRQHandler
   Definitions
      At line 184 in file ..\MDK_Drive_Library\Src\Mcu\startup_cms32f033x.s
   Uses
      At line 98 in file ..\MDK_Drive_Library\Src\Mcu\startup_cms32f033x.s
      At line 165 in file ..\MDK_Drive_Library\Src\Mcu\startup_cms32f033x.s

LVD_IRQHandler 00000012

Symbol: LVD_IRQHandler
   Definitions
      At line 186 in file ..\MDK_Drive_Library\Src\Mcu\startup_cms32f033x.s
   Uses
      At line 105 in file ..\MDK_Drive_Library\Src\Mcu\startup_cms32f033x.s
      At line 167 in file ..\MDK_Drive_Library\Src\Mcu\startup_cms32f033x.s

NMI_Handler 00000008

Symbol: NMI_Handler
   Definitions
      At line 126 in file ..\MDK_Drive_Library\Src\Mcu\startup_cms32f033x.s
   Uses
      At line 57 in file ..\MDK_Drive_Library\Src\Mcu\startup_cms32f033x.s
      At line 127 in file ..\MDK_Drive_Library\Src\Mcu\startup_cms32f033x.s

PendSV_Handler 0000000E

Symbol: PendSV_Handler
   Definitions
      At line 139 in file ..\MDK_Drive_Library\Src\Mcu\startup_cms32f033x.s
   Uses
      At line 69 in file ..\MDK_Drive_Library\Src\Mcu\startup_cms32f033x.s
      At line 140 in file ..\MDK_Drive_Library\Src\Mcu\startup_cms32f033x.s

Reset_Handler 00000000

Symbol: Reset_Handler
   Definitions
      At line 112 in file ..\MDK_Drive_Library\Src\Mcu\startup_cms32f033x.s
   Uses
      At line 56 in file ..\MDK_Drive_Library\Src\Mcu\startup_cms32f033x.s
      At line 113 in file ..\MDK_Drive_Library\Src\Mcu\startup_cms32f033x.s

SPI_IRQHandler 00000012

Symbol: SPI_IRQHandler
   Definitions
      At line 185 in file ..\MDK_Drive_Library\Src\Mcu\startup_cms32f033x.s
   Uses
      At line 100 in file ..\MDK_Drive_Library\Src\Mcu\startup_cms32f033x.s
      At line 166 in file ..\MDK_Drive_Library\Src\Mcu\startup_cms32f033x.s

SVC_Handler 0000000C

Symbol: SVC_Handler
   Definitions



ARM Macro Assembler    Page 4 Alphabetic symbol ordering
Relocatable symbols

      At line 135 in file ..\MDK_Drive_Library\Src\Mcu\startup_cms32f033x.s
   Uses
      At line 66 in file ..\MDK_Drive_Library\Src\Mcu\startup_cms32f033x.s
      At line 136 in file ..\MDK_Drive_Library\Src\Mcu\startup_cms32f033x.s

SysTick_Handler 00000010

Symbol: SysTick_Handler
   Definitions
      At line 143 in file ..\MDK_Drive_Library\Src\Mcu\startup_cms32f033x.s
   Uses
      At line 70 in file ..\MDK_Drive_Library\Src\Mcu\startup_cms32f033x.s
      At line 144 in file ..\MDK_Drive_Library\Src\Mcu\startup_cms32f033x.s

TMR0_IRQHandler 00000012

Symbol: TMR0_IRQHandler
   Definitions
      At line 181 in file ..\MDK_Drive_Library\Src\Mcu\startup_cms32f033x.s
   Uses
      At line 93 in file ..\MDK_Drive_Library\Src\Mcu\startup_cms32f033x.s
      At line 162 in file ..\MDK_Drive_Library\Src\Mcu\startup_cms32f033x.s

TMR1_IRQHandler 00000012

Symbol: TMR1_IRQHandler
   Definitions
      At line 182 in file ..\MDK_Drive_Library\Src\Mcu\startup_cms32f033x.s
   Uses
      At line 94 in file ..\MDK_Drive_Library\Src\Mcu\startup_cms32f033x.s
      At line 163 in file ..\MDK_Drive_Library\Src\Mcu\startup_cms32f033x.s

UART0_IRQHandler 00000012

Symbol: UART0_IRQHandler
   Definitions
      At line 179 in file ..\MDK_Drive_Library\Src\Mcu\startup_cms32f033x.s
   Uses
      At line 89 in file ..\MDK_Drive_Library\Src\Mcu\startup_cms32f033x.s
      At line 160 in file ..\MDK_Drive_Library\Src\Mcu\startup_cms32f033x.s

UART1_IRQHandler 00000012

Symbol: UART1_IRQHandler
   Definitions
      At line 180 in file ..\MDK_Drive_Library\Src\Mcu\startup_cms32f033x.s
   Uses
      At line 90 in file ..\MDK_Drive_Library\Src\Mcu\startup_cms32f033x.s
      At line 161 in file ..\MDK_Drive_Library\Src\Mcu\startup_cms32f033x.s

WDT_IRQHandler 00000012

Symbol: WDT_IRQHandler
   Definitions
      At line 183 in file ..\MDK_Drive_Library\Src\Mcu\startup_cms32f033x.s
   Uses
      At line 97 in file ..\MDK_Drive_Library\Src\Mcu\startup_cms32f033x.s
      At line 164 in file ..\MDK_Drive_Library\Src\Mcu\startup_cms32f033x.s




ARM Macro Assembler    Page 5 Alphabetic symbol ordering
Relocatable symbols

WWDT_IRQHandler 00000012

Symbol: WWDT_IRQHandler
   Definitions
      At line 175 in file ..\MDK_Drive_Library\Src\Mcu\startup_cms32f033x.s
   Uses
      At line 83 in file ..\MDK_Drive_Library\Src\Mcu\startup_cms32f033x.s
      At line 156 in file ..\MDK_Drive_Library\Src\Mcu\startup_cms32f033x.s

__user_initial_stackheap 00000014

Symbol: __user_initial_stackheap
   Definitions
      At line 207 in file ..\MDK_Drive_Library\Src\Mcu\startup_cms32f033x.s
   Uses
      At line 206 in file ..\MDK_Drive_Library\Src\Mcu\startup_cms32f033x.s
Comment: __user_initial_stackheap used once
27 symbols



ARM Macro Assembler    Page 1 Alphabetic symbol ordering
Absolute symbols

Heap_Size 00000000

Symbol: Heap_Size
   Definitions
      At line 39 in file ..\MDK_Drive_Library\Src\Mcu\startup_cms32f033x.s
   Uses
      At line 43 in file ..\MDK_Drive_Library\Src\Mcu\startup_cms32f033x.s
      At line 211 in file ..\MDK_Drive_Library\Src\Mcu\startup_cms32f033x.s

Stack_Size 00000800

Symbol: Stack_Size
   Definitions
      At line 29 in file ..\MDK_Drive_Library\Src\Mcu\startup_cms32f033x.s
   Uses
      At line 32 in file ..\MDK_Drive_Library\Src\Mcu\startup_cms32f033x.s
      At line 210 in file ..\MDK_Drive_Library\Src\Mcu\startup_cms32f033x.s

2 symbols



ARM Macro Assembler    Page 1 Alphabetic symbol ordering
External symbols

SystemInit 00000000

Symbol: SystemInit
   Definitions
      At line 114 in file ..\MDK_Drive_Library\Src\Mcu\startup_cms32f033x.s
   Uses
      At line 117 in file ..\MDK_Drive_Library\Src\Mcu\startup_cms32f033x.s
Comment: SystemInit used once
__main 00000000

Symbol: __main
   Definitions
      At line 115 in file ..\MDK_Drive_Library\Src\Mcu\startup_cms32f033x.s
   Uses
      At line 119 in file ..\MDK_Drive_Library\Src\Mcu\startup_cms32f033x.s
Comment: __main used once
__use_two_region_memory 00000000

Symbol: __use_two_region_memory
   Definitions
      At line 205 in file ..\MDK_Drive_Library\Src\Mcu\startup_cms32f033x.s
   Uses
      None
Comment: __use_two_region_memory unused
3 symbols
377 symbols in table
